{"Resource": {"service.name": "kafka"}, "Attributes": {"monitoring_services.filename": "/var/log/kafka/kafkaServer-gc.log"}, "Body": "[2026-02-01T06:43:53.018+0530][gc,heap     ] GC(678) Old regions: 8->8\n", "SeverityText": ""}
{"Resource": {"service.name": "kafka"}, "Attributes": {"monitoring_services.filename": "/var/log/kafka/kafkaServer-gc.log"}, "Body": "[2026-02-01T06:43:53.018+0530][gc,heap     ] GC(678) Humongous regions: 33->33\n", "SeverityText": ""}
{"Resource": {"service.name": "kafka"}, "Attributes": {"monitoring_services.filename": "/var/log/kafka/kafkaServer-gc.log"}, "Body": "[2026-02-01T06:43:53.018+0530][gc          ] GC(678) Pause Young (Normal) (G1 Evacuation Pause) 3847M->175M(6144M) 5.083ms\n", "SeverityText": ""}
{"Resource": {"service.name": "kafka"}, "Attributes": {"monitoring_services.filename": "/var/log/kafka/controller.log"}, "Body": "[2026-02-01 06:44:51,726] TRACE [Controller id=1001] Checking need to trigger auto leader balancing (kafka.controller.KafkaController)\n", "SeverityText": ""}
{"Resource": {"service.name": "kafka"}, "Attributes": {"monitoring_services.filename": "/var/log/kafka/controller.log"}, "Body": "[2026-02-01 06:44:51,726] DEBUG [Controller id=1001] Topics not in preferred replica for broker 1001 HashMap() (kafka.controller.KafkaController)\n", "SeverityText": "debug"}
{"Resource": {"service.name": "kafka"}, "Attributes": {"monitoring_services.filename": "/var/log/kafka/controller.log"}, "Body": "[2026-02-01 06:44:51,726] TRACE [Controller id=1001] Leader imbalance ratio for broker 1001 is 0.0 (kafka.controller.KafkaController)\n", "SeverityText": ""}
{"Resource": {"service.name": "kafka"}, "Attributes": {"monitoring_services.filename": "/var/log/kafka/controller.log"}, "Body": "[2026-02-01 06:44:51,726] DEBUG [Controller id=1001] Topics not in preferred replica for broker 1002 HashMap() (kafka.controller.KafkaController)\n", "SeverityText": "debug"}
{"Resource": {"service.name": "kafka"}, "Attributes": {"monitoring_services.filename": "/var/log/kafka/controller.log"}, "Body": "[2026-02-01 06:44:51,726] TRACE [Controller id=1001] Leader imbalance ratio for broker 1002 is 0.0 (kafka.controller.KafkaController)\n", "SeverityText": ""}
{"Resource": {"service.name": "kafka"}, "Attributes": {"monitoring_services.filename": "/var/log/kafka/controller.log"}, "Body": "[2026-02-01 06:44:51,726] DEBUG [Controller id=1001] Topics not in preferred replica for broker 1003 HashMap() (kafka.controller.KafkaController)\n", "SeverityText": "debug"}
{"Resource": {"service.name": "kafka"}, "Attributes": {"monitoring_services.filename": "/var/log/kafka/controller.log"}, "Body": "[2026-02-01 06:44:51,726] TRACE [Controller id=1001] Leader imbalance ratio for broker 1003 is 0.0 (kafka.controller.KafkaController)\n", "SeverityText": ""}
{"Resource": {"service.name": "kafka"}, "Attributes": {"monitoring_services.filename": "/var/log/kafka/controller.log"}, "Body": "[2026-02-01 06:44:51,726] DEBUG [Controller id=1001] Topics not in preferred replica for broker 1004 HashMap() (kafka.controller.KafkaController)\n", "SeverityText": "debug"}
{"Resource": {"service.name": "opensearch"}, "Attributes": {"monitoring_services.filename": "/var/log/opensearch/hpc_monitoring.log"}, "Body": "[2026-02-01T06:45:42,371][INFO ][o.o.j.s.JobSweeper       ] [leader1] Running full sweep\n", "SeverityText": "info"}
{"Resource": {"service.name": "opensearch"}, "Attributes": {"monitoring_services.filename": "/var/log/opensearch/hpc_monitoring.log"}, "Body": "[2026-02-01T06:46:00,035][INFO ][o.o.j.s.JobSweeper       ] [admin] Running full sweep\n", "SeverityText": "info"}
{"Resource": {"service.name": "opensearch"}, "Attributes": {"monitoring_services.filename": "/var/log/opensearch/hpc_monitoring.log"}, "Body": "[2026-02-01T06:46:24,390][INFO ][o.o.j.s.JobSweeper       ] [leader2] Running full sweep\n", "SeverityText": "info"}
{"Resource": {"service.name": "kafka"}, "Attributes": {"monitoring_services.filename": "/var/log/kafka/kafkaServer-gc.log"}, "Body": "[2026-02-01T06:47:48.309+0530][gc,start    ] GC(668) Pause Young (Normal) (G1 Evacuation Pause)\n", "SeverityText": ""}
{"Resource": {"service.name": "kafka"}, "Attributes": {"monitoring_services.filename": "/var/log/kafka/kafkaServer-gc.log"}, "Body": "[2026-02-01T06:47:48.309+0530][gc,task     ] GC(668) Using 33 workers of 33 for evacuation\n", "SeverityText": ""}
{"Resource": {"service.name": "kafka"}, "Attributes": {"monitoring_services.filename": "/var/log/kafka/kafkaServer-gc.log"}, "Body": "[2026-02-01T06:47:48.314+0530][gc,phases   ] GC(668)   Pre Evacuate Collection Set: 0.2ms\n", "SeverityText": ""}
{"Resource": {"service.name": "kafka"}, "Attributes": {"monitoring_services.filename": "/var/log/kafka/kafkaServer-gc.log"}, "Body": "[2026-02-01T06:47:48.314+0530][gc,phases   ] GC(668)   Merge Heap Roots: 0.3ms\n", "SeverityText": ""}
{"Resource": {"service.name": "kafka"}, "Attributes": {"monitoring_services.filename": "/var/log/kafka/kafkaServer-gc.log"}, "Body": "[2026-02-01T06:47:48.314+0530][gc,phases   ] GC(668)   Evacuate Collection Set: 3.6ms\n", "SeverityText": ""}
{"Resource": {"service.name": "kafka"}, "Attributes": {"monitoring_services.filename": "/var/log/kafka/kafkaServer-gc.log"}, "Body": "[2026-02-01T06:47:48.314+0530][gc,phases   ] GC(668)   Post Evacuate Collection Set: 1.2ms\n", "SeverityText": ""}
{"Resource": {"service.name": "kafka"}, "Attributes": {"monitoring_services.filename": "/var/log/kafka/kafkaServer-gc.log"}, "Body": "[2026-02-01T06:47:48.314+0530][gc,heap     ] GC(668) Survivor regions: 2->3(116)\n", "SeverityText": ""}
{"Resource": {"service.name": "kafka"}, "Attributes": {"monitoring_services.filename": "/var/log/kafka/kafkaServer-gc.log"}, "Body": "[2026-02-01T06:47:48.314+0530][gc,heap     ] GC(668) Old regions: 8->8\n", "SeverityText": ""}
{"Resource": {"service.name": "kafka"}, "Attributes": {"monitoring_services.filename": "/var/log/kafka/kafkaServer-gc.log"}, "Body": "[2026-02-01T06:47:48.314+0530][gc,heap     ] GC(668) Humongous regions: 33->33\n", "SeverityText": ""}
{"Resource": {"service.name": "kafka"}, "Attributes": {"monitoring_services.filename": "/var/log/kafka/kafkaServer-gc.log"}, "Body": "[2026-02-01T06:47:48.314+0530][gc,metaspace] GC(668) Metaspace: 50345K(51136K)->50345K(51136K) NonClass: 44716K(45120K)->44716K(45120K) Class: 5629K(6016K)->5629K(6016K)\n", "SeverityText": ""}
{"Resource": {"service.name": "kafka"}, "Attributes": {"monitoring_services.filename": "/var/log/kafka/kafkaServer-gc.log"}, "Body": "[2026-02-01T06:47:48.314+0530][gc          ] GC(668) Pause Young (Normal) (G1 Evacuation Pause) 3848M->173M(6144M) 5.602ms\n", "SeverityText": ""}
{"Resource": {"service.name": "kafka"}, "Attributes": {"monitoring_services.filename": "/var/log/kafka/kafkaServer-gc.log"}, "Body": "[2026-02-01T06:47:48.314+0530][gc,cpu      ] GC(668) User=0.13s Sys=0.00s Real=0.01s\n", "SeverityText": ""}
{"Resource": {"service.name": "kafka"}, "Attributes": {"monitoring_services.filename": "/var/log/kafka/kafkaServer-gc.log"}, "Body": "[2026-02-01T06:48:05.152+0530][gc,start    ] GC(736) Pause Young (Normal) (G1 Evacuation Pause)\n", "SeverityText": ""}
{"Resource": {"service.name": "kafka"}, "Attributes": {"monitoring_services.filename": "/var/log/kafka/kafkaServer-gc.log"}, "Body": "[2026-02-01T06:48:05.156+0530][gc,heap     ] GC(736) Archive regions: 2->2\n", "SeverityText": ""}
{"Resource": {"service.name": "kafka"}, "Attributes": {"monitoring_services.filename": "/var/log/kafka/kafkaServer-gc.log"}, "Body": "[2026-02-01T06:48:05.156+0530][gc,cpu      ] GC(736) User=0.08s Sys=0.03s Real=0.00s\n", "SeverityText": ""}
{"Resource": {"service.name": "kafka"}, "Attributes": {"monitoring_services.filename": "/var/log/kafka/controller.log"}, "Body": "[2026-02-01 06:49:51,727] TRACE [Controller id=1001] Checking need to trigger auto leader balancing (kafka.controller.KafkaController)\n", "SeverityText": ""}
{"Resource": {"service.name": "kafka"}, "Attributes": {"monitoring_services.filename": "/var/log/kafka/controller.log"}, "Body": "[2026-02-01 06:49:51,727] DEBUG [Controller id=1001] Topics not in preferred replica for broker 1001 HashMap() (kafka.controller.KafkaController)\n", "SeverityText": "debug"}
{"Resource": {"service.name": "kafka"}, "Attributes": {"monitoring_services.filename": "/var/log/kafka/controller.log"}, "Body": "[2026-02-01 06:49:51,727] TRACE [Controller id=1001] Leader imbalance ratio for broker 1001 is 0.0 (kafka.controller.KafkaController)\n", "SeverityText": ""}
{"Resource": {"service.name": "kafka"}, "Attributes": {"monitoring_services.filename": "/var/log/kafka/controller.log"}, "Body": "[2026-02-01 06:49:51,727] TRACE [Controller id=1001] Leader imbalance ratio for broker 1002 is 0.0 (kafka.controller.KafkaController)\n", "SeverityText": ""}
{"Resource": {"service.name": "kafka"}, "Attributes": {"monitoring_services.filename": "/var/log/kafka/controller.log"}, "Body": "[2026-02-01 06:49:51,727] TRACE [Controller id=1001] Leader imbalance ratio for broker 1003 is 0.0 (kafka.controller.KafkaController)\n", "SeverityText": ""}
{"Resource": {"service.name": "kafka"}, "Attributes": {"monitoring_services.filename": "/var/log/kafka/controller.log"}, "Body": "[2026-02-01 06:49:51,727] TRACE [Controller id=1001] Leader imbalance ratio for broker 1004 is 0.0 (kafka.controller.KafkaController)\n", "SeverityText": ""}
{"Resource": {"service.name": "opensearch"}, "Attributes": {"monitoring_services.filename": "/var/log/opensearch/hpc_monitoring.log"}, "Body": "[2026-02-01T06:50:45,950][INFO ][o.o.t.t.CronTransportAction] [leader3] Start running hourly cron.\n", "SeverityText": "info"}
{"Resource": {"service.name": "opensearch"}, "Attributes": {"monitoring_services.filename": "/var/log/opensearch/hpc_monitoring.log"}, "Body": "[2026-02-01T06:50:45,950][INFO ][o.o.t.t.CronTransportAction] [admin] Start running hourly cron.\n", "SeverityText": "info"}
{"Resource": {"service.name": "opensearch"}, "Attributes": {"monitoring_services.filename": "/var/log/opensearch/hpc_monitoring.log"}, "Body": "[2026-02-01T06:51:00,036][INFO ][o.o.j.s.JobSweeper       ] [admin] Running full sweep\n", "SeverityText": "info"}
{"Resource": {"service.name": "kafka"}, "Attributes": {"monitoring_services.filename": "/var/log/kafka/kafkaServer-gc.log"}, "Body": "[2026-02-01T06:51:05.692+0530][gc,start    ] GC(689) Pause Young (Normal) (G1 Evacuation Pause)\n", "SeverityText": ""}
{"Resource": {"service.name": "kafka"}, "Attributes": {"monitoring_services.filename": "/var/log/kafka/kafkaServer-gc.log"}, "Body": "[2026-02-01T06:51:05.692+0530][gc,task     ] GC(689) Using 33 workers of 33 for evacuation\n", "SeverityText": ""}
{"Resource": {"service.name": "kafka"}, "Attributes": {"monitoring_services.filename": "/var/log/kafka/kafkaServer-gc.log"}, "Body": "[2026-02-01T06:51:05.697+0530][gc,phases   ] GC(689)   Pre Evacuate Collection Set: 0.3ms\n", "SeverityText": ""}
{"Resource": {"service.name": "kafka"}, "Attributes": {"monitoring_services.filename": "/var/log/kafka/kafkaServer-gc.log"}, "Body": "[2026-02-01T06:51:05.697+0530][gc,phases   ] GC(689)   Merge Heap Roots: 0.4ms\n", "SeverityText": ""}
{"Resource": {"service.name": "kafka"}, "Attributes": {"monitoring_services.filename": "/var/log/kafka/kafkaServer-gc.log"}, "Body": "[2026-02-01T06:51:05.697+0530][gc,phases   ] GC(689)   Post Evacuate Collection Set: 1.2ms\n", "SeverityText": ""}
{"Resource": {"service.name": "kafka"}, "Attributes": {"monitoring_services.filename": "/var/log/kafka/kafkaServer-gc.log"}, "Body": "[2026-02-01T06:51:05.697+0530][gc,heap     ] GC(689) Eden regions: 918->0(918)\n", "SeverityText": ""}
{"Resource": {"service.name": "kafka"}, "Attributes": {"monitoring_services.filename": "/var/log/kafka/kafkaServer-gc.log"}, "Body": "[2026-02-01T06:51:05.697+0530][gc,heap     ] GC(689) Old regions: 8->8\n", "SeverityText": ""}
{"Resource": {"service.name": "kafka"}, "Attributes": {"monitoring_services.filename": "/var/log/kafka/kafkaServer-gc.log"}, "Body": "[2026-02-01T06:51:05.697+0530][gc,heap     ] GC(689) Humongous regions: 33->33\n", "SeverityText": ""}
{"Resource": {"service.name": "kafka"}, "Attributes": {"monitoring_services.filename": "/var/log/kafka/kafkaServer-gc.log"}, "Body": "[2026-02-01T06:51:05.697+0530][gc          ] GC(689) Pause Young (Normal) (G1 Evacuation Pause) 3847M->174M(6144M) 5.868ms\n", "SeverityText": ""}
{"Resource": {"service.name": "kafka"}, "Attributes": {"monitoring_services.filename": "/var/log/kafka/kafkaServer-gc.log"}, "Body": "[2026-02-01T06:53:52.953+0530][gc,start    ] GC(679) Pause Young (Normal) (G1 Evacuation Pause)\n", "SeverityText": ""}
{"Resource": {"service.name": "kafka"}, "Attributes": {"monitoring_services.filename": "/var/log/kafka/kafkaServer-gc.log"}, "Body": "[2026-02-01T06:53:52.953+0530][gc,task     ] GC(679) Using 33 workers of 33 for evacuation\n", "SeverityText": ""}
{"Resource": {"service.name": "kafka"}, "Attributes": {"monitoring_services.filename": "/var/log/kafka/kafkaServer-gc.log"}, "Body": "[2026-02-01T06:53:52.959+0530][gc,phases   ] GC(679)   Pre Evacuate Collection Set: 0.3ms\n", "SeverityText": ""}
{"Resource": {"service.name": "kafka"}, "Attributes": {"monitoring_services.filename": "/var/log/kafka/kafkaServer-gc.log"}, "Body": "[2026-02-01T06:53:52.959+0530][gc,phases   ] GC(679)   Evacuate Collection Set: 3.9ms\n", "SeverityText": ""}
{"Resource": {"service.name": "kafka"}, "Attributes": {"monitoring_services.filename": "/var/log/kafka/kafkaServer-gc.log"}, "Body": "[2026-02-01T06:53:52.959+0530][gc,phases   ] GC(679)   Other: 0.3ms\n", "SeverityText": ""}
{"Resource": {"service.name": "kafka"}, "Attributes": {"monitoring_services.filename": "/var/log/kafka/kafkaServer-gc.log"}, "Body": "[2026-02-01T06:53:52.959+0530][gc,heap     ] GC(679) Survivor regions: 3->3(116)\n", "SeverityText": ""}
{"Resource": {"service.name": "kafka"}, "Attributes": {"monitoring_services.filename": "/var/log/kafka/kafkaServer-gc.log"}, "Body": "[2026-02-01T06:53:52.959+0530][gc,heap     ] GC(679) Archive regions: 2->2\n", "SeverityText": ""}
{"Resource": {"service.name": "kafka"}, "Attributes": {"monitoring_services.filename": "/var/log/kafka/kafkaServer-gc.log"}, "Body": "[2026-02-01T06:53:52.959+0530][gc,metaspace] GC(679) Metaspace: 50667K(51456K)->50667K(51456K) NonClass: 45006K(45440K)->45006K(45440K) Class: 5661K(6016K)->5661K(6016K)\n", "SeverityText": ""}
{"Resource": {"service.name": "kafka"}, "Attributes": {"monitoring_services.filename": "/var/log/kafka/kafkaServer-gc.log"}, "Body": "[2026-02-01T06:53:52.959+0530][gc,cpu      ] GC(679) User=0.14s Sys=0.01s Real=0.01s\n", "SeverityText": ""}
{"Resource": {"service.name": "kafka"}, "Attributes": {"monitoring_services.filename": "/var/log/kafka/controller.log"}, "Body": "[2026-02-01 06:54:51,728] TRACE [Controller id=1001] Checking need to trigger auto leader balancing (kafka.controller.KafkaController)\n", "SeverityText": ""}
{"Resource": {"service.name": "kafka"}, "Attributes": {"monitoring_services.filename": "/var/log/kafka/controller.log"}, "Body": "[2026-02-01 06:54:51,728] DEBUG [Controller id=1001] Topics not in preferred replica for broker 1001 HashMap() (kafka.controller.KafkaController)\n", "SeverityText": "debug"}
{"Resource": {"service.name": "kafka"}, "Attributes": {"monitoring_services.filename": "/var/log/kafka/controller.log"}, "Body": "[2026-02-01 06:54:51,728] TRACE [Controller id=1001] Leader imbalance ratio for broker 1001 is 0.0 (kafka.controller.KafkaController)\n", "SeverityText": ""}
{"Resource": {"service.name": "kafka"}, "Attributes": {"monitoring_services.filename": "/var/log/kafka/controller.log"}, "Body": "[2026-02-01 06:54:51,728] DEBUG [Controller id=1001] Topics not in preferred replica for broker 1002 HashMap() (kafka.controller.KafkaController)\n", "SeverityText": "debug"}
{"Resource": {"service.name": "kafka"}, "Attributes": {"monitoring_services.filename": "/var/log/kafka/controller.log"}, "Body": "[2026-02-01 06:54:51,728] TRACE [Controller id=1001] Leader imbalance ratio for broker 1002 is 0.0 (kafka.controller.KafkaController)\n", "SeverityText": ""}
{"Resource": {"service.name": "kafka"}, "Attributes": {"monitoring_services.filename": "/var/log/kafka/controller.log"}, "Body": "[2026-02-01 06:54:51,728] TRACE [Controller id=1001] Leader imbalance ratio for broker 1003 is 0.0 (kafka.controller.KafkaController)\n", "SeverityText": ""}
{"Resource": {"service.name": "kafka"}, "Attributes": {"monitoring_services.filename": "/var/log/kafka/controller.log"}, "Body": "[2026-02-01 06:54:51,728] TRACE [Controller id=1001] Leader imbalance ratio for broker 1004 is 0.0 (kafka.controller.KafkaController)\n", "SeverityText": ""}
{"Resource": {"service.name": "opensearch"}, "Attributes": {"monitoring_services.filename": "/var/log/opensearch/hpc_monitoring.log"}, "Body": "[2026-02-01T06:55:46,267][INFO ][o.o.j.s.JobSweeper       ] [leader3] Running full sweep\n", "SeverityText": "info"}
{"Resource": {"service.name": "opensearch"}, "Attributes": {"monitoring_services.filename": "/var/log/opensearch/hpc_monitoring.log"}, "Body": "[2026-02-01T06:56:00,036][INFO ][o.o.j.s.JobSweeper       ] [admin] Running full sweep\n", "SeverityText": "info"}
{"Resource": {"service.name": "kafka"}, "Attributes": {"monitoring_services.filename": "/var/log/kafka/kafkaServer-gc.log"}, "Body": "[2026-02-01T06:57:05.463+0530][gc,start    ] GC(737) Pause Young (Normal) (G1 Evacuation Pause)\n", "SeverityText": ""}
{"Resource": {"service.name": "kafka"}, "Attributes": {"monitoring_services.filename": "/var/log/kafka/kafkaServer-gc.log"}, "Body": "[2026-02-01T06:57:05.463+0530][gc,task     ] GC(737) Using 33 workers of 33 for evacuation\n", "SeverityText": ""}
{"Resource": {"service.name": "kafka"}, "Attributes": {"monitoring_services.filename": "/var/log/kafka/kafkaServer-gc.log"}, "Body": "[2026-02-01T06:57:05.469+0530][gc,phases   ] GC(737)   Pre Evacuate Collection Set: 0.3ms\n", "SeverityText": ""}
{"Resource": {"service.name": "kafka"}, "Attributes": {"monitoring_services.filename": "/var/log/kafka/kafkaServer-gc.log"}, "Body": "[2026-02-01T06:57:05.469+0530][gc,phases   ] GC(737)   Other: 0.3ms\n", "SeverityText": ""}
{"Resource": {"service.name": "kafka"}, "Attributes": {"monitoring_services.filename": "/var/log/kafka/kafkaServer-gc.log"}, "Body": "[2026-02-01T06:57:05.469+0530][gc,heap     ] GC(737) Survivor regions: 3->3(116)\n", "SeverityText": ""}
{"Resource": {"service.name": "kafka"}, "Attributes": {"monitoring_services.filename": "/var/log/kafka/kafkaServer-gc.log"}, "Body": "[2026-02-01T06:57:05.469+0530][gc,heap     ] GC(737) Archive regions: 2->2\n", "SeverityText": ""}
{"Resource": {"service.name": "kafka"}, "Attributes": {"monitoring_services.filename": "/var/log/kafka/kafkaServer-gc.log"}, "Body": "[2026-02-01T06:57:05.469+0530][gc,metaspace] GC(737) Metaspace: 55247K(56192K)->55247K(56192K) NonClass: 48808K(49344K)->48808K(49344K) Class: 6438K(6848K)->6438K(6848K)\n", "SeverityText": ""}
{"Resource": {"service.name": "kafka"}, "Attributes": {"monitoring_services.filename": "/var/log/kafka/kafkaServer-gc.log"}, "Body": "[2026-02-01T06:57:05.469+0530][gc,cpu      ] GC(737) User=0.13s Sys=0.00s Real=0.01s\n", "SeverityText": ""}
{"Resource": {"service.name": "kafka"}, "Attributes": {"monitoring_services.filename": "/var/log/kafka/kafkaServer-gc.log"}, "Body": "[2026-02-01T06:57:48.489+0530][gc,heap     ] GC(669) Old regions: 8->8\n", "SeverityText": ""}
{"Resource": {"service.name": "kafka"}, "Attributes": {"monitoring_services.filename": "/var/log/kafka/kafkaServer-gc.log"}, "Body": "[2026-02-01T06:57:48.489+0530][gc,heap     ] GC(669) Archive regions: 2->2\n", "SeverityText": ""}
{"Resource": {"service.name": "kafka"}, "Attributes": {"monitoring_services.filename": "/var/log/kafka/kafkaServer-gc.log"}, "Body": "[2026-02-01T06:57:48.489+0530][gc,heap     ] GC(669) Humongous regions: 33->33\n", "SeverityText": ""}
{"Resource": {"service.name": "kafka"}, "Attributes": {"monitoring_services.filename": "/var/log/kafka/kafkaServer-gc.log"}, "Body": "[2026-02-01T06:57:48.489+0530][gc          ] GC(669) Pause Young (Normal) (G1 Evacuation Pause) 3845M->174M(6144M) 4.758ms\n", "SeverityText": ""}
{"Resource": {"service.name": "kafka"}, "Attributes": {"monitoring_services.filename": "/var/log/kafka/kafkaServer-gc.log"}, "Body": "[2026-02-01T06:57:48.490+0530][gc,cpu      ] GC(669) User=0.11s Sys=0.00s Real=0.00s\n", "SeverityText": ""}
{"Resource": {"service.name": "kafka"}, "Attributes": {"monitoring_services.filename": "/var/log/kafka/controller.log"}, "Body": "[2026-02-01 06:59:51,728] INFO [Controller id=1001] Processing automatic preferred replica leader election (kafka.controller.KafkaController)\n", "SeverityText": "info"}
{"Resource": {"service.name": "kafka"}, "Attributes": {"monitoring_services.filename": "/var/log/kafka/controller.log"}, "Body": "[2026-02-01 06:59:51,729] TRACE [Controller id=1001] Checking need to trigger auto leader balancing (kafka.controller.KafkaController)\n", "SeverityText": ""}
{"Resource": {"service.name": "kafka"}, "Attributes": {"monitoring_services.filename": "/var/log/kafka/controller.log"}, "Body": "[2026-02-01 06:59:51,729] DEBUG [Controller id=1001] Topics not in preferred replica for broker 1001 HashMap() (kafka.controller.KafkaController)\n", "SeverityText": "debug"}
{"Resource": {"service.name": "kafka"}, "Attributes": {"monitoring_services.filename": "/var/log/kafka/controller.log"}, "Body": "[2026-02-01 06:59:51,729] TRACE [Controller id=1001] Leader imbalance ratio for broker 1001 is 0.0 (kafka.controller.KafkaController)\n", "SeverityText": ""}
{"Resource": {"service.name": "kafka"}, "Attributes": {"monitoring_services.filename": "/var/log/kafka/controller.log"}, "Body": "[2026-02-01 06:59:51,729] DEBUG [Controller id=1001] Topics not in preferred replica for broker 1002 HashMap() (kafka.controller.KafkaController)\n", "SeverityText": "debug"}
{"Resource": {"service.name": "kafka"}, "Attributes": {"monitoring_services.filename": "/var/log/kafka/controller.log"}, "Body": "[2026-02-01 06:59:51,729] TRACE [Controller id=1001] Leader imbalance ratio for broker 1002 is 0.0 (kafka.controller.KafkaController)\n", "SeverityText": ""}
{"Resource": {"service.name": "kafka"}, "Attributes": {"monitoring_services.filename": "/var/log/kafka/controller.log"}, "Body": "[2026-02-01 06:59:51,729] DEBUG [Controller id=1001] Topics not in preferred replica for broker 1003 HashMap() (kafka.controller.KafkaController)\n", "SeverityText": "debug"}
{"Resource": {"service.name": "kafka"}, "Attributes": {"monitoring_services.filename": "/var/log/kafka/controller.log"}, "Body": "[2026-02-01 06:59:51,729] DEBUG [Controller id=1001] Topics not in preferred replica for broker 1004 HashMap() (kafka.controller.KafkaController)\n", "SeverityText": "debug"}
{"Resource": {"service.name": "opensearch"}, "Attributes": {"monitoring_services.filename": "/var/log/opensearch/hpc_monitoring.log"}, "Body": "[2026-02-01T07:00:42,373][INFO ][o.o.j.s.JobSweeper       ] [leader1] Running full sweep\n", "SeverityText": "info"}
{"Resource": {"service.name": "kafka"}, "Attributes": {"monitoring_services.filename": "/var/log/kafka/kafkaServer-gc.log"}, "Body": "[2026-02-01T07:00:48.646+0530][gc,start    ] GC(690) Pause Young (Normal) (G1 Evacuation Pause)\n", "SeverityText": ""}
{"Resource": {"service.name": "kafka"}, "Attributes": {"monitoring_services.filename": "/var/log/kafka/kafkaServer-gc.log"}, "Body": "[2026-02-01T07:00:48.646+0530][gc,task     ] GC(690) Using 33 workers of 33 for evacuation\n", "SeverityText": ""}
{"Resource": {"service.name": "kafka"}, "Attributes": {"monitoring_services.filename": "/var/log/kafka/kafkaServer-gc.log"}, "Body": "[2026-02-01T07:00:48.652+0530][gc,phases   ] GC(690)   Pre Evacuate Collection Set: 0.3ms\n", "SeverityText": ""}
{"Resource": {"service.name": "kafka"}, "Attributes": {"monitoring_services.filename": "/var/log/kafka/kafkaServer-gc.log"}, "Body": "[2026-02-01T07:00:48.652+0530][gc,phases   ] GC(690)   Merge Heap Roots: 0.4ms\n", "SeverityText": ""}
{"Resource": {"service.name": "kafka"}, "Attributes": {"monitoring_services.filename": "/var/log/kafka/kafkaServer-gc.log"}, "Body": "[2026-02-01T07:00:48.652+0530][gc,heap     ] GC(690) Humongous regions: 33->33\n", "SeverityText": ""}
{"Resource": {"service.name": "kafka"}, "Attributes": {"monitoring_services.filename": "/var/log/kafka/kafkaServer-gc.log"}, "Body": "[2026-02-01T07:00:48.652+0530][gc          ] GC(690) Pause Young (Normal) (G1 Evacuation Pause) 3846M->176M(6144M) 6.136ms\n", "SeverityText": ""}
{"Resource": {"service.name": "opensearch"}, "Attributes": {"monitoring_services.filename": "/var/log/opensearch/hpc_monitoring.log"}, "Body": "[2026-02-01T07:01:24,392][INFO ][o.o.j.s.JobSweeper       ] [leader2] Running full sweep\n", "SeverityText": "info"}
{"Resource": {"service.name": "kafka"}, "Attributes": {"monitoring_services.filename": "/var/log/kafka/kafkaServer-gc.log"}, "Body": "[2026-02-01T07:03:52.916+0530][gc,cpu      ] GC(680) User=0.15s Sys=0.00s Real=0.00s\n", "SeverityText": ""}
{"Resource": {"service.name": "kafka"}, "Attributes": {"monitoring_services.filename": "/var/log/kafka/kafkaServer-gc.log"}, "Body": "[2026-02-01T07:03:52.916+0530][gc,phases   ] GC(680)   Pre Evacuate Collection Set: 0.3ms\n", "SeverityText": ""}
{"Resource": {"service.name": "kafka"}, "Attributes": {"monitoring_services.filename": "/var/log/kafka/kafkaServer-gc.log"}, "Body": "[2026-02-01T07:03:52.916+0530][gc,phases   ] GC(680)   Merge Heap Roots: 0.4ms\n", "SeverityText": ""}
{"Resource": {"service.name": "kafka"}, "Attributes": {"monitoring_services.filename": "/var/log/kafka/kafkaServer-gc.log"}, "Body": "[2026-02-01T07:03:52.916+0530][gc,phases   ] GC(680)   Evacuate Collection Set: 3.6ms\n", "SeverityText": ""}
{"Resource": {"service.name": "kafka"}, "Attributes": {"monitoring_services.filename": "/var/log/kafka/kafkaServer-gc.log"}, "Body": "[2026-02-01T07:03:52.916+0530][gc,phases   ] GC(680)   Other: 0.3ms\n", "SeverityText": ""}
{"Resource": {"service.name": "kafka"}, "Attributes": {"monitoring_services.filename": "/var/log/kafka/kafkaServer-gc.log"}, "Body": "[2026-02-01T07:03:52.916+0530][gc,heap     ] GC(680) Survivor regions: 3->3(116)\n", "SeverityText": ""}
{"Resource": {"service.name": "kafka"}, "Attributes": {"monitoring_services.filename": "/var/log/kafka/kafkaServer-gc.log"}, "Body": "[2026-02-01T07:03:52.916+0530][gc,heap     ] GC(680) Humongous regions: 33->33\n", "SeverityText": ""}
{"Resource": {"service.name": "kafka"}, "Attributes": {"monitoring_services.filename": "/var/log/kafka/kafkaServer-gc.log"}, "Body": "[2026-02-01T07:03:52.916+0530][gc          ] GC(680) Pause Young (Normal) (G1 Evacuation Pause) 3847M->175M(6144M) 5.851ms\n", "SeverityText": ""}
{"Resource": {"service.name": "kafka"}, "Attributes": {"monitoring_services.filename": "/var/log/kafka/controller.log"}, "Body": "[2026-02-01 07:04:51,729] INFO [Controller id=1001] Processing automatic preferred replica leader election (kafka.controller.KafkaController)\n", "SeverityText": "info"}
{"Resource": {"service.name": "kafka"}, "Attributes": {"monitoring_services.filename": "/var/log/kafka/controller.log"}, "Body": "[2026-02-01 07:04:51,730] TRACE [Controller id=1001] Checking need to trigger auto leader balancing (kafka.controller.KafkaController)\n", "SeverityText": ""}
{"Resource": {"service.name": "kafka"}, "Attributes": {"monitoring_services.filename": "/var/log/kafka/controller.log"}, "Body": "[2026-02-01 07:04:51,731] DEBUG [Controller id=1001] Topics not in preferred replica for broker 1001 HashMap() (kafka.controller.KafkaController)\n", "SeverityText": "debug"}
{"Resource": {"service.name": "kafka"}, "Attributes": {"monitoring_services.filename": "/var/log/kafka/controller.log"}, "Body": "[2026-02-01 07:04:51,731] DEBUG [Controller id=1001] Topics not in preferred replica for broker 1003 HashMap() (kafka.controller.KafkaController)\n", "SeverityText": "debug"}
{"Resource": {"service.name": "opensearch"}, "Attributes": {"monitoring_services.filename": "/var/log/opensearch/hpc_monitoring.log"}, "Body": "[2026-02-01T07:05:46,264][INFO ][o.o.s.s.c.FlintStreamingJobHouseKeeperTask] [leader3] Starting housekeeping task for auto refresh streaming jobs.\n", "SeverityText": "info"}
{"Resource": {"service.name": "opensearch"}, "Attributes": {"monitoring_services.filename": "/var/log/opensearch/hpc_monitoring.log"}, "Body": "[2026-02-01T07:05:46,264][INFO ][o.o.s.s.c.FlintStreamingJobHouseKeeperTask] [leader3] Finished housekeeping task for auto refresh streaming jobs.\n", "SeverityText": "info"}
{"Resource": {"service.name": "opensearch"}, "Attributes": {"monitoring_services.filename": "/var/log/opensearch/hpc_monitoring.log"}, "Body": "[2026-02-01T07:05:46,268][INFO ][o.o.j.s.JobSweeper       ] [leader3] Running full sweep\n", "SeverityText": "info"}
{"Resource": {"service.name": "opensearch"}, "Attributes": {"monitoring_services.filename": "/var/log/opensearch/hpc_monitoring.log"}, "Body": "[2026-02-01T07:06:00,038][INFO ][o.o.j.s.JobSweeper       ] [admin] Running full sweep\n", "SeverityText": "info"}
{"Resource": {"service.name": "kafka"}, "Attributes": {"monitoring_services.filename": "/var/log/kafka/kafkaServer-gc.log"}, "Body": "[2026-02-01T07:08:08.512+0530][gc,phases   ] GC(670)   Post Evacuate Collection Set: 1.0ms\n", "SeverityText": ""}
{"Resource": {"service.name": "kafka"}, "Attributes": {"monitoring_services.filename": "/var/log/kafka/kafkaServer-gc.log"}, "Body": "[2026-02-01T07:08:08.512+0530][gc,phases   ] GC(670)   Other: 0.2ms\n", "SeverityText": ""}
{"Resource": {"service.name": "kafka"}, "Attributes": {"monitoring_services.filename": "/var/log/kafka/kafkaServer-gc.log"}, "Body": "[2026-02-01T07:08:08.512+0530][gc,heap     ] GC(670) Survivor regions: 3->2(116)\n", "SeverityText": ""}
{"Resource": {"service.name": "kafka"}, "Attributes": {"monitoring_services.filename": "/var/log/kafka/kafkaServer-gc.log"}, "Body": "[2026-02-01T07:08:08.512+0530][gc,heap     ] GC(670) Archive regions: 2->2\n", "SeverityText": ""}
{"Resource": {"service.name": "kafka"}, "Attributes": {"monitoring_services.filename": "/var/log/kafka/kafkaServer-gc.log"}, "Body": "[2026-02-01T07:08:08.512+0530][gc          ] GC(670) Pause Young (Normal) (G1 Evacuation Pause) 3846M->172M(6144M) 3.828ms\n", "SeverityText": ""}
{"Resource": {"service.name": "kafka"}, "Attributes": {"monitoring_services.filename": "/var/log/kafka/controller.log"}, "Body": "[2026-02-01 07:09:51,732] TRACE [Controller id=1001] Leader imbalance ratio for broker 1001 is 0.0 (kafka.controller.KafkaController)\n", "SeverityText": ""}
{"Resource": {"service.name": "kafka"}, "Attributes": {"monitoring_services.filename": "/var/log/kafka/controller.log"}, "Body": "[2026-02-01 07:09:51,732] DEBUG [Controller id=1001] Topics not in preferred replica for broker 1002 HashMap() (kafka.controller.KafkaController)\n", "SeverityText": "debug"}
{"Resource": {"service.name": "kafka"}, "Attributes": {"monitoring_services.filename": "/var/log/kafka/controller.log"}, "Body": "[2026-02-01 07:09:51,732] TRACE [Controller id=1001] Leader imbalance ratio for broker 1002 is 0.0 (kafka.controller.KafkaController)\n", "SeverityText": ""}
{"Resource": {"service.name": "kafka"}, "Attributes": {"monitoring_services.filename": "/var/log/kafka/controller.log"}, "Body": "[2026-02-01 07:09:51,731] INFO [Controller id=1001] Processing automatic preferred replica leader election (kafka.controller.KafkaController)\n", "SeverityText": "info"}
{"Resource": {"service.name": "kafka"}, "Attributes": {"monitoring_services.filename": "/var/log/kafka/kafkaServer-gc.log"}, "Body": "[2026-02-01T07:10:48.350+0530][gc,start    ] GC(691) Pause Young (Normal) (G1 Evacuation Pause)\n", "SeverityText": ""}
{"Resource": {"service.name": "kafka"}, "Attributes": {"monitoring_services.filename": "/var/log/kafka/kafkaServer-gc.log"}, "Body": "[2026-02-01T07:10:48.350+0530][gc,task     ] GC(691) Using 33 workers of 33 for evacuation\n", "SeverityText": ""}
{"Resource": {"service.name": "kafka"}, "Attributes": {"monitoring_services.filename": "/var/log/kafka/kafkaServer-gc.log"}, "Body": "[2026-02-01T07:10:48.356+0530][gc,phases   ] GC(691)   Pre Evacuate Collection Set: 0.3ms\n", "SeverityText": ""}
{"Resource": {"service.name": "kafka"}, "Attributes": {"monitoring_services.filename": "/var/log/kafka/kafkaServer-gc.log"}, "Body": "[2026-02-01T07:10:48.356+0530][gc,phases   ] GC(691)   Merge Heap Roots: 0.3ms\n", "SeverityText": ""}
{"Resource": {"service.name": "kafka"}, "Attributes": {"monitoring_services.filename": "/var/log/kafka/kafkaServer-gc.log"}, "Body": "[2026-02-01T07:10:48.356+0530][gc,phases   ] GC(691)   Evacuate Collection Set: 3.2ms\n", "SeverityText": ""}
{"Resource": {"service.name": "kafka"}, "Attributes": {"monitoring_services.filename": "/var/log/kafka/kafkaServer-gc.log"}, "Body": "[2026-02-01T07:10:48.356+0530][gc,heap     ] GC(691) Humongous regions: 33->33\n", "SeverityText": ""}
{"Resource": {"service.name": "kafka"}, "Attributes": {"monitoring_services.filename": "/var/log/kafka/kafkaServer-gc.log"}, "Body": "[2026-02-01T07:10:48.356+0530][gc          ] GC(691) Pause Young (Normal) (G1 Evacuation Pause) 3848M->174M(6144M) 5.517ms\n", "SeverityText": ""}
{"Resource": {"service.name": "opensearch"}, "Attributes": {"monitoring_services.filename": "/var/log/opensearch/hpc_monitoring.log"}, "Body": "[2026-02-01T07:11:24,394][INFO ][o.o.j.s.JobSweeper       ] [leader2] Running full sweep\n", "SeverityText": "info"}
{"Resource": {"service.name": "kafka"}, "Attributes": {"monitoring_services.filename": "/var/log/kafka/kafkaServer-gc.log"}, "Body": "[2026-02-01T07:13:52.863+0530][gc,phases   ] GC(681)   Merge Heap Roots: 0.3ms\n", "SeverityText": ""}
{"Resource": {"service.name": "kafka"}, "Attributes": {"monitoring_services.filename": "/var/log/kafka/kafkaServer-gc.log"}, "Body": "[2026-02-01T07:13:52.863+0530][gc,phases   ] GC(681)   Post Evacuate Collection Set: 1.1ms\n", "SeverityText": ""}
{"Resource": {"service.name": "kafka"}, "Attributes": {"monitoring_services.filename": "/var/log/kafka/kafkaServer-gc.log"}, "Body": "[2026-02-01T07:13:52.863+0530][gc,heap     ] GC(681) Eden regions: 918->0(918)\n", "SeverityText": ""}
{"Resource": {"service.name": "kafka"}, "Attributes": {"monitoring_services.filename": "/var/log/kafka/kafkaServer-gc.log"}, "Body": "[2026-02-01T07:13:52.863+0530][gc,heap     ] GC(681) Survivor regions: 3->3(116)\n", "SeverityText": ""}
{"Resource": {"service.name": "kafka"}, "Attributes": {"monitoring_services.filename": "/var/log/kafka/kafkaServer-gc.log"}, "Body": "[2026-02-01T07:13:52.863+0530][gc,heap     ] GC(681) Archive regions: 2->2\n", "SeverityText": ""}
{"Resource": {"service.name": "kafka"}, "Attributes": {"monitoring_services.filename": "/var/log/kafka/kafkaServer-gc.log"}, "Body": "[2026-02-01T07:13:52.863+0530][gc,metaspace] GC(681) Metaspace: 50667K(51456K)->50667K(51456K) NonClass: 45006K(45440K)->45006K(45440K) Class: 5661K(6016K)->5661K(6016K)\n", "SeverityText": ""}
{"Resource": {"service.name": "kafka"}, "Attributes": {"monitoring_services.filename": "/var/log/kafka/kafkaServer-gc.log"}, "Body": "[2026-02-01T07:13:52.863+0530][gc,cpu      ] GC(681) User=0.13s Sys=0.00s Real=0.01s\n", "SeverityText": ""}
{"Resource": {"service.name": "kafka"}, "Attributes": {"monitoring_services.filename": "/var/log/kafka/controller.log"}, "Body": "[2026-02-01 07:14:51,733] TRACE [Controller id=1001] Leader imbalance ratio for broker 1001 is 0.0 (kafka.controller.KafkaController)\n", "SeverityText": ""}
{"Resource": {"service.name": "kafka"}, "Attributes": {"monitoring_services.filename": "/var/log/kafka/controller.log"}, "Body": "[2026-02-01 07:14:51,733] DEBUG [Controller id=1001] Topics not in preferred replica for broker 1002 HashMap() (kafka.controller.KafkaController)\n", "SeverityText": "debug"}
{"Resource": {"service.name": "kafka"}, "Attributes": {"monitoring_services.filename": "/var/log/kafka/controller.log"}, "Body": "[2026-02-01 07:14:51,733] TRACE [Controller id=1001] Leader imbalance ratio for broker 1002 is 0.0 (kafka.controller.KafkaController)\n", "SeverityText": ""}
{"Resource": {"service.name": "kafka"}, "Attributes": {"monitoring_services.filename": "/var/log/kafka/controller.log"}, "Body": "[2026-02-01 07:14:51,733] DEBUG [Controller id=1001] Topics not in preferred replica for broker 1003 HashMap() (kafka.controller.KafkaController)\n", "SeverityText": "debug"}
{"Resource": {"service.name": "kafka"}, "Attributes": {"monitoring_services.filename": "/var/log/kafka/controller.log"}, "Body": "[2026-02-01 07:14:51,733] TRACE [Controller id=1001] Leader imbalance ratio for broker 1003 is 0.0 (kafka.controller.KafkaController)\n", "SeverityText": ""}
{"Resource": {"service.name": "kafka"}, "Attributes": {"monitoring_services.filename": "/var/log/kafka/controller.log"}, "Body": "[2026-02-01 07:14:51,733] TRACE [Controller id=1001] Leader imbalance ratio for broker 1004 is 0.0 (kafka.controller.KafkaController)\n", "SeverityText": ""}
{"Resource": {"service.name": "kafka"}, "Attributes": {"monitoring_services.filename": "/var/log/kafka/kafkaServer-gc.log"}, "Body": "[2026-02-01T07:15:35.244+0530][gc,start    ] GC(739) Pause Young (Normal) (G1 Evacuation Pause)\n", "SeverityText": ""}
{"Resource": {"service.name": "kafka"}, "Attributes": {"monitoring_services.filename": "/var/log/kafka/kafkaServer-gc.log"}, "Body": "[2026-02-01T07:15:35.244+0530][gc,task     ] GC(739) Using 33 workers of 33 for evacuation\n", "SeverityText": ""}
{"Resource": {"service.name": "kafka"}, "Attributes": {"monitoring_services.filename": "/var/log/kafka/kafkaServer-gc.log"}, "Body": "[2026-02-01T07:15:35.249+0530][gc,phases   ] GC(739)   Pre Evacuate Collection Set: 0.3ms\n", "SeverityText": ""}
{"Resource": {"service.name": "kafka"}, "Attributes": {"monitoring_services.filename": "/var/log/kafka/kafkaServer-gc.log"}, "Body": "[2026-02-01T07:15:35.249+0530][gc,phases   ] GC(739)   Evacuate Collection Set: 2.8ms\n", "SeverityText": ""}
{"Resource": {"service.name": "kafka"}, "Attributes": {"monitoring_services.filename": "/var/log/kafka/kafkaServer-gc.log"}, "Body": "[2026-02-01T07:15:35.249+0530][gc,phases   ] GC(739)   Post Evacuate Collection Set: 1.3ms\n", "SeverityText": ""}
{"Resource": {"service.name": "kafka"}, "Attributes": {"monitoring_services.filename": "/var/log/kafka/kafkaServer-gc.log"}, "Body": "[2026-02-01T07:15:35.249+0530][gc,heap     ] GC(739) Eden regions: 918->0(918)\n", "SeverityText": ""}
{"Resource": {"service.name": "kafka"}, "Attributes": {"monitoring_services.filename": "/var/log/kafka/kafkaServer-gc.log"}, "Body": "[2026-02-01T07:15:35.249+0530][gc,heap     ] GC(739) Old regions: 10->10\n", "SeverityText": ""}
{"Resource": {"service.name": "kafka"}, "Attributes": {"monitoring_services.filename": "/var/log/kafka/kafkaServer-gc.log"}, "Body": "[2026-02-01T07:15:35.249+0530][gc,heap     ] GC(739) Humongous regions: 33->33\n", "SeverityText": ""}
{"Resource": {"service.name": "kafka"}, "Attributes": {"monitoring_services.filename": "/var/log/kafka/kafkaServer-gc.log"}, "Body": "[2026-02-01T07:15:35.249+0530][gc          ] GC(739) Pause Young (Normal) (G1 Evacuation Pause) 3853M->182M(6144M) 5.098ms\n", "SeverityText": ""}
{"Resource": {"service.name": "opensearch"}, "Attributes": {"monitoring_services.filename": "/var/log/opensearch/hpc_monitoring.log"}, "Body": "[2026-02-01T07:15:46,269][INFO ][o.o.j.s.JobSweeper       ] [leader3] Running full sweep\n", "SeverityText": "info"}
{"Resource": {"service.name": "kafka"}, "Attributes": {"monitoring_services.filename": "/var/log/kafka/kafkaServer-gc.log"}, "Body": "[2026-02-01T07:18:18.075+0530][gc,start    ] GC(671) Pause Young (Normal) (G1 Evacuation Pause)\n", "SeverityText": ""}
{"Resource": {"service.name": "kafka"}, "Attributes": {"monitoring_services.filename": "/var/log/kafka/kafkaServer-gc.log"}, "Body": "[2026-02-01T07:18:18.075+0530][gc,task     ] GC(671) Using 33 workers of 33 for evacuation\n", "SeverityText": ""}
{"Resource": {"service.name": "kafka"}, "Attributes": {"monitoring_services.filename": "/var/log/kafka/kafkaServer-gc.log"}, "Body": "[2026-02-01T07:18:18.080+0530][gc,phases   ] GC(671)   Pre Evacuate Collection Set: 0.2ms\n", "SeverityText": ""}
{"Resource": {"service.name": "kafka"}, "Attributes": {"monitoring_services.filename": "/var/log/kafka/kafkaServer-gc.log"}, "Body": "[2026-02-01T07:18:18.080+0530][gc,phases   ] GC(671)   Merge Heap Roots: 0.3ms\n", "SeverityText": ""}
{"Resource": {"service.name": "kafka"}, "Attributes": {"monitoring_services.filename": "/var/log/kafka/kafkaServer-gc.log"}, "Body": "[2026-02-01T07:18:18.080+0530][gc,phases   ] GC(671)   Post Evacuate Collection Set: 1.2ms\n", "SeverityText": ""}
{"Resource": {"service.name": "kafka"}, "Attributes": {"monitoring_services.filename": "/var/log/kafka/kafkaServer-gc.log"}, "Body": "[2026-02-01T07:18:18.080+0530][gc,heap     ] GC(671) Survivor regions: 2->2(116)\n", "SeverityText": ""}
{"Resource": {"service.name": "kafka"}, "Attributes": {"monitoring_services.filename": "/var/log/kafka/kafkaServer-gc.log"}, "Body": "[2026-02-01T07:18:18.080+0530][gc,heap     ] GC(671) Archive regions: 2->2\n", "SeverityText": ""}
{"Resource": {"service.name": "kafka"}, "Attributes": {"monitoring_services.filename": "/var/log/kafka/kafkaServer-gc.log"}, "Body": "[2026-02-01T07:18:18.080+0530][gc,metaspace] GC(671) Metaspace: 50345K(51136K)->50345K(51136K) NonClass: 44716K(45120K)->44716K(45120K) Class: 5629K(6016K)->5629K(6016K)\n", "SeverityText": ""}
{"Resource": {"service.name": "kafka"}, "Attributes": {"monitoring_services.filename": "/var/log/kafka/kafkaServer-gc.log"}, "Body": "[2026-02-01T07:18:18.080+0530][gc,cpu      ] GC(671) User=0.11s Sys=0.00s Real=0.00s\n", "SeverityText": ""}
{"Resource": {"service.name": "kafka"}, "Attributes": {"monitoring_services.filename": "/var/log/kafka/controller.log"}, "Body": "[2026-02-01 07:19:51,733] INFO [Controller id=1001] Processing automatic preferred replica leader election (kafka.controller.KafkaController)\n", "SeverityText": "info"}
{"Resource": {"service.name": "kafka"}, "Attributes": {"monitoring_services.filename": "/var/log/kafka/controller.log"}, "Body": "[2026-02-01 07:19:51,734] TRACE [Controller id=1001] Leader imbalance ratio for broker 1001 is 0.0 (kafka.controller.KafkaController)\n", "SeverityText": ""}
{"Resource": {"service.name": "kafka"}, "Attributes": {"monitoring_services.filename": "/var/log/kafka/controller.log"}, "Body": "[2026-02-01 07:19:51,734] DEBUG [Controller id=1001] Topics not in preferred replica for broker 1002 HashMap() (kafka.controller.KafkaController)\n", "SeverityText": "debug"}
{"Resource": {"service.name": "kafka"}, "Attributes": {"monitoring_services.filename": "/var/log/kafka/controller.log"}, "Body": "[2026-02-01 07:19:51,734] DEBUG [Controller id=1001] Topics not in preferred replica for broker 1003 HashMap() (kafka.controller.KafkaController)\n", "SeverityText": "debug"}
{"Resource": {"service.name": "kafka"}, "Attributes": {"monitoring_services.filename": "/var/log/kafka/controller.log"}, "Body": "[2026-02-01 07:19:51,734] DEBUG [Controller id=1001] Topics not in preferred replica for broker 1004 HashMap() (kafka.controller.KafkaController)\n", "SeverityText": "debug"}
{"Resource": {"service.name": "kafka"}, "Attributes": {"monitoring_services.filename": "/var/log/kafka/kafkaServer-gc.log"}, "Body": "[2026-02-01T07:20:18.860+0530][gc,phases   ] GC(692)   Merge Heap Roots: 0.3ms\n", "SeverityText": ""}
{"Resource": {"service.name": "kafka"}, "Attributes": {"monitoring_services.filename": "/var/log/kafka/kafkaServer-gc.log"}, "Body": "[2026-02-01T07:20:18.860+0530][gc,phases   ] GC(692)   Post Evacuate Collection Set: 1.2ms\n", "SeverityText": ""}
{"Resource": {"service.name": "kafka"}, "Attributes": {"monitoring_services.filename": "/var/log/kafka/kafkaServer-gc.log"}, "Body": "[2026-02-01T07:20:18.860+0530][gc,heap     ] GC(692) Eden regions: 918->0(918)\n", "SeverityText": ""}
{"Resource": {"service.name": "kafka"}, "Attributes": {"monitoring_services.filename": "/var/log/kafka/kafkaServer-gc.log"}, "Body": "[2026-02-01T07:20:18.860+0530][gc,heap     ] GC(692) Old regions: 8->8\n", "SeverityText": ""}
{"Resource": {"service.name": "opensearch"}, "Attributes": {"monitoring_services.filename": "/var/log/opensearch/hpc_monitoring.log"}, "Body": "[2026-02-01T05:30:42,361][INFO ][o.o.j.s.JobSweeper       ] [leader1] Running full sweep\n", "SeverityText": "info"}
{"Resource": {"service.name": "opensearch"}, "Attributes": {"monitoring_services.filename": "/var/log/opensearch/hpc_monitoring.log"}, "Body": "[2026-02-01T05:30:46,259][INFO ][o.o.j.s.JobSweeper       ] [leader3] Running full sweep\n", "SeverityText": "info"}
{"Resource": {"service.name": "opensearch"}, "Attributes": {"monitoring_services.filename": "/var/log/opensearch/hpc_monitoring.log"}, "Body": "[2026-02-01T05:31:00,022][INFO ][o.o.j.s.JobSweeper       ] [admin] Running full sweep\n", "SeverityText": "info"}
{"Resource": {"service.name": "opensearch"}, "Attributes": {"monitoring_services.filename": "/var/log/opensearch/hpc_monitoring.log"}, "Body": "[2026-02-01T05:31:24,380][INFO ][o.o.j.s.JobSweeper       ] [leader2] Running full sweep\n", "SeverityText": "info"}
{"Resource": {"service.name": "kafka"}, "Attributes": {"monitoring_services.filename": "/var/log/kafka/kafkaServer-gc.log"}, "Body": "[2026-02-01T05:32:46.399+0530][gc,phases   ] GC(681)   Merge Heap Roots: 0.4ms\n", "SeverityText": ""}
{"Resource": {"service.name": "kafka"}, "Attributes": {"monitoring_services.filename": "/var/log/kafka/kafkaServer-gc.log"}, "Body": "[2026-02-01T05:32:46.399+0530][gc,phases   ] GC(681)   Post Evacuate Collection Set: 1.4ms\n", "SeverityText": ""}
{"Resource": {"service.name": "kafka"}, "Attributes": {"monitoring_services.filename": "/var/log/kafka/kafkaServer-gc.log"}, "Body": "[2026-02-01T05:32:46.399+0530][gc,phases   ] GC(681)   Other: 0.3ms\n", "SeverityText": ""}
{"Resource": {"service.name": "kafka"}, "Attributes": {"monitoring_services.filename": "/var/log/kafka/kafkaServer-gc.log"}, "Body": "[2026-02-01T05:32:46.399+0530][gc,heap     ] GC(681) Archive regions: 2->2\n", "SeverityText": ""}
{"Resource": {"service.name": "kafka"}, "Attributes": {"monitoring_services.filename": "/var/log/kafka/kafkaServer-gc.log"}, "Body": "[2026-02-01T05:32:46.399+0530][gc,metaspace] GC(681) Metaspace: 51586K(52288K)->51586K(52288K) NonClass: 45777K(46144K)->45777K(46144K) Class: 5808K(6144K)->5808K(6144K)\n", "SeverityText": ""}
{"Resource": {"service.name": "kafka"}, "Attributes": {"monitoring_services.filename": "/var/log/kafka/kafkaServer-gc.log"}, "Body": "[2026-02-01T05:32:46.399+0530][gc,cpu      ] GC(681) User=0.11s Sys=0.01s Real=0.00s\n", "SeverityText": ""}
{"Resource": {"service.name": "kafka"}, "Attributes": {"monitoring_services.filename": "/var/log/kafka/kafkaServer-gc.log"}, "Body": "[2026-02-01T05:32:46.394+0530][gc,start    ] GC(681) Pause Young (Normal) (G1 Evacuation Pause)\n", "SeverityText": ""}
{"Resource": {"service.name": "kafka"}, "Attributes": {"monitoring_services.filename": "/var/log/kafka/kafkaServer-gc.log"}, "Body": "[2026-02-01T05:32:46.394+0530][gc,task     ] GC(681) Using 33 workers of 33 for evacuation\n", "SeverityText": ""}
{"Resource": {"service.name": "kafka"}, "Attributes": {"monitoring_services.filename": "/var/log/kafka/kafkaServer-gc.log"}, "Body": "[2026-02-01T05:32:46.399+0530][gc,phases   ] GC(681)   Pre Evacuate Collection Set: 0.4ms\n", "SeverityText": ""}
{"Resource": {"service.name": "kafka"}, "Attributes": {"monitoring_services.filename": "/var/log/kafka/kafkaServer-gc.log"}, "Body": "[2026-02-01T05:32:46.399+0530][gc,phases   ] GC(681)   Evacuate Collection Set: 2.7ms\n", "SeverityText": ""}
{"Resource": {"service.name": "kafka"}, "Attributes": {"monitoring_services.filename": "/var/log/kafka/kafkaServer-gc.log"}, "Body": "[2026-02-01T05:32:46.399+0530][gc,heap     ] GC(681) Eden regions: 918->0(919)\n", "SeverityText": ""}
{"Resource": {"service.name": "kafka"}, "Attributes": {"monitoring_services.filename": "/var/log/kafka/kafkaServer-gc.log"}, "Body": "[2026-02-01T05:32:46.399+0530][gc,heap     ] GC(681) Survivor regions: 3->2(116)\n", "SeverityText": ""}
{"Resource": {"service.name": "kafka"}, "Attributes": {"monitoring_services.filename": "/var/log/kafka/kafkaServer-gc.log"}, "Body": "[2026-02-01T05:32:46.399+0530][gc,heap     ] GC(681) Old regions: 8->8\n", "SeverityText": ""}
{"Resource": {"service.name": "kafka"}, "Attributes": {"monitoring_services.filename": "/var/log/kafka/kafkaServer-gc.log"}, "Body": "[2026-02-01T05:32:46.399+0530][gc,heap     ] GC(681) Humongous regions: 33->33\n", "SeverityText": ""}
{"Resource": {"service.name": "kafka"}, "Attributes": {"monitoring_services.filename": "/var/log/kafka/kafkaServer-gc.log"}, "Body": "[2026-02-01T05:32:46.399+0530][gc          ] GC(681) Pause Young (Normal) (G1 Evacuation Pause) 3847M->173M(6144M) 5.192ms\n", "SeverityText": ""}
{"Resource": {"service.name": "kafka"}, "Attributes": {"monitoring_services.filename": "/var/log/kafka/kafkaServer-gc.log"}, "Body": "[2026-02-01T05:34:22.504+0530][gc,phases   ] GC(671)   Merge Heap Roots: 0.3ms\n", "SeverityText": ""}
{"Resource": {"service.name": "kafka"}, "Attributes": {"monitoring_services.filename": "/var/log/kafka/kafkaServer-gc.log"}, "Body": "[2026-02-01T05:34:22.504+0530][gc,phases   ] GC(671)   Evacuate Collection Set: 2.1ms\n", "SeverityText": ""}
{"Resource": {"service.name": "kafka"}, "Attributes": {"monitoring_services.filename": "/var/log/kafka/kafkaServer-gc.log"}, "Body": "[2026-02-01T05:34:22.504+0530][gc,phases   ] GC(671)   Post Evacuate Collection Set: 1.3ms\n", "SeverityText": ""}
{"Resource": {"service.name": "kafka"}, "Attributes": {"monitoring_services.filename": "/var/log/kafka/kafkaServer-gc.log"}, "Body": "[2026-02-01T05:34:22.504+0530][gc,phases   ] GC(671)   Other: 0.2ms\n", "SeverityText": ""}
{"Resource": {"service.name": "kafka"}, "Attributes": {"monitoring_services.filename": "/var/log/kafka/kafkaServer-gc.log"}, "Body": "[2026-02-01T05:34:22.504+0530][gc,heap     ] GC(671) Eden regions: 919->0(919)\n", "SeverityText": ""}
{"Resource": {"service.name": "kafka"}, "Attributes": {"monitoring_services.filename": "/var/log/kafka/kafkaServer-gc.log"}, "Body": "[2026-02-01T05:34:22.504+0530][gc,heap     ] GC(671) Old regions: 8->8\n", "SeverityText": ""}
{"Resource": {"service.name": "kafka"}, "Attributes": {"monitoring_services.filename": "/var/log/kafka/kafkaServer-gc.log"}, "Body": "[2026-02-01T05:34:22.504+0530][gc,heap     ] GC(671) Humongous regions: 33->33\n", "SeverityText": ""}
{"Resource": {"service.name": "kafka"}, "Attributes": {"monitoring_services.filename": "/var/log/kafka/kafkaServer-gc.log"}, "Body": "[2026-02-01T05:34:22.504+0530][gc          ] GC(671) Pause Young (Normal) (G1 Evacuation Pause) 3848M->172M(6144M) 4.265ms\n", "SeverityText": ""}
{"Resource": {"service.name": "kafka"}, "Attributes": {"monitoring_services.filename": "/var/log/kafka/kafkaServer-gc.log"}, "Body": "[2026-02-01T05:34:35.180+0530][gc,phases   ] GC(728)   Evacuate Collection Set: 3.4ms\n", "SeverityText": ""}
{"Resource": {"service.name": "kafka"}, "Attributes": {"monitoring_services.filename": "/var/log/kafka/kafkaServer-gc.log"}, "Body": "[2026-02-01T05:34:35.180+0530][gc,phases   ] GC(728)   Post Evacuate Collection Set: 1.2ms\n", "SeverityText": ""}
{"Resource": {"service.name": "kafka"}, "Attributes": {"monitoring_services.filename": "/var/log/kafka/kafkaServer-gc.log"}, "Body": "[2026-02-01T05:34:35.180+0530][gc,phases   ] GC(728)   Other: 0.3ms\n", "SeverityText": ""}
{"Resource": {"service.name": "kafka"}, "Attributes": {"monitoring_services.filename": "/var/log/kafka/kafkaServer-gc.log"}, "Body": "[2026-02-01T05:34:35.180+0530][gc,heap     ] GC(728) Survivor regions: 3->3(116)\n", "SeverityText": ""}
{"Resource": {"service.name": "kafka"}, "Attributes": {"monitoring_services.filename": "/var/log/kafka/kafkaServer-gc.log"}, "Body": "[2026-02-01T05:34:35.180+0530][gc,heap     ] GC(728) Archive regions: 2->2\n", "SeverityText": ""}
{"Resource": {"service.name": "kafka"}, "Attributes": {"monitoring_services.filename": "/var/log/kafka/kafkaServer-gc.log"}, "Body": "[2026-02-01T05:34:35.180+0530][gc,metaspace] GC(728) Metaspace: 55247K(56192K)->55247K(56192K) NonClass: 48808K(49344K)->48808K(49344K) Class: 6438K(6848K)->6438K(6848K)\n", "SeverityText": ""}
{"Resource": {"service.name": "kafka"}, "Attributes": {"monitoring_services.filename": "/var/log/kafka/kafkaServer-gc.log"}, "Body": "[2026-02-01T05:34:35.180+0530][gc,cpu      ] GC(728) User=0.11s Sys=0.02s Real=0.01s\n", "SeverityText": ""}
{"Resource": {"service.name": "kafka"}, "Attributes": {"monitoring_services.filename": "/var/log/kafka/controller.log"}, "Body": "[2026-02-01 05:34:51,715] DEBUG [Controller id=1001] Topics not in preferred replica for broker 1003 HashMap() (kafka.controller.KafkaController)\n", "SeverityText": "debug"}
{"Resource": {"service.name": "kafka"}, "Attributes": {"monitoring_services.filename": "/var/log/kafka/controller.log"}, "Body": "[2026-02-01 05:34:51,715] TRACE [Controller id=1001] Leader imbalance ratio for broker 1003 is 0.0 (kafka.controller.KafkaController)\n", "SeverityText": ""}
{"Resource": {"service.name": "kafka"}, "Attributes": {"monitoring_services.filename": "/var/log/kafka/controller.log"}, "Body": "[2026-02-01 05:34:51,715] DEBUG [Controller id=1001] Topics not in preferred replica for broker 1004 HashMap() (kafka.controller.KafkaController)\n", "SeverityText": "debug"}
{"Resource": {"service.name": "kafka"}, "Attributes": {"monitoring_services.filename": "/var/log/kafka/controller.log"}, "Body": "[2026-02-01 05:34:51,715] TRACE [Controller id=1001] Leader imbalance ratio for broker 1004 is 0.0 (kafka.controller.KafkaController)\n", "SeverityText": ""}
{"Resource": {"service.name": "opensearch"}, "Attributes": {"monitoring_services.filename": "/var/log/opensearch/hpc_monitoring.log"}, "Body": "[2026-02-01T05:30:42,361][INFO ][o.o.j.s.JobSweeper       ] [leader1] Running full sweep\n", "SeverityText": "info"}
{"Resource": {"service.name": "opensearch"}, "Attributes": {"monitoring_services.filename": "/var/log/opensearch/hpc_monitoring.log"}, "Body": "[2026-02-01T05:30:46,259][INFO ][o.o.j.s.JobSweeper       ] [leader3] Running full sweep\n", "SeverityText": "info"}
{"Resource": {"service.name": "opensearch"}, "Attributes": {"monitoring_services.filename": "/var/log/opensearch/hpc_monitoring.log"}, "Body": "[2026-02-01T05:31:00,022][INFO ][o.o.j.s.JobSweeper       ] [admin] Running full sweep\n", "SeverityText": "info"}
{"Resource": {"service.name": "opensearch"}, "Attributes": {"monitoring_services.filename": "/var/log/opensearch/hpc_monitoring.log"}, "Body": "[2026-02-01T05:31:24,380][INFO ][o.o.j.s.JobSweeper       ] [leader2] Running full sweep\n", "SeverityText": "info"}
{"Resource": {"service.name": "kafka"}, "Attributes": {"monitoring_services.filename": "/var/log/kafka/kafkaServer-gc.log"}, "Body": "[2026-02-01T05:32:46.399+0530][gc,phases   ] GC(681)   Merge Heap Roots: 0.4ms\n", "SeverityText": ""}
{"Resource": {"service.name": "kafka"}, "Attributes": {"monitoring_services.filename": "/var/log/kafka/kafkaServer-gc.log"}, "Body": "[2026-02-01T05:32:46.399+0530][gc,phases   ] GC(681)   Post Evacuate Collection Set: 1.4ms\n", "SeverityText": ""}
{"Resource": {"service.name": "kafka"}, "Attributes": {"monitoring_services.filename": "/var/log/kafka/kafkaServer-gc.log"}, "Body": "[2026-02-01T05:32:46.399+0530][gc,phases   ] GC(681)   Other: 0.3ms\n", "SeverityText": ""}
{"Resource": {"service.name": "kafka"}, "Attributes": {"monitoring_services.filename": "/var/log/kafka/kafkaServer-gc.log"}, "Body": "[2026-02-01T05:32:46.399+0530][gc,heap     ] GC(681) Archive regions: 2->2\n", "SeverityText": ""}
{"Resource": {"service.name": "kafka"}, "Attributes": {"monitoring_services.filename": "/var/log/kafka/kafkaServer-gc.log"}, "Body": "[2026-02-01T05:32:46.399+0530][gc,metaspace] GC(681) Metaspace: 51586K(52288K)->51586K(52288K) NonClass: 45777K(46144K)->45777K(46144K) Class: 5808K(6144K)->5808K(6144K)\n", "SeverityText": ""}
{"Resource": {"service.name": "kafka"}, "Attributes": {"monitoring_services.filename": "/var/log/kafka/kafkaServer-gc.log"}, "Body": "[2026-02-01T05:32:46.399+0530][gc,cpu      ] GC(681) User=0.11s Sys=0.01s Real=0.00s\n", "SeverityText": ""}
{"Resource": {"service.name": "kafka"}, "Attributes": {"monitoring_services.filename": "/var/log/kafka/kafkaServer-gc.log"}, "Body": "[2026-02-01T05:32:46.394+0530][gc,start    ] GC(681) Pause Young (Normal) (G1 Evacuation Pause)\n", "SeverityText": ""}
{"Resource": {"service.name": "kafka"}, "Attributes": {"monitoring_services.filename": "/var/log/kafka/kafkaServer-gc.log"}, "Body": "[2026-02-01T05:32:46.394+0530][gc,task     ] GC(681) Using 33 workers of 33 for evacuation\n", "SeverityText": ""}
{"Resource": {"service.name": "kafka"}, "Attributes": {"monitoring_services.filename": "/var/log/kafka/kafkaServer-gc.log"}, "Body": "[2026-02-01T05:32:46.399+0530][gc,phases   ] GC(681)   Pre Evacuate Collection Set: 0.4ms\n", "SeverityText": ""}
{"Resource": {"service.name": "kafka"}, "Attributes": {"monitoring_services.filename": "/var/log/kafka/kafkaServer-gc.log"}, "Body": "[2026-02-01T05:32:46.399+0530][gc,phases   ] GC(681)   Evacuate Collection Set: 2.7ms\n", "SeverityText": ""}
{"Resource": {"service.name": "kafka"}, "Attributes": {"monitoring_services.filename": "/var/log/kafka/kafkaServer-gc.log"}, "Body": "[2026-02-01T05:32:46.399+0530][gc,heap     ] GC(681) Eden regions: 918->0(919)\n", "SeverityText": ""}
{"Resource": {"service.name": "kafka"}, "Attributes": {"monitoring_services.filename": "/var/log/kafka/kafkaServer-gc.log"}, "Body": "[2026-02-01T05:32:46.399+0530][gc,heap     ] GC(681) Survivor regions: 3->2(116)\n", "SeverityText": ""}
{"Resource": {"service.name": "kafka"}, "Attributes": {"monitoring_services.filename": "/var/log/kafka/kafkaServer-gc.log"}, "Body": "[2026-02-01T05:32:46.399+0530][gc,heap     ] GC(681) Old regions: 8->8\n", "SeverityText": ""}
{"Resource": {"service.name": "kafka"}, "Attributes": {"monitoring_services.filename": "/var/log/kafka/kafkaServer-gc.log"}, "Body": "[2026-02-01T05:32:46.399+0530][gc,heap     ] GC(681) Humongous regions: 33->33\n", "SeverityText": ""}
{"Resource": {"service.name": "kafka"}, "Attributes": {"monitoring_services.filename": "/var/log/kafka/kafkaServer-gc.log"}, "Body": "[2026-02-01T05:32:46.399+0530][gc          ] GC(681) Pause Young (Normal) (G1 Evacuation Pause) 3847M->173M(6144M) 5.192ms\n", "SeverityText": ""}
{"Resource": {"service.name": "kafka"}, "Attributes": {"monitoring_services.filename": "/var/log/kafka/kafkaServer-gc.log"}, "Body": "[2026-02-01T05:34:22.504+0530][gc,phases   ] GC(671)   Merge Heap Roots: 0.3ms\n", "SeverityText": ""}
{"Resource": {"service.name": "kafka"}, "Attributes": {"monitoring_services.filename": "/var/log/kafka/kafkaServer-gc.log"}, "Body": "[2026-02-01T05:34:22.504+0530][gc,phases   ] GC(671)   Evacuate Collection Set: 2.1ms\n", "SeverityText": ""}
{"Resource": {"service.name": "kafka"}, "Attributes": {"monitoring_services.filename": "/var/log/kafka/kafkaServer-gc.log"}, "Body": "[2026-02-01T05:34:22.504+0530][gc,phases   ] GC(671)   Post Evacuate Collection Set: 1.3ms\n", "SeverityText": ""}
{"Resource": {"service.name": "kafka"}, "Attributes": {"monitoring_services.filename": "/var/log/kafka/kafkaServer-gc.log"}, "Body": "[2026-02-01T05:34:22.504+0530][gc,phases   ] GC(671)   Other: 0.2ms\n", "SeverityText": ""}
{"Resource": {"service.name": "kafka"}, "Attributes": {"monitoring_services.filename": "/var/log/kafka/kafkaServer-gc.log"}, "Body": "[2026-02-01T05:34:22.504+0530][gc,heap     ] GC(671) Eden regions: 919->0(919)\n", "SeverityText": ""}
{"Resource": {"service.name": "kafka"}, "Attributes": {"monitoring_services.filename": "/var/log/kafka/kafkaServer-gc.log"}, "Body": "[2026-02-01T05:34:22.504+0530][gc,heap     ] GC(671) Old regions: 8->8\n", "SeverityText": ""}
{"Resource": {"service.name": "kafka"}, "Attributes": {"monitoring_services.filename": "/var/log/kafka/kafkaServer-gc.log"}, "Body": "[2026-02-01T05:34:22.504+0530][gc,heap     ] GC(671) Humongous regions: 33->33\n", "SeverityText": ""}
{"Resource": {"service.name": "kafka"}, "Attributes": {"monitoring_services.filename": "/var/log/kafka/kafkaServer-gc.log"}, "Body": "[2026-02-01T05:34:22.504+0530][gc          ] GC(671) Pause Young (Normal) (G1 Evacuation Pause) 3848M->172M(6144M) 4.265ms\n", "SeverityText": ""}
{"Resource": {"service.name": "kafka"}, "Attributes": {"monitoring_services.filename": "/var/log/kafka/kafkaServer-gc.log"}, "Body": "[2026-02-01T05:34:35.180+0530][gc,phases   ] GC(728)   Evacuate Collection Set: 3.4ms\n", "SeverityText": ""}
{"Resource": {"service.name": "kafka"}, "Attributes": {"monitoring_services.filename": "/var/log/kafka/kafkaServer-gc.log"}, "Body": "[2026-02-01T05:34:35.180+0530][gc,phases   ] GC(728)   Post Evacuate Collection Set: 1.2ms\n", "SeverityText": ""}
{"Resource": {"service.name": "kafka"}, "Attributes": {"monitoring_services.filename": "/var/log/kafka/kafkaServer-gc.log"}, "Body": "[2026-02-01T05:34:35.180+0530][gc,phases   ] GC(728)   Other: 0.3ms\n", "SeverityText": ""}
{"Resource": {"service.name": "kafka"}, "Attributes": {"monitoring_services.filename": "/var/log/kafka/kafkaServer-gc.log"}, "Body": "[2026-02-01T05:34:35.180+0530][gc,heap     ] GC(728) Survivor regions: 3->3(116)\n", "SeverityText": ""}
{"Resource": {"service.name": "kafka"}, "Attributes": {"monitoring_services.filename": "/var/log/kafka/kafkaServer-gc.log"}, "Body": "[2026-02-01T05:34:35.180+0530][gc,heap     ] GC(728) Archive regions: 2->2\n", "SeverityText": ""}
{"Resource": {"service.name": "kafka"}, "Attributes": {"monitoring_services.filename": "/var/log/kafka/kafkaServer-gc.log"}, "Body": "[2026-02-01T05:34:35.180+0530][gc,metaspace] GC(728) Metaspace: 55247K(56192K)->55247K(56192K) NonClass: 48808K(49344K)->48808K(49344K) Class: 6438K(6848K)->6438K(6848K)\n", "SeverityText": ""}
{"Resource": {"service.name": "kafka"}, "Attributes": {"monitoring_services.filename": "/var/log/kafka/kafkaServer-gc.log"}, "Body": "[2026-02-01T05:34:35.180+0530][gc,cpu      ] GC(728) User=0.11s Sys=0.02s Real=0.01s\n", "SeverityText": ""}
{"Resource": {"service.name": "kafka"}, "Attributes": {"monitoring_services.filename": "/var/log/kafka/controller.log"}, "Body": "[2026-02-01 05:34:51,715] DEBUG [Controller id=1001] Topics not in preferred replica for broker 1003 HashMap() (kafka.controller.KafkaController)\n", "SeverityText": "debug"}
{"Resource": {"service.name": "kafka"}, "Attributes": {"monitoring_services.filename": "/var/log/kafka/controller.log"}, "Body": "[2026-02-01 05:34:51,715] TRACE [Controller id=1001] Leader imbalance ratio for broker 1003 is 0.0 (kafka.controller.KafkaController)\n", "SeverityText": ""}
{"Resource": {"service.name": "kafka"}, "Attributes": {"monitoring_services.filename": "/var/log/kafka/controller.log"}, "Body": "[2026-02-01 05:34:51,715] DEBUG [Controller id=1001] Topics not in preferred replica for broker 1004 HashMap() (kafka.controller.KafkaController)\n", "SeverityText": "debug"}
{"Resource": {"service.name": "kafka"}, "Attributes": {"monitoring_services.filename": "/var/log/kafka/controller.log"}, "Body": "[2026-02-01 05:34:51,715] TRACE [Controller id=1001] Leader imbalance ratio for broker 1004 is 0.0 (kafka.controller.KafkaController)\n", "SeverityText": ""}
{"Resource": {"service.name": "kafka"}, "Attributes": {"monitoring_services.filename": "/var/log/kafka/controller.log"}, "Body": "[2026-02-01 05:34:51,714] INFO [Controller id=1001] Processing automatic preferred replica leader election (kafka.controller.KafkaController)\n", "SeverityText": "info"}
{"Resource": {"service.name": "kafka"}, "Attributes": {"monitoring_services.filename": "/var/log/kafka/controller.log"}, "Body": "[2026-02-01 05:34:51,714] TRACE [Controller id=1001] Checking need to trigger auto leader balancing (kafka.controller.KafkaController)\n", "SeverityText": ""}
{"Resource": {"service.name": "kafka"}, "Attributes": {"monitoring_services.filename": "/var/log/kafka/controller.log"}, "Body": "[2026-02-01 05:34:51,715] DEBUG [Controller id=1001] Topics not in preferred replica for broker 1001 HashMap() (kafka.controller.KafkaController)\n", "SeverityText": "debug"}
{"Resource": {"service.name": "kafka"}, "Attributes": {"monitoring_services.filename": "/var/log/kafka/controller.log"}, "Body": "[2026-02-01 05:34:51,715] TRACE [Controller id=1001] Leader imbalance ratio for broker 1001 is 0.0 (kafka.controller.KafkaController)\n", "SeverityText": ""}
{"Resource": {"service.name": "kafka"}, "Attributes": {"monitoring_services.filename": "/var/log/kafka/controller.log"}, "Body": "[2026-02-01 05:34:51,715] DEBUG [Controller id=1001] Topics not in preferred replica for broker 1002 HashMap() (kafka.controller.KafkaController)\n", "SeverityText": "debug"}
{"Resource": {"service.name": "opensearch"}, "Attributes": {"monitoring_services.filename": "/var/log/opensearch/hpc_monitoring.log"}, "Body": "[2026-02-01T05:30:42,361][INFO ][o.o.j.s.JobSweeper       ] [leader1] Running full sweep\n", "SeverityText": "info"}
{"Resource": {"service.name": "opensearch"}, "Attributes": {"monitoring_services.filename": "/var/log/opensearch/hpc_monitoring.log"}, "Body": "[2026-02-01T05:30:46,259][INFO ][o.o.j.s.JobSweeper       ] [leader3] Running full sweep\n", "SeverityText": "info"}
{"Resource": {"service.name": "opensearch"}, "Attributes": {"monitoring_services.filename": "/var/log/opensearch/hpc_monitoring.log"}, "Body": "[2026-02-01T05:31:00,022][INFO ][o.o.j.s.JobSweeper       ] [admin] Running full sweep\n", "SeverityText": "info"}
{"Resource": {"service.name": "opensearch"}, "Attributes": {"monitoring_services.filename": "/var/log/opensearch/hpc_monitoring.log"}, "Body": "[2026-02-01T05:31:24,380][INFO ][o.o.j.s.JobSweeper       ] [leader2] Running full sweep\n", "SeverityText": "info"}
{"Resource": {"service.name": "kafka"}, "Attributes": {"monitoring_services.filename": "/var/log/kafka/kafkaServer-gc.log"}, "Body": "[2026-02-01T05:32:46.399+0530][gc,phases   ] GC(681)   Merge Heap Roots: 0.4ms\n", "SeverityText": ""}
{"Resource": {"service.name": "kafka"}, "Attributes": {"monitoring_services.filename": "/var/log/kafka/kafkaServer-gc.log"}, "Body": "[2026-02-01T05:32:46.399+0530][gc,phases   ] GC(681)   Post Evacuate Collection Set: 1.4ms\n", "SeverityText": ""}
{"Resource": {"service.name": "kafka"}, "Attributes": {"monitoring_services.filename": "/var/log/kafka/kafkaServer-gc.log"}, "Body": "[2026-02-01T05:32:46.399+0530][gc,phases   ] GC(681)   Other: 0.3ms\n", "SeverityText": ""}
{"Resource": {"service.name": "kafka"}, "Attributes": {"monitoring_services.filename": "/var/log/kafka/kafkaServer-gc.log"}, "Body": "[2026-02-01T05:32:46.399+0530][gc,heap     ] GC(681) Archive regions: 2->2\n", "SeverityText": ""}
{"Resource": {"service.name": "kafka"}, "Attributes": {"monitoring_services.filename": "/var/log/kafka/kafkaServer-gc.log"}, "Body": "[2026-02-01T05:32:46.399+0530][gc,metaspace] GC(681) Metaspace: 51586K(52288K)->51586K(52288K) NonClass: 45777K(46144K)->45777K(46144K) Class: 5808K(6144K)->5808K(6144K)\n", "SeverityText": ""}
{"Resource": {"service.name": "kafka"}, "Attributes": {"monitoring_services.filename": "/var/log/kafka/kafkaServer-gc.log"}, "Body": "[2026-02-01T05:32:46.399+0530][gc,cpu      ] GC(681) User=0.11s Sys=0.01s Real=0.00s\n", "SeverityText": ""}
{"Resource": {"service.name": "kafka"}, "Attributes": {"monitoring_services.filename": "/var/log/kafka/kafkaServer-gc.log"}, "Body": "[2026-02-01T05:32:46.394+0530][gc,start    ] GC(681) Pause Young (Normal) (G1 Evacuation Pause)\n", "SeverityText": ""}
{"Resource": {"service.name": "kafka"}, "Attributes": {"monitoring_services.filename": "/var/log/kafka/kafkaServer-gc.log"}, "Body": "[2026-02-01T05:32:46.394+0530][gc,task     ] GC(681) Using 33 workers of 33 for evacuation\n", "SeverityText": ""}
{"Resource": {"service.name": "kafka"}, "Attributes": {"monitoring_services.filename": "/var/log/kafka/kafkaServer-gc.log"}, "Body": "[2026-02-01T05:32:46.399+0530][gc,phases   ] GC(681)   Pre Evacuate Collection Set: 0.4ms\n", "SeverityText": ""}
{"Resource": {"service.name": "kafka"}, "Attributes": {"monitoring_services.filename": "/var/log/kafka/kafkaServer-gc.log"}, "Body": "[2026-02-01T05:32:46.399+0530][gc,phases   ] GC(681)   Evacuate Collection Set: 2.7ms\n", "SeverityText": ""}
{"Resource": {"service.name": "kafka"}, "Attributes": {"monitoring_services.filename": "/var/log/kafka/kafkaServer-gc.log"}, "Body": "[2026-02-01T05:32:46.399+0530][gc,heap     ] GC(681) Eden regions: 918->0(919)\n", "SeverityText": ""}
{"Resource": {"service.name": "kafka"}, "Attributes": {"monitoring_services.filename": "/var/log/kafka/kafkaServer-gc.log"}, "Body": "[2026-02-01T05:32:46.399+0530][gc,heap     ] GC(681) Survivor regions: 3->2(116)\n", "SeverityText": ""}
{"Resource": {"service.name": "kafka"}, "Attributes": {"monitoring_services.filename": "/var/log/kafka/kafkaServer-gc.log"}, "Body": "[2026-02-01T05:32:46.399+0530][gc,heap     ] GC(681) Old regions: 8->8\n", "SeverityText": ""}
{"Resource": {"service.name": "kafka"}, "Attributes": {"monitoring_services.filename": "/var/log/kafka/kafkaServer-gc.log"}, "Body": "[2026-02-01T05:32:46.399+0530][gc,heap     ] GC(681) Humongous regions: 33->33\n", "SeverityText": ""}
{"Resource": {"service.name": "kafka"}, "Attributes": {"monitoring_services.filename": "/var/log/kafka/kafkaServer-gc.log"}, "Body": "[2026-02-01T05:32:46.399+0530][gc          ] GC(681) Pause Young (Normal) (G1 Evacuation Pause) 3847M->173M(6144M) 5.192ms\n", "SeverityText": ""}
{"Resource": {"service.name": "kafka"}, "Attributes": {"monitoring_services.filename": "/var/log/kafka/kafkaServer-gc.log"}, "Body": "[2026-02-01T05:34:22.504+0530][gc,phases   ] GC(671)   Merge Heap Roots: 0.3ms\n", "SeverityText": ""}
{"Resource": {"service.name": "kafka"}, "Attributes": {"monitoring_services.filename": "/var/log/kafka/kafkaServer-gc.log"}, "Body": "[2026-02-01T05:34:22.504+0530][gc,phases   ] GC(671)   Evacuate Collection Set: 2.1ms\n", "SeverityText": ""}
{"Resource": {"service.name": "kafka"}, "Attributes": {"monitoring_services.filename": "/var/log/kafka/kafkaServer-gc.log"}, "Body": "[2026-02-01T05:34:22.504+0530][gc,phases   ] GC(671)   Post Evacuate Collection Set: 1.3ms\n", "SeverityText": ""}
{"Resource": {"service.name": "kafka"}, "Attributes": {"monitoring_services.filename": "/var/log/kafka/kafkaServer-gc.log"}, "Body": "[2026-02-01T05:34:22.504+0530][gc,phases   ] GC(671)   Other: 0.2ms\n", "SeverityText": ""}
{"Resource": {"service.name": "kafka"}, "Attributes": {"monitoring_services.filename": "/var/log/kafka/kafkaServer-gc.log"}, "Body": "[2026-02-01T05:34:22.504+0530][gc,heap     ] GC(671) Eden regions: 919->0(919)\n", "SeverityText": ""}
{"Resource": {"service.name": "kafka"}, "Attributes": {"monitoring_services.filename": "/var/log/kafka/kafkaServer-gc.log"}, "Body": "[2026-02-01T05:34:22.504+0530][gc,heap     ] GC(671) Old regions: 8->8\n", "SeverityText": ""}
{"Resource": {"service.name": "kafka"}, "Attributes": {"monitoring_services.filename": "/var/log/kafka/kafkaServer-gc.log"}, "Body": "[2026-02-01T05:34:22.504+0530][gc,heap     ] GC(671) Humongous regions: 33->33\n", "SeverityText": ""}
{"Resource": {"service.name": "kafka"}, "Attributes": {"monitoring_services.filename": "/var/log/kafka/kafkaServer-gc.log"}, "Body": "[2026-02-01T05:34:22.504+0530][gc          ] GC(671) Pause Young (Normal) (G1 Evacuation Pause) 3848M->172M(6144M) 4.265ms\n", "SeverityText": ""}
{"Resource": {"service.name": "kafka"}, "Attributes": {"monitoring_services.filename": "/var/log/kafka/kafkaServer-gc.log"}, "Body": "[2026-02-01T05:34:35.180+0530][gc,phases   ] GC(728)   Evacuate Collection Set: 3.4ms\n", "SeverityText": ""}
{"Resource": {"service.name": "kafka"}, "Attributes": {"monitoring_services.filename": "/var/log/kafka/kafkaServer-gc.log"}, "Body": "[2026-02-01T05:34:35.180+0530][gc,phases   ] GC(728)   Post Evacuate Collection Set: 1.2ms\n", "SeverityText": ""}
{"Resource": {"service.name": "kafka"}, "Attributes": {"monitoring_services.filename": "/var/log/kafka/kafkaServer-gc.log"}, "Body": "[2026-02-01T05:34:35.180+0530][gc,phases   ] GC(728)   Other: 0.3ms\n", "SeverityText": ""}
{"Resource": {"service.name": "kafka"}, "Attributes": {"monitoring_services.filename": "/var/log/kafka/kafkaServer-gc.log"}, "Body": "[2026-02-01T05:34:35.180+0530][gc,heap     ] GC(728) Survivor regions: 3->3(116)\n", "SeverityText": ""}
{"Resource": {"service.name": "kafka"}, "Attributes": {"monitoring_services.filename": "/var/log/kafka/kafkaServer-gc.log"}, "Body": "[2026-02-01T05:34:35.180+0530][gc,heap     ] GC(728) Archive regions: 2->2\n", "SeverityText": ""}
{"Resource": {"service.name": "kafka"}, "Attributes": {"monitoring_services.filename": "/var/log/kafka/kafkaServer-gc.log"}, "Body": "[2026-02-01T05:34:35.180+0530][gc,metaspace] GC(728) Metaspace: 55247K(56192K)->55247K(56192K) NonClass: 48808K(49344K)->48808K(49344K) Class: 6438K(6848K)->6438K(6848K)\n", "SeverityText": ""}
{"Resource": {"service.name": "kafka"}, "Attributes": {"monitoring_services.filename": "/var/log/kafka/kafkaServer-gc.log"}, "Body": "[2026-02-01T05:34:35.180+0530][gc,cpu      ] GC(728) User=0.11s Sys=0.02s Real=0.01s\n", "SeverityText": ""}
{"Resource": {"service.name": "kafka"}, "Attributes": {"monitoring_services.filename": "/var/log/kafka/controller.log"}, "Body": "[2026-02-01 05:34:51,715] DEBUG [Controller id=1001] Topics not in preferred replica for broker 1003 HashMap() (kafka.controller.KafkaController)\n", "SeverityText": "debug"}
{"Resource": {"service.name": "kafka"}, "Attributes": {"monitoring_services.filename": "/var/log/kafka/controller.log"}, "Body": "[2026-02-01 05:34:51,715] TRACE [Controller id=1001] Leader imbalance ratio for broker 1003 is 0.0 (kafka.controller.KafkaController)\n", "SeverityText": ""}
{"Resource": {"service.name": "kafka"}, "Attributes": {"monitoring_services.filename": "/var/log/kafka/controller.log"}, "Body": "[2026-02-01 05:34:51,715] DEBUG [Controller id=1001] Topics not in preferred replica for broker 1004 HashMap() (kafka.controller.KafkaController)\n", "SeverityText": "debug"}
{"Resource": {"service.name": "kafka"}, "Attributes": {"monitoring_services.filename": "/var/log/kafka/controller.log"}, "Body": "[2026-02-01 05:34:51,715] TRACE [Controller id=1001] Leader imbalance ratio for broker 1004 is 0.0 (kafka.controller.KafkaController)\n", "SeverityText": ""}
{"Resource": {"service.name": "kafka"}, "Attributes": {"monitoring_services.filename": "/var/log/kafka/controller.log"}, "Body": "[2026-02-01 05:34:51,714] INFO [Controller id=1001] Processing automatic preferred replica leader election (kafka.controller.KafkaController)\n", "SeverityText": "info"}
{"Resource": {"service.name": "kafka"}, "Attributes": {"monitoring_services.filename": "/var/log/kafka/controller.log"}, "Body": "[2026-02-01 05:34:51,714] TRACE [Controller id=1001] Checking need to trigger auto leader balancing (kafka.controller.KafkaController)\n", "SeverityText": ""}
{"Resource": {"service.name": "kafka"}, "Attributes": {"monitoring_services.filename": "/var/log/kafka/controller.log"}, "Body": "[2026-02-01 05:34:51,715] DEBUG [Controller id=1001] Topics not in preferred replica for broker 1001 HashMap() (kafka.controller.KafkaController)\n", "SeverityText": "debug"}
{"Resource": {"service.name": "kafka"}, "Attributes": {"monitoring_services.filename": "/var/log/kafka/controller.log"}, "Body": "[2026-02-01 05:34:51,715] TRACE [Controller id=1001] Leader imbalance ratio for broker 1001 is 0.0 (kafka.controller.KafkaController)\n", "SeverityText": ""}
{"Resource": {"service.name": "kafka"}, "Attributes": {"monitoring_services.filename": "/var/log/kafka/controller.log"}, "Body": "[2026-02-01 05:34:51,715] DEBUG [Controller id=1001] Topics not in preferred replica for broker 1002 HashMap() (kafka.controller.KafkaController)\n", "SeverityText": "debug"}
{"Resource": {"service.name": "kafka"}, "Attributes": {"monitoring_services.filename": "/var/log/kafka/controller.log"}, "Body": "[2026-02-01 05:34:51,715] TRACE [Controller id=1001] Leader imbalance ratio for broker 1002 is 0.0 (kafka.controller.KafkaController)\n", "SeverityText": ""}
{"Resource": {"service.name": "opensearch"}, "Attributes": {"monitoring_services.filename": "/var/log/opensearch/hpc_monitoring.log"}, "Body": "[2026-02-01T05:30:42,361][INFO ][o.o.j.s.JobSweeper       ] [leader1] Running full sweep\n", "SeverityText": "info"}
{"Resource": {"service.name": "opensearch"}, "Attributes": {"monitoring_services.filename": "/var/log/opensearch/hpc_monitoring.log"}, "Body": "[2026-02-01T05:30:46,259][INFO ][o.o.j.s.JobSweeper       ] [leader3] Running full sweep\n", "SeverityText": "info"}
{"Resource": {"service.name": "opensearch"}, "Attributes": {"monitoring_services.filename": "/var/log/opensearch/hpc_monitoring.log"}, "Body": "[2026-02-01T05:31:00,022][INFO ][o.o.j.s.JobSweeper       ] [admin] Running full sweep\n", "SeverityText": "info"}
{"Resource": {"service.name": "opensearch"}, "Attributes": {"monitoring_services.filename": "/var/log/opensearch/hpc_monitoring.log"}, "Body": "[2026-02-01T05:31:24,380][INFO ][o.o.j.s.JobSweeper       ] [leader2] Running full sweep\n", "SeverityText": "info"}
{"Resource": {"service.name": "kafka"}, "Attributes": {"monitoring_services.filename": "/var/log/kafka/kafkaServer-gc.log"}, "Body": "[2026-02-01T05:32:46.399+0530][gc,phases   ] GC(681)   Merge Heap Roots: 0.4ms\n", "SeverityText": ""}
{"Resource": {"service.name": "kafka"}, "Attributes": {"monitoring_services.filename": "/var/log/kafka/kafkaServer-gc.log"}, "Body": "[2026-02-01T05:32:46.399+0530][gc,phases   ] GC(681)   Post Evacuate Collection Set: 1.4ms\n", "SeverityText": ""}
{"Resource": {"service.name": "kafka"}, "Attributes": {"monitoring_services.filename": "/var/log/kafka/kafkaServer-gc.log"}, "Body": "[2026-02-01T05:32:46.399+0530][gc,phases   ] GC(681)   Other: 0.3ms\n", "SeverityText": ""}
{"Resource": {"service.name": "kafka"}, "Attributes": {"monitoring_services.filename": "/var/log/kafka/kafkaServer-gc.log"}, "Body": "[2026-02-01T05:32:46.399+0530][gc,heap     ] GC(681) Archive regions: 2->2\n", "SeverityText": ""}
{"Resource": {"service.name": "kafka"}, "Attributes": {"monitoring_services.filename": "/var/log/kafka/kafkaServer-gc.log"}, "Body": "[2026-02-01T05:32:46.399+0530][gc,metaspace] GC(681) Metaspace: 51586K(52288K)->51586K(52288K) NonClass: 45777K(46144K)->45777K(46144K) Class: 5808K(6144K)->5808K(6144K)\n", "SeverityText": ""}
{"Resource": {"service.name": "kafka"}, "Attributes": {"monitoring_services.filename": "/var/log/kafka/kafkaServer-gc.log"}, "Body": "[2026-02-01T05:32:46.399+0530][gc,cpu      ] GC(681) User=0.11s Sys=0.01s Real=0.00s\n", "SeverityText": ""}
{"Resource": {"service.name": "kafka"}, "Attributes": {"monitoring_services.filename": "/var/log/kafka/kafkaServer-gc.log"}, "Body": "[2026-02-01T05:32:46.394+0530][gc,start    ] GC(681) Pause Young (Normal) (G1 Evacuation Pause)\n", "SeverityText": ""}
{"Resource": {"service.name": "kafka"}, "Attributes": {"monitoring_services.filename": "/var/log/kafka/kafkaServer-gc.log"}, "Body": "[2026-02-01T05:32:46.394+0530][gc,task     ] GC(681) Using 33 workers of 33 for evacuation\n", "SeverityText": ""}
{"Resource": {"service.name": "kafka"}, "Attributes": {"monitoring_services.filename": "/var/log/kafka/kafkaServer-gc.log"}, "Body": "[2026-02-01T05:32:46.399+0530][gc,phases   ] GC(681)   Pre Evacuate Collection Set: 0.4ms\n", "SeverityText": ""}
{"Resource": {"service.name": "kafka"}, "Attributes": {"monitoring_services.filename": "/var/log/kafka/kafkaServer-gc.log"}, "Body": "[2026-02-01T05:32:46.399+0530][gc,phases   ] GC(681)   Evacuate Collection Set: 2.7ms\n", "SeverityText": ""}
{"Resource": {"service.name": "kafka"}, "Attributes": {"monitoring_services.filename": "/var/log/kafka/kafkaServer-gc.log"}, "Body": "[2026-02-01T05:32:46.399+0530][gc,heap     ] GC(681) Eden regions: 918->0(919)\n", "SeverityText": ""}
{"Resource": {"service.name": "kafka"}, "Attributes": {"monitoring_services.filename": "/var/log/kafka/kafkaServer-gc.log"}, "Body": "[2026-02-01T05:32:46.399+0530][gc,heap     ] GC(681) Survivor regions: 3->2(116)\n", "SeverityText": ""}
{"Resource": {"service.name": "kafka"}, "Attributes": {"monitoring_services.filename": "/var/log/kafka/kafkaServer-gc.log"}, "Body": "[2026-02-01T05:32:46.399+0530][gc,heap     ] GC(681) Old regions: 8->8\n", "SeverityText": ""}
{"Resource": {"service.name": "kafka"}, "Attributes": {"monitoring_services.filename": "/var/log/kafka/kafkaServer-gc.log"}, "Body": "[2026-02-01T05:32:46.399+0530][gc,heap     ] GC(681) Humongous regions: 33->33\n", "SeverityText": ""}
{"Resource": {"service.name": "kafka"}, "Attributes": {"monitoring_services.filename": "/var/log/kafka/kafkaServer-gc.log"}, "Body": "[2026-02-01T05:32:46.399+0530][gc          ] GC(681) Pause Young (Normal) (G1 Evacuation Pause) 3847M->173M(6144M) 5.192ms\n", "SeverityText": ""}
{"Resource": {"service.name": "kafka"}, "Attributes": {"monitoring_services.filename": "/var/log/kafka/kafkaServer-gc.log"}, "Body": "[2026-02-01T05:34:22.504+0530][gc,phases   ] GC(671)   Merge Heap Roots: 0.3ms\n", "SeverityText": ""}
{"Resource": {"service.name": "kafka"}, "Attributes": {"monitoring_services.filename": "/var/log/kafka/kafkaServer-gc.log"}, "Body": "[2026-02-01T05:34:22.504+0530][gc,phases   ] GC(671)   Evacuate Collection Set: 2.1ms\n", "SeverityText": ""}
{"Resource": {"service.name": "kafka"}, "Attributes": {"monitoring_services.filename": "/var/log/kafka/kafkaServer-gc.log"}, "Body": "[2026-02-01T05:34:22.504+0530][gc,phases   ] GC(671)   Post Evacuate Collection Set: 1.3ms\n", "SeverityText": ""}
{"Resource": {"service.name": "kafka"}, "Attributes": {"monitoring_services.filename": "/var/log/kafka/kafkaServer-gc.log"}, "Body": "[2026-02-01T05:34:22.504+0530][gc,phases   ] GC(671)   Other: 0.2ms\n", "SeverityText": ""}
{"Resource": {"service.name": "kafka"}, "Attributes": {"monitoring_services.filename": "/var/log/kafka/kafkaServer-gc.log"}, "Body": "[2026-02-01T05:34:22.504+0530][gc,heap     ] GC(671) Eden regions: 919->0(919)\n", "SeverityText": ""}
{"Resource": {"service.name": "kafka"}, "Attributes": {"monitoring_services.filename": "/var/log/kafka/kafkaServer-gc.log"}, "Body": "[2026-02-01T05:34:22.504+0530][gc,heap     ] GC(671) Old regions: 8->8\n", "SeverityText": ""}
{"Resource": {"service.name": "kafka"}, "Attributes": {"monitoring_services.filename": "/var/log/kafka/kafkaServer-gc.log"}, "Body": "[2026-02-01T05:34:22.504+0530][gc,heap     ] GC(671) Humongous regions: 33->33\n", "SeverityText": ""}
{"Resource": {"service.name": "kafka"}, "Attributes": {"monitoring_services.filename": "/var/log/kafka/kafkaServer-gc.log"}, "Body": "[2026-02-01T05:34:22.504+0530][gc          ] GC(671) Pause Young (Normal) (G1 Evacuation Pause) 3848M->172M(6144M) 4.265ms\n", "SeverityText": ""}
{"Resource": {"service.name": "kafka"}, "Attributes": {"monitoring_services.filename": "/var/log/kafka/kafkaServer-gc.log"}, "Body": "[2026-02-01T05:34:35.180+0530][gc,phases   ] GC(728)   Evacuate Collection Set: 3.4ms\n", "SeverityText": ""}
{"Resource": {"service.name": "kafka"}, "Attributes": {"monitoring_services.filename": "/var/log/kafka/kafkaServer-gc.log"}, "Body": "[2026-02-01T05:34:35.180+0530][gc,phases   ] GC(728)   Post Evacuate Collection Set: 1.2ms\n", "SeverityText": ""}
{"Resource": {"service.name": "kafka"}, "Attributes": {"monitoring_services.filename": "/var/log/kafka/kafkaServer-gc.log"}, "Body": "[2026-02-01T05:34:35.180+0530][gc,phases   ] GC(728)   Other: 0.3ms\n", "SeverityText": ""}
{"Resource": {"service.name": "kafka"}, "Attributes": {"monitoring_services.filename": "/var/log/kafka/kafkaServer-gc.log"}, "Body": "[2026-02-01T05:34:35.180+0530][gc,heap     ] GC(728) Survivor regions: 3->3(116)\n", "SeverityText": ""}
{"Resource": {"service.name": "kafka"}, "Attributes": {"monitoring_services.filename": "/var/log/kafka/kafkaServer-gc.log"}, "Body": "[2026-02-01T05:34:35.180+0530][gc,heap     ] GC(728) Archive regions: 2->2\n", "SeverityText": ""}
{"Resource": {"service.name": "kafka"}, "Attributes": {"monitoring_services.filename": "/var/log/kafka/kafkaServer-gc.log"}, "Body": "[2026-02-01T05:34:35.180+0530][gc,metaspace] GC(728) Metaspace: 55247K(56192K)->55247K(56192K) NonClass: 48808K(49344K)->48808K(49344K) Class: 6438K(6848K)->6438K(6848K)\n", "SeverityText": ""}
{"Resource": {"service.name": "kafka"}, "Attributes": {"monitoring_services.filename": "/var/log/kafka/kafkaServer-gc.log"}, "Body": "[2026-02-01T05:34:35.180+0530][gc,cpu      ] GC(728) User=0.11s Sys=0.02s Real=0.01s\n", "SeverityText": ""}
{"Resource": {"service.name": "kafka"}, "Attributes": {"monitoring_services.filename": "/var/log/kafka/controller.log"}, "Body": "[2026-02-01 05:34:51,715] DEBUG [Controller id=1001] Topics not in preferred replica for broker 1003 HashMap() (kafka.controller.KafkaController)\n", "SeverityText": "debug"}
{"Resource": {"service.name": "kafka"}, "Attributes": {"monitoring_services.filename": "/var/log/kafka/controller.log"}, "Body": "[2026-02-01 05:34:51,715] TRACE [Controller id=1001] Leader imbalance ratio for broker 1003 is 0.0 (kafka.controller.KafkaController)\n", "SeverityText": ""}
{"Resource": {"service.name": "kafka"}, "Attributes": {"monitoring_services.filename": "/var/log/kafka/controller.log"}, "Body": "[2026-02-01 05:34:51,715] DEBUG [Controller id=1001] Topics not in preferred replica for broker 1004 HashMap() (kafka.controller.KafkaController)\n", "SeverityText": "debug"}
{"Resource": {"service.name": "kafka"}, "Attributes": {"monitoring_services.filename": "/var/log/kafka/controller.log"}, "Body": "[2026-02-01 05:34:51,715] TRACE [Controller id=1001] Leader imbalance ratio for broker 1004 is 0.0 (kafka.controller.KafkaController)\n", "SeverityText": ""}
{"Resource": {"service.name": "kafka"}, "Attributes": {"monitoring_services.filename": "/var/log/kafka/controller.log"}, "Body": "[2026-02-01 05:34:51,714] INFO [Controller id=1001] Processing automatic preferred replica leader election (kafka.controller.KafkaController)\n", "SeverityText": "info"}
{"Resource": {"service.name": "kafka"}, "Attributes": {"monitoring_services.filename": "/var/log/kafka/controller.log"}, "Body": "[2026-02-01 05:34:51,714] TRACE [Controller id=1001] Checking need to trigger auto leader balancing (kafka.controller.KafkaController)\n", "SeverityText": ""}
{"Resource": {"service.name": "kafka"}, "Attributes": {"monitoring_services.filename": "/var/log/kafka/controller.log"}, "Body": "[2026-02-01 05:34:51,715] DEBUG [Controller id=1001] Topics not in preferred replica for broker 1001 HashMap() (kafka.controller.KafkaController)\n", "SeverityText": "debug"}
{"Resource": {"service.name": "kafka"}, "Attributes": {"monitoring_services.filename": "/var/log/kafka/controller.log"}, "Body": "[2026-02-01 05:34:51,715] TRACE [Controller id=1001] Leader imbalance ratio for broker 1001 is 0.0 (kafka.controller.KafkaController)\n", "SeverityText": ""}
{"Resource": {"service.name": "kafka"}, "Attributes": {"monitoring_services.filename": "/var/log/kafka/controller.log"}, "Body": "[2026-02-01 05:34:51,715] DEBUG [Controller id=1001] Topics not in preferred replica for broker 1002 HashMap() (kafka.controller.KafkaController)\n", "SeverityText": "debug"}
{"Resource": {"service.name": "kafka"}, "Attributes": {"monitoring_services.filename": "/var/log/kafka/controller.log"}, "Body": "[2026-02-01 05:34:51,715] TRACE [Controller id=1001] Leader imbalance ratio for broker 1002 is 0.0 (kafka.controller.KafkaController)\n", "SeverityText": ""}
{"Resource": {"service.name": "opensearch"}, "Attributes": {"monitoring_services.filename": "/var/log/opensearch/hpc_monitoring.log"}, "Body": "[2026-02-01T05:35:03,139][INFO ][o.o.a.u.d.DestinationMigrationCoordinator] [leader1] Cancelling the migration process.\n", "SeverityText": "info"}
{"Resource": {"service.name": "opensearch"}, "Attributes": {"monitoring_services.filename": "/var/log/opensearch/hpc_monitoring.log"}, "Body": "[2026-02-01T05:35:03,212][INFO ][o.o.a.u.d.DestinationMigrationCoordinator] [admin] Cancelling the migration process.\n", "SeverityText": "info"}
{"Resource": {"service.name": "opensearch"}, "Attributes": {"monitoring_services.filename": "/var/log/opensearch/hpc_monitoring.log"}, "Body": "[2026-02-01T05:35:03,388][INFO ][o.o.a.u.d.DestinationMigrationCoordinator] [admin] Cancelling the migration process.\n", "SeverityText": "info"}
{"Resource": {"service.name": "opensearch"}, "Attributes": {"monitoring_services.filename": "/var/log/opensearch/hpc_monitoring.log"}, "Body": "[2026-02-01T05:35:03,308][INFO ][o.o.a.u.d.DestinationMigrationCoordinator] [leader1] Cancelling the migration process.\n", "SeverityText": "info"}
{"Resource": {"service.name": "opensearch"}, "Attributes": {"monitoring_services.filename": "/var/log/opensearch/hpc_monitoring.log"}, "Body": "[2026-02-01T05:35:03,394][INFO ][o.o.p.PluginsService     ] [leader3] PluginService:onIndexModule index:[top_queries-2026.02.01-95521/k4Yo3QSZT36Z_ylumM3Tnw]\n", "SeverityText": "info"}
{"Resource": {"service.name": "opensearch"}, "Attributes": {"monitoring_services.filename": "/var/log/opensearch/hpc_monitoring.log"}, "Body": "[2026-02-01T05:35:46,259][INFO ][o.o.s.s.c.FlintStreamingJobHouseKeeperTask] [leader3] Starting housekeeping task for auto refresh streaming jobs.\n", "SeverityText": "info"}
{"Resource": {"service.name": "kafka"}, "Attributes": {"monitoring_services.filename": "/var/log/kafka/kafkaServer-gc.log"}, "Body": "[2026-02-01T05:36:48.528+0530][gc,phases   ] GC(661)   Merge Heap Roots: 0.3ms\n", "SeverityText": ""}
{"Resource": {"service.name": "kafka"}, "Attributes": {"monitoring_services.filename": "/var/log/kafka/kafkaServer-gc.log"}, "Body": "[2026-02-01T05:36:48.528+0530][gc,phases   ] GC(661)   Evacuate Collection Set: 2.5ms\n", "SeverityText": ""}
{"Resource": {"service.name": "kafka"}, "Attributes": {"monitoring_services.filename": "/var/log/kafka/kafkaServer-gc.log"}, "Body": "[2026-02-01T05:36:48.528+0530][gc,phases   ] GC(661)   Pre Evacuate Collection Set: 0.3ms\n", "SeverityText": ""}
{"Resource": {"service.name": "kafka"}, "Attributes": {"monitoring_services.filename": "/var/log/kafka/kafkaServer-gc.log"}, "Body": "[2026-02-01T05:36:48.528+0530][gc,cpu      ] GC(661) User=0.10s Sys=0.00s Real=0.00s\n", "SeverityText": ""}
{"Resource": {"service.name": "kafka"}, "Attributes": {"monitoring_services.filename": "/var/log/kafka/controller.log"}, "Body": "[2026-02-01 05:39:51,715] INFO [Controller id=1001] Processing automatic preferred replica leader election (kafka.controller.KafkaController)\n", "SeverityText": "info"}
{"Resource": {"service.name": "kafka"}, "Attributes": {"monitoring_services.filename": "/var/log/kafka/controller.log"}, "Body": "[2026-02-01 05:39:51,716] DEBUG [Controller id=1001] Topics not in preferred replica for broker 1003 HashMap() (kafka.controller.KafkaController)\n", "SeverityText": "debug"}
{"Resource": {"service.name": "kafka"}, "Attributes": {"monitoring_services.filename": "/var/log/kafka/controller.log"}, "Body": "[2026-02-01 05:39:51,716] DEBUG [Controller id=1001] Topics not in preferred replica for broker 1004 HashMap() (kafka.controller.KafkaController)\n", "SeverityText": "debug"}
{"Resource": {"service.name": "opensearch"}, "Attributes": {"monitoring_services.filename": "/var/log/opensearch/hpc_monitoring.log"}, "Body": "[2026-02-01T05:41:24,381][INFO ][o.o.j.s.JobSweeper       ] [leader2] Running full sweep\n", "SeverityText": "info"}
{"Resource": {"service.name": "kafka"}, "Attributes": {"monitoring_services.filename": "/var/log/kafka/kafkaServer-gc.log"}, "Body": "[2026-02-01T05:42:18.711+0530][gc,start    ] GC(682) Pause Young (Normal) (G1 Evacuation Pause)\n", "SeverityText": ""}
