{"Resource": {"service.name": "opensearch"}, "Body": "[2026-02-01T05:30:42,361][INFO ][o.o.j.s.JobSweeper       ] [leader1] Running full sweep\n", "Severity": "info", "Attributes": {"monitoring_services.filename": "/var/log/opensearch/hpc_monitoring.log"}}
{"Resource": {"service.name": "opensearch"}, "Body": "[2026-02-01T05:30:46,259][INFO ][o.o.j.s.JobSweeper       ] [leader3] Running full sweep\n", "Severity": "info", "Attributes": {"monitoring_services.filename": "/var/log/opensearch/hpc_monitoring.log"}}
{"Resource": {"service.name": "opensearch"}, "Body": "[2026-02-01T05:31:00,022][INFO ][o.o.j.s.JobSweeper       ] [admin] Running full sweep\n", "Severity": "info", "Attributes": {"monitoring_services.filename": "/var/log/opensearch/hpc_monitoring.log"}}
{"Resource": {"service.name": "opensearch"}, "Body": "[2026-02-01T05:31:24,380][INFO ][o.o.j.s.JobSweeper       ] [leader2] Running full sweep\n", "Severity": "info", "Attributes": {"monitoring_services.filename": "/var/log/opensearch/hpc_monitoring.log"}}
{"Resource": {"service.name": "kafka"}, "Body": "[2026-02-01T05:32:46.399+0530][gc,phases   ] GC(681)   Merge Heap Roots: 0.4ms\n", "Severity": "info", "Attributes": {"monitoring_services.filename": "/var/log/kafka/kafkaServer-gc.log"}}
{"Resource": {"service.name": "kafka"}, "Body": "[2026-02-01T05:32:46.399+0530][gc,phases   ] GC(681)   Post Evacuate Collection Set: 1.4ms\n", "Severity": "info", "Attributes": {"monitoring_services.filename": "/var/log/kafka/kafkaServer-gc.log"}}
{"Resource": {"service.name": "kafka"}, "Body": "[2026-02-01T05:32:46.399+0530][gc,phases   ] GC(681)   Other: 0.3ms\n", "Severity": "info", "Attributes": {"monitoring_services.filename": "/var/log/kafka/kafkaServer-gc.log"}}
{"Resource": {"service.name": "kafka"}, "Body": "[2026-02-01T05:32:46.399+0530][gc,heap     ] GC(681) Archive regions: 2->2\n", "Severity": "info", "Attributes": {"monitoring_services.filename": "/var/log/kafka/kafkaServer-gc.log"}}
{"Resource": {"service.name": "kafka"}, "Body": "[2026-02-01T05:32:46.399+0530][gc,metaspace] GC(681) Metaspace: 51586K(52288K)->51586K(52288K) NonClass: 45777K(46144K)->45777K(46144K) Class: 5808K(6144K)->5808K(6144K)\n", "Severity": "info", "Attributes": {"monitoring_services.filename": "/var/log/kafka/kafkaServer-gc.log"}}
{"Resource": {"service.name": "kafka"}, "Body": "[2026-02-01T05:32:46.399+0530][gc,cpu      ] GC(681) User=0.11s Sys=0.01s Real=0.00s\n", "Severity": "info", "Attributes": {"monitoring_services.filename": "/var/log/kafka/kafkaServer-gc.log"}}
{"Resource": {"service.name": "kafka"}, "Body": "[2026-02-01T05:32:46.394+0530][gc,start    ] GC(681) Pause Young (Normal) (G1 Evacuation Pause)\n", "Severity": "info", "Attributes": {"monitoring_services.filename": "/var/log/kafka/kafkaServer-gc.log"}}
{"Resource": {"service.name": "kafka"}, "Body": "[2026-02-01T05:32:46.394+0530][gc,task     ] GC(681) Using 33 workers of 33 for evacuation\n", "Severity": "info", "Attributes": {"monitoring_services.filename": "/var/log/kafka/kafkaServer-gc.log"}}
{"Resource": {"service.name": "kafka"}, "Body": "[2026-02-01T05:32:46.399+0530][gc,phases   ] GC(681)   Pre Evacuate Collection Set: 0.4ms\n", "Severity": "info", "Attributes": {"monitoring_services.filename": "/var/log/kafka/kafkaServer-gc.log"}}
{"Resource": {"service.name": "kafka"}, "Body": "[2026-02-01T05:32:46.399+0530][gc,phases   ] GC(681)   Evacuate Collection Set: 2.7ms\n", "Severity": "info", "Attributes": {"monitoring_services.filename": "/var/log/kafka/kafkaServer-gc.log"}}
{"Resource": {"service.name": "kafka"}, "Body": "[2026-02-01T05:32:46.399+0530][gc,heap     ] GC(681) Eden regions: 918->0(919)\n", "Severity": "info", "Attributes": {"monitoring_services.filename": "/var/log/kafka/kafkaServer-gc.log"}}
{"Resource": {"service.name": "kafka"}, "Body": "[2026-02-01T05:32:46.399+0530][gc,heap     ] GC(681) Survivor regions: 3->2(116)\n", "Severity": "info", "Attributes": {"monitoring_services.filename": "/var/log/kafka/kafkaServer-gc.log"}}
{"Resource": {"service.name": "kafka"}, "Body": "[2026-02-01T05:32:46.399+0530][gc,heap     ] GC(681) Old regions: 8->8\n", "Severity": "info", "Attributes": {"monitoring_services.filename": "/var/log/kafka/kafkaServer-gc.log"}}
{"Resource": {"service.name": "kafka"}, "Body": "[2026-02-01T05:32:46.399+0530][gc,heap     ] GC(681) Humongous regions: 33->33\n", "Severity": "info", "Attributes": {"monitoring_services.filename": "/var/log/kafka/kafkaServer-gc.log"}}
{"Resource": {"service.name": "kafka"}, "Body": "[2026-02-01T05:32:46.399+0530][gc          ] GC(681) Pause Young (Normal) (G1 Evacuation Pause) 3847M->173M(6144M) 5.192ms\n", "Severity": "info", "Attributes": {"monitoring_services.filename": "/var/log/kafka/kafkaServer-gc.log"}}
{"Resource": {"service.name": "kafka"}, "Body": "[2026-02-01T05:34:22.504+0530][gc,phases   ] GC(671)   Merge Heap Roots: 0.3ms\n", "Severity": "info", "Attributes": {"monitoring_services.filename": "/var/log/kafka/kafkaServer-gc.log"}}
{"Resource": {"service.name": "kafka"}, "Body": "[2026-02-01T05:34:22.504+0530][gc,phases   ] GC(671)   Evacuate Collection Set: 2.1ms\n", "Severity": "info", "Attributes": {"monitoring_services.filename": "/var/log/kafka/kafkaServer-gc.log"}}
{"Resource": {"service.name": "kafka"}, "Body": "[2026-02-01T05:34:22.504+0530][gc,phases   ] GC(671)   Post Evacuate Collection Set: 1.3ms\n", "Severity": "info", "Attributes": {"monitoring_services.filename": "/var/log/kafka/kafkaServer-gc.log"}}
{"Resource": {"service.name": "kafka"}, "Body": "[2026-02-01T05:34:22.504+0530][gc,phases   ] GC(671)   Other: 0.2ms\n", "Severity": "info", "Attributes": {"monitoring_services.filename": "/var/log/kafka/kafkaServer-gc.log"}}
{"Resource": {"service.name": "kafka"}, "Body": "[2026-02-01T05:34:22.504+0530][gc,heap     ] GC(671) Eden regions: 919->0(919)\n", "Severity": "info", "Attributes": {"monitoring_services.filename": "/var/log/kafka/kafkaServer-gc.log"}}
{"Resource": {"service.name": "kafka"}, "Body": "[2026-02-01T05:34:22.504+0530][gc,heap     ] GC(671) Old regions: 8->8\n", "Severity": "info", "Attributes": {"monitoring_services.filename": "/var/log/kafka/kafkaServer-gc.log"}}
{"Resource": {"service.name": "kafka"}, "Body": "[2026-02-01T05:34:22.504+0530][gc,heap     ] GC(671) Humongous regions: 33->33\n", "Severity": "info", "Attributes": {"monitoring_services.filename": "/var/log/kafka/kafkaServer-gc.log"}}
{"Resource": {"service.name": "kafka"}, "Body": "[2026-02-01T05:34:22.504+0530][gc          ] GC(671) Pause Young (Normal) (G1 Evacuation Pause) 3848M->172M(6144M) 4.265ms\n", "Severity": "info", "Attributes": {"monitoring_services.filename": "/var/log/kafka/kafkaServer-gc.log"}}
{"Resource": {"service.name": "kafka"}, "Body": "[2026-02-01T05:34:35.180+0530][gc,phases   ] GC(728)   Evacuate Collection Set: 3.4ms\n", "Severity": "info", "Attributes": {"monitoring_services.filename": "/var/log/kafka/kafkaServer-gc.log"}}
{"Resource": {"service.name": "kafka"}, "Body": "[2026-02-01T05:34:35.180+0530][gc,phases   ] GC(728)   Post Evacuate Collection Set: 1.2ms\n", "Severity": "info", "Attributes": {"monitoring_services.filename": "/var/log/kafka/kafkaServer-gc.log"}}
{"Resource": {"service.name": "kafka"}, "Body": "[2026-02-01T05:34:35.180+0530][gc,phases   ] GC(728)   Other: 0.3ms\n", "Severity": "info", "Attributes": {"monitoring_services.filename": "/var/log/kafka/kafkaServer-gc.log"}}
{"Resource": {"service.name": "kafka"}, "Body": "[2026-02-01T05:34:35.180+0530][gc,heap     ] GC(728) Survivor regions: 3->3(116)\n", "Severity": "info", "Attributes": {"monitoring_services.filename": "/var/log/kafka/kafkaServer-gc.log"}}
{"Resource": {"service.name": "kafka"}, "Body": "[2026-02-01T05:34:35.180+0530][gc,heap     ] GC(728) Archive regions: 2->2\n", "Severity": "info", "Attributes": {"monitoring_services.filename": "/var/log/kafka/kafkaServer-gc.log"}}
{"Resource": {"service.name": "kafka"}, "Body": "[2026-02-01T05:34:35.180+0530][gc,metaspace] GC(728) Metaspace: 55247K(56192K)->55247K(56192K) NonClass: 48808K(49344K)->48808K(49344K) Class: 6438K(6848K)->6438K(6848K)\n", "Severity": "info", "Attributes": {"monitoring_services.filename": "/var/log/kafka/kafkaServer-gc.log"}}
{"Resource": {"service.name": "kafka"}, "Body": "[2026-02-01T05:34:35.180+0530][gc,cpu      ] GC(728) User=0.11s Sys=0.02s Real=0.01s\n", "Severity": "info", "Attributes": {"monitoring_services.filename": "/var/log/kafka/kafkaServer-gc.log"}}
{"Resource": {"service.name": "kafka"}, "Body": "[2026-02-01 05:34:51,715] DEBUG [Controller id=1001] Topics not in preferred replica for broker 1003 HashMap() (kafka.controller.KafkaController)\n", "Severity": "debug", "Attributes": {"monitoring_services.filename": "/var/log/kafka/controller.log"}}
{"Resource": {"service.name": "kafka"}, "Body": "[2026-02-01 05:34:51,715] TRACE [Controller id=1001] Leader imbalance ratio for broker 1003 is 0.0 (kafka.controller.KafkaController)\n", "Severity": "info", "Attributes": {"monitoring_services.filename": "/var/log/kafka/controller.log"}}
{"Resource": {"service.name": "kafka"}, "Body": "[2026-02-01 05:34:51,715] DEBUG [Controller id=1001] Topics not in preferred replica for broker 1004 HashMap() (kafka.controller.KafkaController)\n", "Severity": "debug", "Attributes": {"monitoring_services.filename": "/var/log/kafka/controller.log"}}
{"Resource": {"service.name": "kafka"}, "Body": "[2026-02-01 05:34:51,715] TRACE [Controller id=1001] Leader imbalance ratio for broker 1004 is 0.0 (kafka.controller.KafkaController)\n", "Severity": "info", "Attributes": {"monitoring_services.filename": "/var/log/kafka/controller.log"}}
{"Resource": {"service.name": "kafka"}, "Body": "[2026-02-01 05:34:51,714] INFO [Controller id=1001] Processing automatic preferred replica leader election (kafka.controller.KafkaController)\n", "Severity": "info", "Attributes": {"monitoring_services.filename": "/var/log/kafka/controller.log"}}
{"Resource": {"service.name": "kafka"}, "Body": "[2026-02-01 05:34:51,714] TRACE [Controller id=1001] Checking need to trigger auto leader balancing (kafka.controller.KafkaController)\n", "Severity": "info", "Attributes": {"monitoring_services.filename": "/var/log/kafka/controller.log"}}
{"Resource": {"service.name": "kafka"}, "Body": "[2026-02-01 05:34:51,715] DEBUG [Controller id=1001] Topics not in preferred replica for broker 1001 HashMap() (kafka.controller.KafkaController)\n", "Severity": "debug", "Attributes": {"monitoring_services.filename": "/var/log/kafka/controller.log"}}
{"Resource": {"service.name": "kafka"}, "Body": "[2026-02-01 05:34:51,715] TRACE [Controller id=1001] Leader imbalance ratio for broker 1001 is 0.0 (kafka.controller.KafkaController)\n", "Severity": "info", "Attributes": {"monitoring_services.filename": "/var/log/kafka/controller.log"}}
{"Resource": {"service.name": "kafka"}, "Body": "[2026-02-01 05:34:51,715] DEBUG [Controller id=1001] Topics not in preferred replica for broker 1002 HashMap() (kafka.controller.KafkaController)\n", "Severity": "debug", "Attributes": {"monitoring_services.filename": "/var/log/kafka/controller.log"}}
{"Resource": {"service.name": "kafka"}, "Body": "[2026-02-01 05:34:51,715] TRACE [Controller id=1001] Leader imbalance ratio for broker 1002 is 0.0 (kafka.controller.KafkaController)\n", "Severity": "info", "Attributes": {"monitoring_services.filename": "/var/log/kafka/controller.log"}}
{"Resource": {"service.name": "opensearch"}, "Body": "[2026-02-01T05:35:03,139][INFO ][o.o.a.u.d.DestinationMigrationCoordinator] [leader1] Cancelling the migration process.\n", "Severity": "info", "Attributes": {"monitoring_services.filename": "/var/log/opensearch/hpc_monitoring.log"}}
{"Resource": {"service.name": "opensearch"}, "Body": "[2026-02-01T05:35:03,212][INFO ][o.o.a.u.d.DestinationMigrationCoordinator] [admin] Cancelling the migration process.\n", "Severity": "info", "Attributes": {"monitoring_services.filename": "/var/log/opensearch/hpc_monitoring.log"}}
{"Resource": {"service.name": "opensearch"}, "Body": "[2026-02-01T05:35:03,388][INFO ][o.o.a.u.d.DestinationMigrationCoordinator] [admin] Cancelling the migration process.\n", "Severity": "info", "Attributes": {"monitoring_services.filename": "/var/log/opensearch/hpc_monitoring.log"}}
{"Resource": {"service.name": "opensearch"}, "Body": "[2026-02-01T05:35:03,308][INFO ][o.o.a.u.d.DestinationMigrationCoordinator] [leader1] Cancelling the migration process.\n", "Severity": "info", "Attributes": {"monitoring_services.filename": "/var/log/opensearch/hpc_monitoring.log"}}
{"Resource": {"service.name": "opensearch"}, "Body": "[2026-02-01T05:35:03,394][INFO ][o.o.p.PluginsService     ] [leader3] PluginService:onIndexModule index:[top_queries-2026.02.01-95521/k4Yo3QSZT36Z_ylumM3Tnw]\n", "Severity": "info", "Attributes": {"monitoring_services.filename": "/var/log/opensearch/hpc_monitoring.log"}}
{"Resource": {"service.name": "opensearch"}, "Body": "[2026-02-01T05:35:46,259][INFO ][o.o.s.s.c.FlintStreamingJobHouseKeeperTask] [leader3] Starting housekeeping task for auto refresh streaming jobs.\n", "Severity": "info", "Attributes": {"monitoring_services.filename": "/var/log/opensearch/hpc_monitoring.log"}}
{"Resource": {"service.name": "kafka"}, "Body": "[2026-02-01T05:36:48.528+0530][gc,phases   ] GC(661)   Merge Heap Roots: 0.3ms\n", "Severity": "info", "Attributes": {"monitoring_services.filename": "/var/log/kafka/kafkaServer-gc.log"}}
{"Resource": {"service.name": "kafka"}, "Body": "[2026-02-01T05:36:48.528+0530][gc,phases   ] GC(661)   Evacuate Collection Set: 2.5ms\n", "Severity": "info", "Attributes": {"monitoring_services.filename": "/var/log/kafka/kafkaServer-gc.log"}}
{"Resource": {"service.name": "kafka"}, "Body": "[2026-02-01T05:36:48.528+0530][gc,phases   ] GC(661)   Pre Evacuate Collection Set: 0.3ms\n", "Severity": "info", "Attributes": {"monitoring_services.filename": "/var/log/kafka/kafkaServer-gc.log"}}
{"Resource": {"service.name": "kafka"}, "Body": "[2026-02-01T05:36:48.528+0530][gc,cpu      ] GC(661) User=0.10s Sys=0.00s Real=0.00s\n", "Severity": "info", "Attributes": {"monitoring_services.filename": "/var/log/kafka/kafkaServer-gc.log"}}
{"Resource": {"service.name": "kafka"}, "Body": "[2026-02-01 05:39:51,715] INFO [Controller id=1001] Processing automatic preferred replica leader election (kafka.controller.KafkaController)\n", "Severity": "info", "Attributes": {"monitoring_services.filename": "/var/log/kafka/controller.log"}}
{"Resource": {"service.name": "kafka"}, "Body": "[2026-02-01 05:39:51,716] DEBUG [Controller id=1001] Topics not in preferred replica for broker 1003 HashMap() (kafka.controller.KafkaController)\n", "Severity": "debug", "Attributes": {"monitoring_services.filename": "/var/log/kafka/controller.log"}}
{"Resource": {"service.name": "kafka"}, "Body": "[2026-02-01 05:39:51,716] DEBUG [Controller id=1001] Topics not in preferred replica for broker 1004 HashMap() (kafka.controller.KafkaController)\n", "Severity": "debug", "Attributes": {"monitoring_services.filename": "/var/log/kafka/controller.log"}}
{"Resource": {"service.name": "opensearch"}, "Body": "[2026-02-01T05:41:24,381][INFO ][o.o.j.s.JobSweeper       ] [leader2] Running full sweep\n", "Severity": "info", "Attributes": {"monitoring_services.filename": "/var/log/opensearch/hpc_monitoring.log"}}
{"Resource": {"service.name": "kafka"}, "Body": "[2026-02-01T05:42:18.711+0530][gc,start    ] GC(682) Pause Young (Normal) (G1 Evacuation Pause)\n", "Severity": "info", "Attributes": {"monitoring_services.filename": "/var/log/kafka/kafkaServer-gc.log"}}
{"Resource": {"service.name": "kafka"}, "Body": "[2026-02-01T05:42:18.717+0530][gc,phases   ] GC(682)   Post Evacuate Collection Set: 1.2ms\n", "Severity": "info", "Attributes": {"monitoring_services.filename": "/var/log/kafka/kafkaServer-gc.log"}}
{"Resource": {"service.name": "kafka"}, "Body": "[2026-02-01T05:42:18.717+0530][gc,phases   ] GC(682)   Other: 0.3ms\n", "Severity": "info", "Attributes": {"monitoring_services.filename": "/var/log/kafka/kafkaServer-gc.log"}}
{"Resource": {"service.name": "kafka"}, "Body": "[2026-02-01T05:42:18.717+0530][gc,heap     ] GC(682) Eden regions: 919->0(918)\n", "Severity": "info", "Attributes": {"monitoring_services.filename": "/var/log/kafka/kafkaServer-gc.log"}}
{"Resource": {"service.name": "kafka"}, "Body": "[2026-02-01T05:42:18.717+0530][gc,heap     ] GC(682) Old regions: 8->8\n", "Severity": "info", "Attributes": {"monitoring_services.filename": "/var/log/kafka/kafkaServer-gc.log"}}
{"Resource": {"service.name": "kafka"}, "Body": "[2026-02-01T05:42:18.717+0530][gc,heap     ] GC(682) Humongous regions: 33->33\n", "Severity": "info", "Attributes": {"monitoring_services.filename": "/var/log/kafka/kafkaServer-gc.log"}}
{"Resource": {"service.name": "kafka"}, "Body": "[2026-02-01T05:42:18.717+0530][gc,metaspace] GC(682) Metaspace: 51586K(52288K)->51586K(52288K) NonClass: 45777K(46144K)->45777K(46144K) Class: 5808K(6144K)->5808K(6144K)\n", "Severity": "info", "Attributes": {"monitoring_services.filename": "/var/log/kafka/kafkaServer-gc.log"}}
{"Resource": {"service.name": "kafka"}, "Body": "[2026-02-01T05:42:18.717+0530][gc          ] GC(682) Pause Young (Normal) (G1 Evacuation Pause) 3849M->176M(6144M) 5.977ms\n", "Severity": "info", "Attributes": {"monitoring_services.filename": "/var/log/kafka/kafkaServer-gc.log"}}
{"Resource": {"service.name": "kafka"}, "Body": "[2026-02-01T05:42:18.717+0530][gc,cpu      ] GC(682) User=0.14s Sys=0.00s Real=0.00s\n", "Severity": "info", "Attributes": {"monitoring_services.filename": "/var/log/kafka/kafkaServer-gc.log"}}
{"Resource": {"service.name": "kafka"}, "Body": "[2026-02-01 05:43:14,200] INFO Purge task started. (org.apache.zookeeper.server.DatadirCleanupManager)\n", "Severity": "info", "Attributes": {"monitoring_services.filename": "/var/log/kafka/server.log"}}
{"Resource": {"service.name": "kafka"}, "Body": "[2026-02-01 05:43:14,200] INFO zookeeper.snapshot.trust.empty : false (org.apache.zookeeper.server.persistence.FileTxnSnapLog)\n", "Severity": "info", "Attributes": {"monitoring_services.filename": "/var/log/kafka/server.log"}}
{"Resource": {"service.name": "kafka"}, "Body": "[2026-02-01 05:43:14,200] INFO Purge task completed. (org.apache.zookeeper.server.DatadirCleanupManager)\n", "Severity": "info", "Attributes": {"monitoring_services.filename": "/var/log/kafka/server.log"}}
{"Resource": {"service.name": "kafka"}, "Body": "[2026-02-01 05:43:15,386] INFO Purge task started. (org.apache.zookeeper.server.DatadirCleanupManager)\n", "Severity": "info", "Attributes": {"monitoring_services.filename": "/var/log/kafka/server.log"}}
{"Resource": {"service.name": "kafka"}, "Body": "[2026-02-01 05:43:15,386] INFO zookeeper.snapshot.trust.empty : false (org.apache.zookeeper.server.persistence.FileTxnSnapLog)\n", "Severity": "info", "Attributes": {"monitoring_services.filename": "/var/log/kafka/server.log"}}
{"Resource": {"service.name": "kafka"}, "Body": "[2026-02-01 05:43:15,539] INFO Purge task started. (org.apache.zookeeper.server.DatadirCleanupManager)\n", "Severity": "info", "Attributes": {"monitoring_services.filename": "/var/log/kafka/server.log"}}
{"Resource": {"service.name": "kafka"}, "Body": "[2026-02-01 05:43:15,539] INFO zookeeper.snapshot.trust.empty : false (org.apache.zookeeper.server.persistence.FileTxnSnapLog)\n", "Severity": "info", "Attributes": {"monitoring_services.filename": "/var/log/kafka/server.log"}}
{"Resource": {"service.name": "kafka"}, "Body": "[2026-02-01 05:43:15,540] INFO Purge task completed. (org.apache.zookeeper.server.DatadirCleanupManager)\n", "Severity": "info", "Attributes": {"monitoring_services.filename": "/var/log/kafka/server.log"}}
{"Resource": {"service.name": "kafka"}, "Body": "[2026-02-01T05:43:35.506+0530][gc,phases   ] GC(729)   Merge Heap Roots: 0.3ms\n", "Severity": "info", "Attributes": {"monitoring_services.filename": "/var/log/kafka/kafkaServer-gc.log"}}
{"Resource": {"service.name": "kafka"}, "Body": "[2026-02-01T05:43:35.506+0530][gc,phases   ] GC(729)   Evacuate Collection Set: 4.0ms\n", "Severity": "info", "Attributes": {"monitoring_services.filename": "/var/log/kafka/kafkaServer-gc.log"}}
{"Resource": {"service.name": "kafka"}, "Body": "[2026-02-01T05:43:35.506+0530][gc,phases   ] GC(729)   Other: 0.2ms\n", "Severity": "info", "Attributes": {"monitoring_services.filename": "/var/log/kafka/kafkaServer-gc.log"}}
{"Resource": {"service.name": "kafka"}, "Body": "[2026-02-01T05:43:35.506+0530][gc,heap     ] GC(729) Survivor regions: 3->3(116)\n", "Severity": "info", "Attributes": {"monitoring_services.filename": "/var/log/kafka/kafkaServer-gc.log"}}
{"Resource": {"service.name": "kafka"}, "Body": "[2026-02-01T05:43:35.506+0530][gc,heap     ] GC(729) Old regions: 10->10\n", "Severity": "info", "Attributes": {"monitoring_services.filename": "/var/log/kafka/kafkaServer-gc.log"}}
{"Resource": {"service.name": "kafka"}, "Body": "[2026-02-01T05:43:35.506+0530][gc,heap     ] GC(729) Humongous regions: 33->33\n", "Severity": "info", "Attributes": {"monitoring_services.filename": "/var/log/kafka/kafkaServer-gc.log"}}
{"Resource": {"service.name": "kafka"}, "Body": "[2026-02-01T05:43:35.506+0530][gc          ] GC(729) Pause Young (Normal) (G1 Evacuation Pause) 3853M->182M(6144M) 6.057ms\n", "Severity": "info", "Attributes": {"monitoring_services.filename": "/var/log/kafka/kafkaServer-gc.log"}}
{"Resource": {"service.name": "kafka"}, "Body": "[2026-02-01T05:44:14.286+0530][gc,phases   ] GC(672)   Evacuate Collection Set: 3.0ms\n", "Severity": "info", "Attributes": {"monitoring_services.filename": "/var/log/kafka/kafkaServer-gc.log"}}
{"Resource": {"service.name": "kafka"}, "Body": "[2026-02-01T05:44:14.286+0530][gc,phases   ] GC(672)   Other: 0.3ms\n", "Severity": "info", "Attributes": {"monitoring_services.filename": "/var/log/kafka/kafkaServer-gc.log"}}
{"Resource": {"service.name": "kafka"}, "Body": "[2026-02-01T05:44:14.286+0530][gc,heap     ] GC(672) Survivor regions: 2->2(116)\n", "Severity": "info", "Attributes": {"monitoring_services.filename": "/var/log/kafka/kafkaServer-gc.log"}}
{"Resource": {"service.name": "kafka"}, "Body": "[2026-02-01T05:44:14.286+0530][gc,heap     ] GC(672) Archive regions: 2->2\n", "Severity": "info", "Attributes": {"monitoring_services.filename": "/var/log/kafka/kafkaServer-gc.log"}}
{"Resource": {"service.name": "kafka"}, "Body": "[2026-02-01T05:44:14.286+0530][gc,metaspace] GC(672) Metaspace: 50667K(51456K)->50667K(51456K) NonClass: 45006K(45440K)->45006K(45440K) Class: 5661K(6016K)->5661K(6016K)\n", "Severity": "info", "Attributes": {"monitoring_services.filename": "/var/log/kafka/kafkaServer-gc.log"}}
{"Resource": {"service.name": "kafka"}, "Body": "[2026-02-01T05:44:14.286+0530][gc,cpu      ] GC(672) User=0.12s Sys=0.00s Real=0.01s\n", "Severity": "info", "Attributes": {"monitoring_services.filename": "/var/log/kafka/kafkaServer-gc.log"}}
{"Resource": {"service.name": "kafka"}, "Body": "[2026-02-01 05:44:51,716] INFO [Controller id=1001] Processing automatic preferred replica leader election (kafka.controller.KafkaController)\n", "Severity": "info", "Attributes": {"monitoring_services.filename": "/var/log/kafka/controller.log"}}
{"Resource": {"service.name": "kafka"}, "Body": "[2026-02-01 05:44:51,716] TRACE [Controller id=1001] Checking need to trigger auto leader balancing (kafka.controller.KafkaController)\n", "Severity": "info", "Attributes": {"monitoring_services.filename": "/var/log/kafka/controller.log"}}
{"Resource": {"service.name": "kafka"}, "Body": "[2026-02-01 05:44:51,716] DEBUG [Controller id=1001] Topics not in preferred replica for broker 1001 HashMap() (kafka.controller.KafkaController)\n", "Severity": "debug", "Attributes": {"monitoring_services.filename": "/var/log/kafka/controller.log"}}
{"Resource": {"service.name": "opensearch"}, "Body": "[2026-02-01T05:45:42,363][INFO ][o.o.j.s.JobSweeper       ] [leader1] Running full sweep\n", "Severity": "info", "Attributes": {"monitoring_services.filename": "/var/log/opensearch/hpc_monitoring.log"}}
{"Resource": {"service.name": "opensearch"}, "Body": "[2026-02-01T05:45:46,260][INFO ][o.o.j.s.JobSweeper       ] [leader3] Running full sweep\n", "Severity": "info", "Attributes": {"monitoring_services.filename": "/var/log/opensearch/hpc_monitoring.log"}}
{"Resource": {"service.name": "opensearch"}, "Body": "[2026-02-01T05:46:24,382][INFO ][o.o.j.s.JobSweeper       ] [leader2] Running full sweep\n", "Severity": "info", "Attributes": {"monitoring_services.filename": "/var/log/opensearch/hpc_monitoring.log"}}
{"Resource": {"service.name": "kafka"}, "Body": "[2026-02-01T05:47:17.912+0530][gc,phases   ] GC(662)   Merge Heap Roots: 0.4ms\n", "Severity": "info", "Attributes": {"monitoring_services.filename": "/var/log/kafka/kafkaServer-gc.log"}}
{"Resource": {"service.name": "kafka"}, "Body": "[2026-02-01T05:47:17.912+0530][gc,phases   ] GC(662)   Evacuate Collection Set: 2.4ms\n", "Severity": "info", "Attributes": {"monitoring_services.filename": "/var/log/kafka/kafkaServer-gc.log"}}
{"Resource": {"service.name": "kafka"}, "Body": "[2026-02-01T05:47:17.912+0530][gc,phases   ] GC(662)   Other: 0.3ms\n", "Severity": "info", "Attributes": {"monitoring_services.filename": "/var/log/kafka/kafkaServer-gc.log"}}
{"Resource": {"service.name": "kafka"}, "Body": "[2026-02-01T05:47:17.912+0530][gc,heap     ] GC(662) Eden regions: 918->0(919)\n", "Severity": "info", "Attributes": {"monitoring_services.filename": "/var/log/kafka/kafkaServer-gc.log"}}
{"Resource": {"service.name": "kafka"}, "Body": "[2026-02-01T05:47:17.912+0530][gc,heap     ] GC(662) Old regions: 8->8\n", "Severity": "info", "Attributes": {"monitoring_services.filename": "/var/log/kafka/kafkaServer-gc.log"}}
{"Resource": {"service.name": "kafka"}, "Body": "[2026-02-01T05:47:17.912+0530][gc,heap     ] GC(662) Humongous regions: 33->33\n", "Severity": "info", "Attributes": {"monitoring_services.filename": "/var/log/kafka/kafkaServer-gc.log"}}
{"Resource": {"service.name": "kafka"}, "Body": "[2026-02-01T05:47:17.912+0530][gc          ] GC(662) Pause Young (Normal) (G1 Evacuation Pause) 3845M->170M(6144M) 4.522ms\n", "Severity": "info", "Attributes": {"monitoring_services.filename": "/var/log/kafka/kafkaServer-gc.log"}}
{"Resource": {"service.name": "kafka"}, "Body": "[2026-02-01 05:49:51,717] INFO [Controller id=1001] Processing automatic preferred replica leader election (kafka.controller.KafkaController)\n", "Severity": "info", "Attributes": {"monitoring_services.filename": "/var/log/kafka/controller.log"}}
{"Resource": {"service.name": "kafka"}, "Body": "[2026-02-01 05:49:51,717] TRACE [Controller id=1001] Checking need to trigger auto leader balancing (kafka.controller.KafkaController)\n", "Severity": "info", "Attributes": {"monitoring_services.filename": "/var/log/kafka/controller.log"}}
{"Resource": {"service.name": "kafka"}, "Body": "[2026-02-01 05:49:51,717] DEBUG [Controller id=1001] Topics not in preferred replica for broker 1001 HashMap() (kafka.controller.KafkaController)\n", "Severity": "debug", "Attributes": {"monitoring_services.filename": "/var/log/kafka/controller.log"}}
{"Resource": {"service.name": "kafka"}, "Body": "[2026-02-01 05:49:51,717] TRACE [Controller id=1001] Leader imbalance ratio for broker 1001 is 0.0 (kafka.controller.KafkaController)\n", "Severity": "info", "Attributes": {"monitoring_services.filename": "/var/log/kafka/controller.log"}}
{"Resource": {"service.name": "kafka"}, "Body": "[2026-02-01 05:49:51,717] DEBUG [Controller id=1001] Topics not in preferred replica for broker 1002 HashMap() (kafka.controller.KafkaController)\n", "Severity": "debug", "Attributes": {"monitoring_services.filename": "/var/log/kafka/controller.log"}}
{"Resource": {"service.name": "kafka"}, "Body": "[2026-02-01 05:49:51,717] TRACE [Controller id=1001] Leader imbalance ratio for broker 1002 is 0.0 (kafka.controller.KafkaController)\n", "Severity": "info", "Attributes": {"monitoring_services.filename": "/var/log/kafka/controller.log"}}
{"Resource": {"service.name": "kafka"}, "Body": "[2026-02-01 05:49:51,717] DEBUG [Controller id=1001] Topics not in preferred replica for broker 1003 HashMap() (kafka.controller.KafkaController)\n", "Severity": "debug", "Attributes": {"monitoring_services.filename": "/var/log/kafka/controller.log"}}
{"Resource": {"service.name": "opensearch"}, "Body": "[2026-02-01T05:50:45,950][INFO ][o.o.t.t.CronTransportAction] [leader1] Start running hourly cron.\n", "Severity": "info", "Attributes": {"monitoring_services.filename": "/var/log/opensearch/hpc_monitoring.log"}}
{"Resource": {"service.name": "opensearch"}, "Body": "[2026-02-01T05:50:45,952][INFO ][o.o.t.c.HourlyCron       ] [leader3] Hourly maintenance succeeds\n", "Severity": "info", "Attributes": {"monitoring_services.filename": "/var/log/opensearch/hpc_monitoring.log"}}
{"Resource": {"service.name": "opensearch"}, "Body": "[2026-02-01T05:50:46,260][INFO ][o.o.s.s.c.FlintStreamingJobHouseKeeperTask] [leader3] Starting housekeeping task for auto refresh streaming jobs.\n", "Severity": "info", "Attributes": {"monitoring_services.filename": "/var/log/opensearch/hpc_monitoring.log"}}
{"Resource": {"service.name": "opensearch"}, "Body": "[2026-02-01T05:50:46,260][INFO ][o.o.s.s.c.FlintStreamingJobHouseKeeperTask] [leader3] Finished housekeeping task for auto refresh streaming jobs.\n", "Severity": "info", "Attributes": {"monitoring_services.filename": "/var/log/opensearch/hpc_monitoring.log"}}
{"Resource": {"service.name": "opensearch"}, "Body": "[2026-02-01T05:50:46,261][INFO ][o.o.j.s.JobSweeper       ] [leader3] Running full sweep\n", "Severity": "info", "Attributes": {"monitoring_services.filename": "/var/log/opensearch/hpc_monitoring.log"}}
{"Resource": {"service.name": "opensearch"}, "Body": "[2026-02-01T05:50:45,950][INFO ][o.o.t.t.CronTransportAction] [leader2] Start running hourly cron.\n", "Severity": "info", "Attributes": {"monitoring_services.filename": "/var/log/opensearch/hpc_monitoring.log"}}
{"Resource": {"service.name": "opensearch"}, "Body": "[2026-02-01T05:51:24,382][INFO ][o.o.j.s.JobSweeper       ] [leader2] Running full sweep\n", "Severity": "info", "Attributes": {"monitoring_services.filename": "/var/log/opensearch/hpc_monitoring.log"}}
{"Resource": {"service.name": "kafka"}, "Body": "[2026-02-01T05:52:18.390+0530][gc,phases   ] GC(683)   Pre Evacuate Collection Set: 0.3ms\n", "Severity": "info", "Attributes": {"monitoring_services.filename": "/var/log/kafka/kafkaServer-gc.log"}}
{"Resource": {"service.name": "kafka"}, "Body": "[2026-02-01T05:52:18.390+0530][gc,phases   ] GC(683)   Merge Heap Roots: 0.4ms\n", "Severity": "info", "Attributes": {"monitoring_services.filename": "/var/log/kafka/kafkaServer-gc.log"}}
{"Resource": {"service.name": "kafka"}, "Body": "[2026-02-01T05:52:18.390+0530][gc,metaspace] GC(683) Metaspace: 51586K(52288K)->51586K(52288K) NonClass: 45777K(46144K)->45777K(46144K) Class: 5808K(6144K)->5808K(6144K)\n", "Severity": "info", "Attributes": {"monitoring_services.filename": "/var/log/kafka/kafkaServer-gc.log"}}
{"Resource": {"service.name": "kafka"}, "Body": "[2026-02-01T05:52:18.390+0530][gc          ] GC(683) Pause Young (Normal) (G1 Evacuation Pause) 3848M->175M(6144M) 5.342ms\n", "Severity": "info", "Attributes": {"monitoring_services.filename": "/var/log/kafka/kafkaServer-gc.log"}}
{"Resource": {"service.name": "kafka"}, "Body": "[2026-02-01T05:53:04.985+0530][gc,phases   ] GC(730)   Other: 0.3ms\n", "Severity": "info", "Attributes": {"monitoring_services.filename": "/var/log/kafka/kafkaServer-gc.log"}}
{"Resource": {"service.name": "kafka"}, "Body": "[2026-02-01T05:53:04.985+0530][gc,heap     ] GC(730) Eden regions: 918->0(918)\n", "Severity": "info", "Attributes": {"monitoring_services.filename": "/var/log/kafka/kafkaServer-gc.log"}}
{"Resource": {"service.name": "kafka"}, "Body": "[2026-02-01T05:53:04.985+0530][gc,heap     ] GC(730) Survivor regions: 3->3(116)\n", "Severity": "info", "Attributes": {"monitoring_services.filename": "/var/log/kafka/kafkaServer-gc.log"}}
{"Resource": {"service.name": "kafka"}, "Body": "[2026-02-01T05:53:04.985+0530][gc,heap     ] GC(730) Old regions: 10->10\n", "Severity": "info", "Attributes": {"monitoring_services.filename": "/var/log/kafka/kafkaServer-gc.log"}}
{"Resource": {"service.name": "kafka"}, "Body": "[2026-02-01T05:53:04.985+0530][gc,heap     ] GC(730) Archive regions: 2->2\n", "Severity": "info", "Attributes": {"monitoring_services.filename": "/var/log/kafka/kafkaServer-gc.log"}}
{"Resource": {"service.name": "kafka"}, "Body": "[2026-02-01T05:54:02.377+0530][gc,start    ] GC(673) Pause Young (Normal) (G1 Evacuation Pause)\n", "Severity": "info", "Attributes": {"monitoring_services.filename": "/var/log/kafka/kafkaServer-gc.log"}}
{"Resource": {"service.name": "kafka"}, "Body": "[2026-02-01T05:54:02.377+0530][gc,task     ] GC(673) Using 33 workers of 33 for evacuation\n", "Severity": "info", "Attributes": {"monitoring_services.filename": "/var/log/kafka/kafkaServer-gc.log"}}
{"Resource": {"service.name": "kafka"}, "Body": "[2026-02-01T05:54:02.382+0530][gc,phases   ] GC(673)   Pre Evacuate Collection Set: 0.3ms\n", "Severity": "info", "Attributes": {"monitoring_services.filename": "/var/log/kafka/kafkaServer-gc.log"}}
{"Resource": {"service.name": "kafka"}, "Body": "[2026-02-01T05:54:02.382+0530][gc,phases   ] GC(673)   Merge Heap Roots: 0.4ms\n", "Severity": "info", "Attributes": {"monitoring_services.filename": "/var/log/kafka/kafkaServer-gc.log"}}
{"Resource": {"service.name": "kafka"}, "Body": "[2026-02-01T05:54:02.382+0530][gc,phases   ] GC(673)   Evacuate Collection Set: 2.4ms\n", "Severity": "info", "Attributes": {"monitoring_services.filename": "/var/log/kafka/kafkaServer-gc.log"}}
{"Resource": {"service.name": "kafka"}, "Body": "[2026-02-01T05:54:02.382+0530][gc,phases   ] GC(673)   Post Evacuate Collection Set: 1.3ms\n", "Severity": "info", "Attributes": {"monitoring_services.filename": "/var/log/kafka/kafkaServer-gc.log"}}
{"Resource": {"service.name": "kafka"}, "Body": "[2026-02-01T05:54:02.382+0530][gc,metaspace] GC(673) Metaspace: 50667K(51456K)->50667K(51456K) NonClass: 45006K(45440K)->45006K(45440K) Class: 5661K(6016K)->5661K(6016K)\n", "Severity": "info", "Attributes": {"monitoring_services.filename": "/var/log/kafka/kafkaServer-gc.log"}}
{"Resource": {"service.name": "kafka"}, "Body": "[2026-02-01T05:54:02.382+0530][gc,cpu      ] GC(673) User=0.09s Sys=0.01s Real=0.01s\n", "Severity": "info", "Attributes": {"monitoring_services.filename": "/var/log/kafka/kafkaServer-gc.log"}}
{"Resource": {"service.name": "kafka"}, "Body": "[2026-02-01 05:54:51,718] TRACE [Controller id=1001] Leader imbalance ratio for broker 1001 is 0.0 (kafka.controller.KafkaController)\n", "Severity": "info", "Attributes": {"monitoring_services.filename": "/var/log/kafka/controller.log"}}
{"Resource": {"service.name": "kafka"}, "Body": "[2026-02-01 05:54:51,718] DEBUG [Controller id=1001] Topics not in preferred replica for broker 1002 HashMap() (kafka.controller.KafkaController)\n", "Severity": "debug", "Attributes": {"monitoring_services.filename": "/var/log/kafka/controller.log"}}
{"Resource": {"service.name": "kafka"}, "Body": "[2026-02-01 05:54:51,718] TRACE [Controller id=1001] Leader imbalance ratio for broker 1002 is 0.0 (kafka.controller.KafkaController)\n", "Severity": "info", "Attributes": {"monitoring_services.filename": "/var/log/kafka/controller.log"}}
{"Resource": {"service.name": "kafka"}, "Body": "[2026-02-01 05:54:51,718] DEBUG [Controller id=1001] Topics not in preferred replica for broker 1003 HashMap() (kafka.controller.KafkaController)\n", "Severity": "debug", "Attributes": {"monitoring_services.filename": "/var/log/kafka/controller.log"}}
{"Resource": {"service.name": "kafka"}, "Body": "[2026-02-01 05:54:51,718] TRACE [Controller id=1001] Leader imbalance ratio for broker 1003 is 0.0 (kafka.controller.KafkaController)\n", "Severity": "info", "Attributes": {"monitoring_services.filename": "/var/log/kafka/controller.log"}}
{"Resource": {"service.name": "kafka"}, "Body": "[2026-02-01 05:54:51,718] TRACE [Controller id=1001] Leader imbalance ratio for broker 1004 is 0.0 (kafka.controller.KafkaController)\n", "Severity": "info", "Attributes": {"monitoring_services.filename": "/var/log/kafka/controller.log"}}
{"Resource": {"service.name": "opensearch"}, "Body": "[2026-02-01T05:55:42,364][INFO ][o.o.j.s.JobSweeper       ] [leader1] Running full sweep\n", "Severity": "info", "Attributes": {"monitoring_services.filename": "/var/log/opensearch/hpc_monitoring.log"}}
{"Resource": {"service.name": "opensearch"}, "Body": "[2026-02-01T05:56:00,025][INFO ][o.o.j.s.JobSweeper       ] [admin] Running full sweep\n", "Severity": "info", "Attributes": {"monitoring_services.filename": "/var/log/opensearch/hpc_monitoring.log"}}
{"Resource": {"service.name": "kafka"}, "Body": "[2026-02-01T05:57:18.176+0530][gc,phases   ] GC(663)   Evacuate Collection Set: 2.7ms\n", "Severity": "info", "Attributes": {"monitoring_services.filename": "/var/log/kafka/kafkaServer-gc.log"}}
{"Resource": {"service.name": "kafka"}, "Body": "[2026-02-01T05:57:18.176+0530][gc,phases   ] GC(663)   Post Evacuate Collection Set: 1.1ms\n", "Severity": "info", "Attributes": {"monitoring_services.filename": "/var/log/kafka/kafkaServer-gc.log"}}
{"Resource": {"service.name": "kafka"}, "Body": "[2026-02-01T05:57:18.176+0530][gc,phases   ] GC(663)   Other: 0.2ms\n", "Severity": "info", "Attributes": {"monitoring_services.filename": "/var/log/kafka/kafkaServer-gc.log"}}
{"Resource": {"service.name": "kafka"}, "Body": "[2026-02-01T05:57:18.176+0530][gc,heap     ] GC(663) Eden regions: 919->0(919)\n", "Severity": "info", "Attributes": {"monitoring_services.filename": "/var/log/kafka/kafkaServer-gc.log"}}
{"Resource": {"service.name": "kafka"}, "Body": "[2026-02-01T05:57:18.176+0530][gc,heap     ] GC(663) Survivor regions: 2->2(116)\n", "Severity": "info", "Attributes": {"monitoring_services.filename": "/var/log/kafka/kafkaServer-gc.log"}}
{"Resource": {"service.name": "kafka"}, "Body": "[2026-02-01T05:57:18.176+0530][gc,heap     ] GC(663) Archive regions: 2->2\n", "Severity": "info", "Attributes": {"monitoring_services.filename": "/var/log/kafka/kafkaServer-gc.log"}}
{"Resource": {"service.name": "kafka"}, "Body": "[2026-02-01T05:57:18.176+0530][gc,metaspace] GC(663) Metaspace: 50345K(51136K)->50345K(51136K) NonClass: 44716K(45120K)->44716K(45120K) Class: 5629K(6016K)->5629K(6016K)\n", "Severity": "info", "Attributes": {"monitoring_services.filename": "/var/log/kafka/kafkaServer-gc.log"}}
{"Resource": {"service.name": "kafka"}, "Body": "[2026-02-01T05:57:18.176+0530][gc          ] GC(663) Pause Young (Normal) (G1 Evacuation Pause) 3846M->171M(6144M) 4.869ms\n", "Severity": "info", "Attributes": {"monitoring_services.filename": "/var/log/kafka/kafkaServer-gc.log"}}
{"Resource": {"service.name": "kafka"}, "Body": "[2026-02-01 05:59:51,719] DEBUG [Controller id=1001] Topics not in preferred replica for broker 1001 HashMap() (kafka.controller.KafkaController)\n", "Severity": "debug", "Attributes": {"monitoring_services.filename": "/var/log/kafka/controller.log"}}
{"Resource": {"service.name": "kafka"}, "Body": "[2026-02-01 05:59:51,719] TRACE [Controller id=1001] Leader imbalance ratio for broker 1002 is 0.0 (kafka.controller.KafkaController)\n", "Severity": "info", "Attributes": {"monitoring_services.filename": "/var/log/kafka/controller.log"}}
{"Resource": {"service.name": "kafka"}, "Body": "[2026-02-01 05:59:51,719] TRACE [Controller id=1001] Leader imbalance ratio for broker 1003 is 0.0 (kafka.controller.KafkaController)\n", "Severity": "info", "Attributes": {"monitoring_services.filename": "/var/log/kafka/controller.log"}}
{"Resource": {"service.name": "kafka"}, "Body": "[2026-02-01 05:59:51,719] TRACE [Controller id=1001] Leader imbalance ratio for broker 1004 is 0.0 (kafka.controller.KafkaController)\n", "Severity": "info", "Attributes": {"monitoring_services.filename": "/var/log/kafka/controller.log"}}
{"Resource": {"service.name": "opensearch"}, "Body": "[2026-02-01T06:01:00,027][INFO ][o.o.j.s.JobSweeper       ] [admin] Running full sweep\n", "Severity": "info", "Attributes": {"monitoring_services.filename": "/var/log/opensearch/hpc_monitoring.log"}}
{"Resource": {"service.name": "kafka"}, "Body": "[2026-02-01T06:01:52.778+0530][gc,phases   ] GC(684)   Evacuate Collection Set: 3.8ms\n", "Severity": "info", "Attributes": {"monitoring_services.filename": "/var/log/kafka/kafkaServer-gc.log"}}
{"Resource": {"service.name": "kafka"}, "Body": "[2026-02-01T06:01:52.778+0530][gc,phases   ] GC(684)   Post Evacuate Collection Set: 1.4ms\n", "Severity": "info", "Attributes": {"monitoring_services.filename": "/var/log/kafka/kafkaServer-gc.log"}}
{"Resource": {"service.name": "kafka"}, "Body": "[2026-02-01T06:01:52.778+0530][gc,phases   ] GC(684)   Other: 0.4ms\n", "Severity": "info", "Attributes": {"monitoring_services.filename": "/var/log/kafka/kafkaServer-gc.log"}}
{"Resource": {"service.name": "kafka"}, "Body": "[2026-02-01T06:01:52.778+0530][gc,heap     ] GC(684) Eden regions: 918->0(918)\n", "Severity": "info", "Attributes": {"monitoring_services.filename": "/var/log/kafka/kafkaServer-gc.log"}}
{"Resource": {"service.name": "kafka"}, "Body": "[2026-02-01T06:01:52.778+0530][gc,heap     ] GC(684) Survivor regions: 3->3(116)\n", "Severity": "info", "Attributes": {"monitoring_services.filename": "/var/log/kafka/kafkaServer-gc.log"}}
{"Resource": {"service.name": "kafka"}, "Body": "[2026-02-01T06:01:52.778+0530][gc,heap     ] GC(684) Old regions: 8->8\n", "Severity": "info", "Attributes": {"monitoring_services.filename": "/var/log/kafka/kafkaServer-gc.log"}}
{"Resource": {"service.name": "kafka"}, "Body": "[2026-02-01T06:01:52.778+0530][gc,heap     ] GC(684) Archive regions: 2->2\n", "Severity": "info", "Attributes": {"monitoring_services.filename": "/var/log/kafka/kafkaServer-gc.log"}}
{"Resource": {"service.name": "kafka"}, "Body": "[2026-02-01T06:01:52.778+0530][gc,heap     ] GC(684) Humongous regions: 33->33\n", "Severity": "info", "Attributes": {"monitoring_services.filename": "/var/log/kafka/kafkaServer-gc.log"}}
{"Resource": {"service.name": "kafka"}, "Body": "[2026-02-01T06:01:52.778+0530][gc,metaspace] GC(684) Metaspace: 51586K(52288K)->51586K(52288K) NonClass: 45777K(46144K)->45777K(46144K) Class: 5808K(6144K)->5808K(6144K)\n", "Severity": "info", "Attributes": {"monitoring_services.filename": "/var/log/kafka/kafkaServer-gc.log"}}
{"Resource": {"service.name": "kafka"}, "Body": "[2026-02-01T06:01:52.778+0530][gc          ] GC(684) Pause Young (Normal) (G1 Evacuation Pause) 3847M->175M(6144M) 6.422ms\n", "Severity": "info", "Attributes": {"monitoring_services.filename": "/var/log/kafka/kafkaServer-gc.log"}}
{"Resource": {"service.name": "kafka"}, "Body": "[2026-02-01T06:02:05.292+0530][gc,start    ] GC(731) Pause Young (Normal) (G1 Evacuation Pause)\n", "Severity": "info", "Attributes": {"monitoring_services.filename": "/var/log/kafka/kafkaServer-gc.log"}}
{"Resource": {"service.name": "kafka"}, "Body": "[2026-02-01T06:02:05.293+0530][gc,task     ] GC(731) Using 33 workers of 33 for evacuation\n", "Severity": "info", "Attributes": {"monitoring_services.filename": "/var/log/kafka/kafkaServer-gc.log"}}
{"Resource": {"service.name": "kafka"}, "Body": "[2026-02-01T06:02:05.299+0530][gc,phases   ] GC(731)   Pre Evacuate Collection Set: 0.3ms\n", "Severity": "info", "Attributes": {"monitoring_services.filename": "/var/log/kafka/kafkaServer-gc.log"}}
{"Resource": {"service.name": "kafka"}, "Body": "[2026-02-01T06:02:05.299+0530][gc,phases   ] GC(731)   Merge Heap Roots: 0.3ms\n", "Severity": "info", "Attributes": {"monitoring_services.filename": "/var/log/kafka/kafkaServer-gc.log"}}
{"Resource": {"service.name": "kafka"}, "Body": "[2026-02-01T06:02:05.299+0530][gc,phases   ] GC(731)   Evacuate Collection Set: 4.0ms\n", "Severity": "info", "Attributes": {"monitoring_services.filename": "/var/log/kafka/kafkaServer-gc.log"}}
{"Resource": {"service.name": "kafka"}, "Body": "[2026-02-01T06:02:05.299+0530][gc,phases   ] GC(731)   Post Evacuate Collection Set: 1.4ms\n", "Severity": "info", "Attributes": {"monitoring_services.filename": "/var/log/kafka/kafkaServer-gc.log"}}
{"Resource": {"service.name": "kafka"}, "Body": "[2026-02-01T06:02:05.299+0530][gc,phases   ] GC(731)   Other: 0.3ms\n", "Severity": "info", "Attributes": {"monitoring_services.filename": "/var/log/kafka/kafkaServer-gc.log"}}
{"Resource": {"service.name": "kafka"}, "Body": "[2026-02-01T06:02:05.299+0530][gc,cpu      ] GC(731) User=0.15s Sys=0.00s Real=0.00s\n", "Severity": "info", "Attributes": {"monitoring_services.filename": "/var/log/kafka/kafkaServer-gc.log"}}
{"Resource": {"service.name": "kafka"}, "Body": "[2026-02-01T06:03:53.399+0530][gc,phases   ] GC(674)   Evacuate Collection Set: 3.1ms\n", "Severity": "info", "Attributes": {"monitoring_services.filename": "/var/log/kafka/kafkaServer-gc.log"}}
{"Resource": {"service.name": "kafka"}, "Body": "[2026-02-01T06:03:53.399+0530][gc,phases   ] GC(674)   Post Evacuate Collection Set: 1.2ms\n", "Severity": "info", "Attributes": {"monitoring_services.filename": "/var/log/kafka/kafkaServer-gc.log"}}
{"Resource": {"service.name": "kafka"}, "Body": "[2026-02-01T06:03:53.399+0530][gc,phases   ] GC(674)   Other: 0.3ms\n", "Severity": "info", "Attributes": {"monitoring_services.filename": "/var/log/kafka/kafkaServer-gc.log"}}
{"Resource": {"service.name": "kafka"}, "Body": "[2026-02-01T06:03:53.399+0530][gc,heap     ] GC(674) Eden regions: 919->0(919)\n", "Severity": "info", "Attributes": {"monitoring_services.filename": "/var/log/kafka/kafkaServer-gc.log"}}
{"Resource": {"service.name": "kafka"}, "Body": "[2026-02-01T06:03:53.394+0530][gc,start    ] GC(674) Pause Young (Normal) (G1 Evacuation Pause)\n", "Severity": "info", "Attributes": {"monitoring_services.filename": "/var/log/kafka/kafkaServer-gc.log"}}
{"Resource": {"service.name": "kafka"}, "Body": "[2026-02-01T06:03:53.394+0530][gc,task     ] GC(674) Using 33 workers of 33 for evacuation\n", "Severity": "info", "Attributes": {"monitoring_services.filename": "/var/log/kafka/kafkaServer-gc.log"}}
{"Resource": {"service.name": "kafka"}, "Body": "[2026-02-01T06:03:53.399+0530][gc,phases   ] GC(674)   Pre Evacuate Collection Set: 0.3ms\n", "Severity": "info", "Attributes": {"monitoring_services.filename": "/var/log/kafka/kafkaServer-gc.log"}}
{"Resource": {"service.name": "kafka"}, "Body": "[2026-02-01T06:03:53.399+0530][gc,phases   ] GC(674)   Merge Heap Roots: 0.3ms\n", "Severity": "info", "Attributes": {"monitoring_services.filename": "/var/log/kafka/kafkaServer-gc.log"}}
{"Resource": {"service.name": "kafka"}, "Body": "[2026-02-01T06:03:53.399+0530][gc,heap     ] GC(674) Old regions: 8->8\n", "Severity": "info", "Attributes": {"monitoring_services.filename": "/var/log/kafka/kafkaServer-gc.log"}}
{"Resource": {"service.name": "kafka"}, "Body": "[2026-02-01T06:03:53.399+0530][gc,heap     ] GC(674) Humongous regions: 33->33\n", "Severity": "info", "Attributes": {"monitoring_services.filename": "/var/log/kafka/kafkaServer-gc.log"}}
{"Resource": {"service.name": "kafka"}, "Body": "[2026-02-01T06:03:53.399+0530][gc          ] GC(674) Pause Young (Normal) (G1 Evacuation Pause) 3848M->173M(6144M) 5.207ms\n", "Severity": "info", "Attributes": {"monitoring_services.filename": "/var/log/kafka/kafkaServer-gc.log"}}
{"Resource": {"service.name": "kafka"}, "Body": "[2026-02-01 06:04:51,720] TRACE [Controller id=1001] Leader imbalance ratio for broker 1001 is 0.0 (kafka.controller.KafkaController)\n", "Severity": "info", "Attributes": {"monitoring_services.filename": "/var/log/kafka/controller.log"}}
{"Resource": {"service.name": "kafka"}, "Body": "[2026-02-01 06:04:51,719] INFO [Controller id=1001] Processing automatic preferred replica leader election (kafka.controller.KafkaController)\n", "Severity": "info", "Attributes": {"monitoring_services.filename": "/var/log/kafka/controller.log"}}
{"Resource": {"service.name": "kafka"}, "Body": "[2026-02-01 06:04:51,719] TRACE [Controller id=1001] Checking need to trigger auto leader balancing (kafka.controller.KafkaController)\n", "Severity": "info", "Attributes": {"monitoring_services.filename": "/var/log/kafka/controller.log"}}
{"Resource": {"service.name": "kafka"}, "Body": "[2026-02-01 06:04:51,720] DEBUG [Controller id=1001] Topics not in preferred replica for broker 1001 HashMap() (kafka.controller.KafkaController)\n", "Severity": "debug", "Attributes": {"monitoring_services.filename": "/var/log/kafka/controller.log"}}
{"Resource": {"service.name": "kafka"}, "Body": "[2026-02-01 06:04:51,720] DEBUG [Controller id=1001] Topics not in preferred replica for broker 1003 HashMap() (kafka.controller.KafkaController)\n", "Severity": "debug", "Attributes": {"monitoring_services.filename": "/var/log/kafka/controller.log"}}
{"Resource": {"service.name": "kafka"}, "Body": "[2026-02-01 06:04:51,720] DEBUG [Controller id=1001] Topics not in preferred replica for broker 1004 HashMap() (kafka.controller.KafkaController)\n", "Severity": "debug", "Attributes": {"monitoring_services.filename": "/var/log/kafka/controller.log"}}
{"Resource": {"service.name": "opensearch"}, "Body": "[2026-02-01T06:05:42,365][INFO ][o.o.j.s.JobSweeper       ] [leader1] Running full sweep\n", "Severity": "info", "Attributes": {"monitoring_services.filename": "/var/log/opensearch/hpc_monitoring.log"}}
{"Resource": {"service.name": "opensearch"}, "Body": "[2026-02-01T06:05:46,261][INFO ][o.o.s.s.c.FlintStreamingJobHouseKeeperTask] [leader3] Finished housekeeping task for auto refresh streaming jobs.\n", "Severity": "info", "Attributes": {"monitoring_services.filename": "/var/log/opensearch/hpc_monitoring.log"}}
{"Resource": {"service.name": "opensearch"}, "Body": "[2026-02-01T06:05:46,262][INFO ][o.o.j.s.JobSweeper       ] [leader3] Running full sweep\n", "Severity": "info", "Attributes": {"monitoring_services.filename": "/var/log/opensearch/hpc_monitoring.log"}}
{"Resource": {"service.name": "opensearch"}, "Body": "[2026-02-01T06:06:00,028][INFO ][o.o.j.s.JobSweeper       ] [admin] Running full sweep\n", "Severity": "info", "Attributes": {"monitoring_services.filename": "/var/log/opensearch/hpc_monitoring.log"}}
{"Resource": {"service.name": "opensearch"}, "Body": "[2026-02-01T06:06:24,384][INFO ][o.o.j.s.JobSweeper       ] [leader2] Running full sweep\n", "Severity": "info", "Attributes": {"monitoring_services.filename": "/var/log/opensearch/hpc_monitoring.log"}}
{"Resource": {"service.name": "kafka"}, "Body": "[2026-02-01T06:07:18.359+0530][gc,start    ] GC(664) Pause Young (Normal) (G1 Evacuation Pause)\n", "Severity": "info", "Attributes": {"monitoring_services.filename": "/var/log/kafka/kafkaServer-gc.log"}}
{"Resource": {"service.name": "kafka"}, "Body": "[2026-02-01T06:07:18.364+0530][gc,heap     ] GC(664) Eden regions: 919->0(918)\n", "Severity": "info", "Attributes": {"monitoring_services.filename": "/var/log/kafka/kafkaServer-gc.log"}}
{"Resource": {"service.name": "kafka"}, "Body": "[2026-02-01T06:07:18.364+0530][gc,heap     ] GC(664) Old regions: 8->8\n", "Severity": "info", "Attributes": {"monitoring_services.filename": "/var/log/kafka/kafkaServer-gc.log"}}
{"Resource": {"service.name": "kafka"}, "Body": "[2026-02-01T06:07:18.364+0530][gc,heap     ] GC(664) Humongous regions: 33->33\n", "Severity": "info", "Attributes": {"monitoring_services.filename": "/var/log/kafka/kafkaServer-gc.log"}}
{"Resource": {"service.name": "kafka"}, "Body": "[2026-02-01T06:07:18.364+0530][gc          ] GC(664) Pause Young (Normal) (G1 Evacuation Pause) 3847M->172M(6144M) 5.134ms\n", "Severity": "info", "Attributes": {"monitoring_services.filename": "/var/log/kafka/kafkaServer-gc.log"}}
{"Resource": {"service.name": "kafka"}, "Body": "[2026-02-01 06:09:51,720] TRACE [Controller id=1001] Leader imbalance ratio for broker 1001 is 0.0 (kafka.controller.KafkaController)\n", "Severity": "info", "Attributes": {"monitoring_services.filename": "/var/log/kafka/controller.log"}}
{"Resource": {"service.name": "kafka"}, "Body": "[2026-02-01 06:09:51,721] TRACE [Controller id=1001] Leader imbalance ratio for broker 1002 is 0.0 (kafka.controller.KafkaController)\n", "Severity": "info", "Attributes": {"monitoring_services.filename": "/var/log/kafka/controller.log"}}
{"Resource": {"service.name": "kafka"}, "Body": "[2026-02-01 06:09:51,721] TRACE [Controller id=1001] Leader imbalance ratio for broker 1003 is 0.0 (kafka.controller.KafkaController)\n", "Severity": "info", "Attributes": {"monitoring_services.filename": "/var/log/kafka/controller.log"}}
{"Resource": {"service.name": "kafka"}, "Body": "[2026-02-01 06:09:51,721] TRACE [Controller id=1001] Leader imbalance ratio for broker 1004 is 0.0 (kafka.controller.KafkaController)\n", "Severity": "info", "Attributes": {"monitoring_services.filename": "/var/log/kafka/controller.log"}}
{"Resource": {"service.name": "opensearch"}, "Body": "[2026-02-01T06:10:42,366][INFO ][o.o.j.s.JobSweeper       ] [leader1] Running full sweep\n", "Severity": "info", "Attributes": {"monitoring_services.filename": "/var/log/opensearch/hpc_monitoring.log"}}
{"Resource": {"service.name": "opensearch"}, "Body": "[2026-02-01T06:10:46,263][INFO ][o.o.j.s.JobSweeper       ] [leader3] Running full sweep\n", "Severity": "info", "Attributes": {"monitoring_services.filename": "/var/log/opensearch/hpc_monitoring.log"}}
{"Resource": {"service.name": "kafka"}, "Body": "[2026-02-01T06:11:14.922+0530][gc,phases   ] GC(732)   Evacuate Collection Set: 2.1ms\n", "Severity": "info", "Attributes": {"monitoring_services.filename": "/var/log/kafka/kafkaServer-gc.log"}}
{"Resource": {"service.name": "kafka"}, "Body": "[2026-02-01T06:11:14.922+0530][gc,phases   ] GC(732)   Post Evacuate Collection Set: 1.0ms\n", "Severity": "info", "Attributes": {"monitoring_services.filename": "/var/log/kafka/kafkaServer-gc.log"}}
{"Resource": {"service.name": "kafka"}, "Body": "[2026-02-01T06:11:14.922+0530][gc,phases   ] GC(732)   Other: 0.2ms\n", "Severity": "info", "Attributes": {"monitoring_services.filename": "/var/log/kafka/kafkaServer-gc.log"}}
{"Resource": {"service.name": "kafka"}, "Body": "[2026-02-01T06:11:14.922+0530][gc,heap     ] GC(732) Eden regions: 918->0(918)\n", "Severity": "info", "Attributes": {"monitoring_services.filename": "/var/log/kafka/kafkaServer-gc.log"}}
{"Resource": {"service.name": "kafka"}, "Body": "[2026-02-01T06:11:14.922+0530][gc,heap     ] GC(732) Survivor regions: 3->3(116)\n", "Severity": "info", "Attributes": {"monitoring_services.filename": "/var/log/kafka/kafkaServer-gc.log"}}
{"Resource": {"service.name": "kafka"}, "Body": "[2026-02-01T06:11:14.922+0530][gc,heap     ] GC(732) Old regions: 10->10\n", "Severity": "info", "Attributes": {"monitoring_services.filename": "/var/log/kafka/kafkaServer-gc.log"}}
{"Resource": {"service.name": "kafka"}, "Body": "[2026-02-01T06:11:14.922+0530][gc,heap     ] GC(732) Humongous regions: 33->33\n", "Severity": "info", "Attributes": {"monitoring_services.filename": "/var/log/kafka/kafkaServer-gc.log"}}
{"Resource": {"service.name": "kafka"}, "Body": "[2026-02-01T06:11:14.922+0530][gc          ] GC(732) Pause Young (Normal) (G1 Evacuation Pause) 3854M->180M(6144M) 3.800ms\n", "Severity": "info", "Attributes": {"monitoring_services.filename": "/var/log/kafka/kafkaServer-gc.log"}}
{"Resource": {"service.name": "kafka"}, "Body": "[2026-02-01T06:11:48.579+0530][gc,start    ] GC(685) Pause Young (Normal) (G1 Evacuation Pause)\n", "Severity": "info", "Attributes": {"monitoring_services.filename": "/var/log/kafka/kafkaServer-gc.log"}}
{"Resource": {"service.name": "kafka"}, "Body": "[2026-02-01T06:11:48.585+0530][gc,phases   ] GC(685)   Evacuate Collection Set: 3.6ms\n", "Severity": "info", "Attributes": {"monitoring_services.filename": "/var/log/kafka/kafkaServer-gc.log"}}
{"Resource": {"service.name": "kafka"}, "Body": "[2026-02-01T06:11:48.585+0530][gc,phases   ] GC(685)   Other: 0.3ms\n", "Severity": "info", "Attributes": {"monitoring_services.filename": "/var/log/kafka/kafkaServer-gc.log"}}
{"Resource": {"service.name": "kafka"}, "Body": "[2026-02-01T06:11:48.585+0530][gc,heap     ] GC(685) Survivor regions: 3->3(116)\n", "Severity": "info", "Attributes": {"monitoring_services.filename": "/var/log/kafka/kafkaServer-gc.log"}}
{"Resource": {"service.name": "kafka"}, "Body": "[2026-02-01T06:11:48.585+0530][gc,heap     ] GC(685) Archive regions: 2->2\n", "Severity": "info", "Attributes": {"monitoring_services.filename": "/var/log/kafka/kafkaServer-gc.log"}}
{"Resource": {"service.name": "kafka"}, "Body": "[2026-02-01T06:11:48.585+0530][gc,metaspace] GC(685) Metaspace: 51586K(52288K)->51586K(52288K) NonClass: 45777K(46144K)->45777K(46144K) Class: 5808K(6144K)->5808K(6144K)\n", "Severity": "info", "Attributes": {"monitoring_services.filename": "/var/log/kafka/kafkaServer-gc.log"}}
{"Resource": {"service.name": "kafka"}, "Body": "[2026-02-01T06:11:48.585+0530][gc,cpu      ] GC(685) User=0.14s Sys=0.00s Real=0.01s\n", "Severity": "info", "Attributes": {"monitoring_services.filename": "/var/log/kafka/kafkaServer-gc.log"}}
{"Resource": {"service.name": "kafka"}, "Body": "[2026-02-01T06:13:53.173+0530][gc,start    ] GC(675) Pause Young (Normal) (G1 Evacuation Pause)\n", "Severity": "info", "Attributes": {"monitoring_services.filename": "/var/log/kafka/kafkaServer-gc.log"}}
{"Resource": {"service.name": "kafka"}, "Body": "[2026-02-01T06:13:53.173+0530][gc,task     ] GC(675) Using 33 workers of 33 for evacuation\n", "Severity": "info", "Attributes": {"monitoring_services.filename": "/var/log/kafka/kafkaServer-gc.log"}}
{"Resource": {"service.name": "kafka"}, "Body": "[2026-02-01T06:13:53.179+0530][gc,phases   ] GC(675)   Pre Evacuate Collection Set: 0.2ms\n", "Severity": "info", "Attributes": {"monitoring_services.filename": "/var/log/kafka/kafkaServer-gc.log"}}
{"Resource": {"service.name": "kafka"}, "Body": "[2026-02-01T06:13:53.179+0530][gc,phases   ] GC(675)   Evacuate Collection Set: 3.6ms\n", "Severity": "info", "Attributes": {"monitoring_services.filename": "/var/log/kafka/kafkaServer-gc.log"}}
{"Resource": {"service.name": "kafka"}, "Body": "[2026-02-01T06:13:53.179+0530][gc,phases   ] GC(675)   Other: 0.2ms\n", "Severity": "info", "Attributes": {"monitoring_services.filename": "/var/log/kafka/kafkaServer-gc.log"}}
{"Resource": {"service.name": "kafka"}, "Body": "[2026-02-01T06:13:53.179+0530][gc,heap     ] GC(675) Survivor regions: 2->3(116)\n", "Severity": "info", "Attributes": {"monitoring_services.filename": "/var/log/kafka/kafkaServer-gc.log"}}
{"Resource": {"service.name": "kafka"}, "Body": "[2026-02-01T06:13:53.179+0530][gc,heap     ] GC(675) Archive regions: 2->2\n", "Severity": "info", "Attributes": {"monitoring_services.filename": "/var/log/kafka/kafkaServer-gc.log"}}
{"Resource": {"service.name": "kafka"}, "Body": "[2026-02-01T06:13:53.179+0530][gc,metaspace] GC(675) Metaspace: 50667K(51456K)->50667K(51456K) NonClass: 45006K(45440K)->45006K(45440K) Class: 5661K(6016K)->5661K(6016K)\n", "Severity": "info", "Attributes": {"monitoring_services.filename": "/var/log/kafka/kafkaServer-gc.log"}}
{"Resource": {"service.name": "kafka"}, "Body": "[2026-02-01T06:13:53.179+0530][gc,cpu      ] GC(675) User=0.13s Sys=0.01s Real=0.01s\n", "Severity": "info", "Attributes": {"monitoring_services.filename": "/var/log/kafka/kafkaServer-gc.log"}}
{"Resource": {"service.name": "kafka"}, "Body": "[2026-02-01 06:14:51,721] DEBUG [Controller id=1001] Topics not in preferred replica for broker 1003 HashMap() (kafka.controller.KafkaController)\n", "Severity": "debug", "Attributes": {"monitoring_services.filename": "/var/log/kafka/controller.log"}}
{"Resource": {"service.name": "kafka"}, "Body": "[2026-02-01 06:14:51,721] TRACE [Controller id=1001] Leader imbalance ratio for broker 1003 is 0.0 (kafka.controller.KafkaController)\n", "Severity": "info", "Attributes": {"monitoring_services.filename": "/var/log/kafka/controller.log"}}
{"Resource": {"service.name": "kafka"}, "Body": "[2026-02-01 06:14:51,721] DEBUG [Controller id=1001] Topics not in preferred replica for broker 1004 HashMap() (kafka.controller.KafkaController)\n", "Severity": "debug", "Attributes": {"monitoring_services.filename": "/var/log/kafka/controller.log"}}
{"Resource": {"service.name": "opensearch"}, "Body": "[2026-02-01T06:15:46,263][INFO ][o.o.j.s.JobSweeper       ] [leader3] Running full sweep\n", "Severity": "info", "Attributes": {"monitoring_services.filename": "/var/log/opensearch/hpc_monitoring.log"}}
{"Resource": {"service.name": "opensearch"}, "Body": "[2026-02-01T06:16:24,386][INFO ][o.o.j.s.JobSweeper       ] [leader2] Running full sweep\n", "Severity": "info", "Attributes": {"monitoring_services.filename": "/var/log/opensearch/hpc_monitoring.log"}}
{"Resource": {"service.name": "kafka"}, "Body": "[2026-02-01T06:17:18.515+0530][gc,phases   ] GC(665)   Evacuate Collection Set: 3.2ms\n", "Severity": "info", "Attributes": {"monitoring_services.filename": "/var/log/kafka/kafkaServer-gc.log"}}
{"Resource": {"service.name": "kafka"}, "Body": "[2026-02-01T06:17:18.515+0530][gc,phases   ] GC(665)   Post Evacuate Collection Set: 1.1ms\n", "Severity": "info", "Attributes": {"monitoring_services.filename": "/var/log/kafka/kafkaServer-gc.log"}}
{"Resource": {"service.name": "kafka"}, "Body": "[2026-02-01T06:17:18.515+0530][gc,heap     ] GC(665) Eden regions: 918->0(918)\n", "Severity": "info", "Attributes": {"monitoring_services.filename": "/var/log/kafka/kafkaServer-gc.log"}}
{"Resource": {"service.name": "kafka"}, "Body": "[2026-02-01T06:17:18.515+0530][gc,heap     ] GC(665) Old regions: 8->8\n", "Severity": "info", "Attributes": {"monitoring_services.filename": "/var/log/kafka/kafkaServer-gc.log"}}
{"Resource": {"service.name": "kafka"}, "Body": "[2026-02-01T06:17:18.515+0530][gc,heap     ] GC(665) Humongous regions: 33->33\n", "Severity": "info", "Attributes": {"monitoring_services.filename": "/var/log/kafka/kafkaServer-gc.log"}}
{"Resource": {"service.name": "kafka"}, "Body": "[2026-02-01T06:17:18.515+0530][gc          ] GC(665) Pause Young (Normal) (G1 Evacuation Pause) 3844M->173M(6144M) 5.122ms\n", "Severity": "info", "Attributes": {"monitoring_services.filename": "/var/log/kafka/kafkaServer-gc.log"}}
{"Resource": {"service.name": "kafka"}, "Body": "[2026-02-01 06:19:51,722] TRACE [Controller id=1001] Leader imbalance ratio for broker 1001 is 0.0 (kafka.controller.KafkaController)\n", "Severity": "info", "Attributes": {"monitoring_services.filename": "/var/log/kafka/controller.log"}}
{"Resource": {"service.name": "kafka"}, "Body": "[2026-02-01 06:19:51,722] DEBUG [Controller id=1001] Topics not in preferred replica for broker 1002 HashMap() (kafka.controller.KafkaController)\n", "Severity": "debug", "Attributes": {"monitoring_services.filename": "/var/log/kafka/controller.log"}}
{"Resource": {"service.name": "kafka"}, "Body": "[2026-02-01 06:19:51,722] TRACE [Controller id=1001] Leader imbalance ratio for broker 1002 is 0.0 (kafka.controller.KafkaController)\n", "Severity": "info", "Attributes": {"monitoring_services.filename": "/var/log/kafka/controller.log"}}
{"Resource": {"service.name": "kafka"}, "Body": "[2026-02-01 06:19:51,722] DEBUG [Controller id=1001] Topics not in preferred replica for broker 1003 HashMap() (kafka.controller.KafkaController)\n", "Severity": "debug", "Attributes": {"monitoring_services.filename": "/var/log/kafka/controller.log"}}
{"Resource": {"service.name": "kafka"}, "Body": "[2026-02-01 06:19:51,722] TRACE [Controller id=1001] Leader imbalance ratio for broker 1003 is 0.0 (kafka.controller.KafkaController)\n", "Severity": "info", "Attributes": {"monitoring_services.filename": "/var/log/kafka/controller.log"}}
{"Resource": {"service.name": "kafka"}, "Body": "[2026-02-01 06:19:51,722] DEBUG [Controller id=1001] Topics not in preferred replica for broker 1004 HashMap() (kafka.controller.KafkaController)\n", "Severity": "debug", "Attributes": {"monitoring_services.filename": "/var/log/kafka/controller.log"}}
{"Resource": {"service.name": "kafka"}, "Body": "[2026-02-01 06:19:51,722] TRACE [Controller id=1001] Leader imbalance ratio for broker 1004 is 0.0 (kafka.controller.KafkaController)\n", "Severity": "info", "Attributes": {"monitoring_services.filename": "/var/log/kafka/controller.log"}}
{"Resource": {"service.name": "kafka"}, "Body": "[2026-02-01T06:20:35.026+0530][gc,start    ] GC(733) Pause Young (Normal) (G1 Evacuation Pause)\n", "Severity": "info", "Attributes": {"monitoring_services.filename": "/var/log/kafka/kafkaServer-gc.log"}}
{"Resource": {"service.name": "kafka"}, "Body": "[2026-02-01T06:20:35.027+0530][gc,task     ] GC(733) Using 33 workers of 33 for evacuation\n", "Severity": "info", "Attributes": {"monitoring_services.filename": "/var/log/kafka/kafkaServer-gc.log"}}
{"Resource": {"service.name": "kafka"}, "Body": "[2026-02-01T06:20:35.031+0530][gc,phases   ] GC(733)   Pre Evacuate Collection Set: 0.3ms\n", "Severity": "info", "Attributes": {"monitoring_services.filename": "/var/log/kafka/kafkaServer-gc.log"}}
{"Resource": {"service.name": "kafka"}, "Body": "[2026-02-01T06:20:35.031+0530][gc,phases   ] GC(733)   Merge Heap Roots: 0.3ms\n", "Severity": "info", "Attributes": {"monitoring_services.filename": "/var/log/kafka/kafkaServer-gc.log"}}
{"Resource": {"service.name": "kafka"}, "Body": "[2026-02-01T06:20:35.031+0530][gc,phases   ] GC(733)   Evacuate Collection Set: 2.4ms\n", "Severity": "info", "Attributes": {"monitoring_services.filename": "/var/log/kafka/kafkaServer-gc.log"}}
{"Resource": {"service.name": "kafka"}, "Body": "[2026-02-01T06:20:35.031+0530][gc,phases   ] GC(733)   Post Evacuate Collection Set: 1.3ms\n", "Severity": "info", "Attributes": {"monitoring_services.filename": "/var/log/kafka/kafkaServer-gc.log"}}
{"Resource": {"service.name": "kafka"}, "Body": "[2026-02-01T06:20:35.031+0530][gc,phases   ] GC(733)   Other: 0.3ms\n", "Severity": "info", "Attributes": {"monitoring_services.filename": "/var/log/kafka/kafkaServer-gc.log"}}
{"Resource": {"service.name": "kafka"}, "Body": "[2026-02-01T06:20:35.031+0530][gc,heap     ] GC(733) Eden regions: 918->0(918)\n", "Severity": "info", "Attributes": {"monitoring_services.filename": "/var/log/kafka/kafkaServer-gc.log"}}
{"Resource": {"service.name": "kafka"}, "Body": "[2026-02-01T06:20:35.031+0530][gc,heap     ] GC(733) Survivor regions: 3->3(116)\n", "Severity": "info", "Attributes": {"monitoring_services.filename": "/var/log/kafka/kafkaServer-gc.log"}}
{"Resource": {"service.name": "kafka"}, "Body": "[2026-02-01T06:20:35.031+0530][gc,heap     ] GC(733) Old regions: 10->10\n", "Severity": "info", "Attributes": {"monitoring_services.filename": "/var/log/kafka/kafkaServer-gc.log"}}
{"Resource": {"service.name": "kafka"}, "Body": "[2026-02-01T06:20:35.031+0530][gc,heap     ] GC(733) Archive regions: 2->2\n", "Severity": "info", "Attributes": {"monitoring_services.filename": "/var/log/kafka/kafkaServer-gc.log"}}
{"Resource": {"service.name": "kafka"}, "Body": "[2026-02-01T06:20:35.031+0530][gc,heap     ] GC(733) Humongous regions: 33->33\n", "Severity": "info", "Attributes": {"monitoring_services.filename": "/var/log/kafka/kafkaServer-gc.log"}}
{"Resource": {"service.name": "kafka"}, "Body": "[2026-02-01T06:20:35.031+0530][gc,metaspace] GC(733) Metaspace: 55247K(56192K)->55247K(56192K) NonClass: 48808K(49344K)->48808K(49344K) Class: 6438K(6848K)->6438K(6848K)\n", "Severity": "info", "Attributes": {"monitoring_services.filename": "/var/log/kafka/kafkaServer-gc.log"}}
{"Resource": {"service.name": "kafka"}, "Body": "[2026-02-01T06:20:35.031+0530][gc          ] GC(733) Pause Young (Normal) (G1 Evacuation Pause) 3852M->181M(6144M) 4.583ms\n", "Severity": "info", "Attributes": {"monitoring_services.filename": "/var/log/kafka/kafkaServer-gc.log"}}
{"Resource": {"service.name": "kafka"}, "Body": "[2026-02-01T06:20:35.031+0530][gc,cpu      ] GC(733) User=0.10s Sys=0.00s Real=0.01s\n", "Severity": "info", "Attributes": {"monitoring_services.filename": "/var/log/kafka/kafkaServer-gc.log"}}
{"Resource": {"service.name": "opensearch"}, "Body": "[2026-02-01T06:20:46,261][INFO ][o.o.s.s.c.FlintStreamingJobHouseKeeperTask] [leader3] Starting housekeeping task for auto refresh streaming jobs.\n", "Severity": "info", "Attributes": {"monitoring_services.filename": "/var/log/opensearch/hpc_monitoring.log"}}
{"Resource": {"service.name": "opensearch"}, "Body": "[2026-02-01T06:20:46,262][INFO ][o.o.s.s.c.FlintStreamingJobHouseKeeperTask] [leader3] Finished housekeeping task for auto refresh streaming jobs.\n", "Severity": "info", "Attributes": {"monitoring_services.filename": "/var/log/opensearch/hpc_monitoring.log"}}
{"Resource": {"service.name": "opensearch"}, "Body": "[2026-02-01T06:20:46,264][INFO ][o.o.j.s.JobSweeper       ] [leader3] Running full sweep\n", "Severity": "info", "Attributes": {"monitoring_services.filename": "/var/log/opensearch/hpc_monitoring.log"}}
{"Resource": {"service.name": "opensearch"}, "Body": "[2026-02-01T06:21:24,387][INFO ][o.o.j.s.JobSweeper       ] [leader2] Running full sweep\n", "Severity": "info", "Attributes": {"monitoring_services.filename": "/var/log/opensearch/hpc_monitoring.log"}}
{"Resource": {"service.name": "kafka"}, "Body": "[2026-02-01T06:21:48.267+0530][gc,start    ] GC(686) Pause Young (Normal) (G1 Evacuation Pause)\n", "Severity": "info", "Attributes": {"monitoring_services.filename": "/var/log/kafka/kafkaServer-gc.log"}}
{"Resource": {"service.name": "kafka"}, "Body": "[2026-02-01T06:21:48.267+0530][gc,task     ] GC(686) Using 33 workers of 33 for evacuation\n", "Severity": "info", "Attributes": {"monitoring_services.filename": "/var/log/kafka/kafkaServer-gc.log"}}
{"Resource": {"service.name": "kafka"}, "Body": "[2026-02-01T06:21:48.272+0530][gc,phases   ] GC(686)   Pre Evacuate Collection Set: 0.3ms\n", "Severity": "info", "Attributes": {"monitoring_services.filename": "/var/log/kafka/kafkaServer-gc.log"}}
{"Resource": {"service.name": "kafka"}, "Body": "[2026-02-01T06:21:48.272+0530][gc,phases   ] GC(686)   Merge Heap Roots: 0.3ms\n", "Severity": "info", "Attributes": {"monitoring_services.filename": "/var/log/kafka/kafkaServer-gc.log"}}
{"Resource": {"service.name": "kafka"}, "Body": "[2026-02-01T06:21:48.272+0530][gc,phases   ] GC(686)   Evacuate Collection Set: 2.9ms\n", "Severity": "info", "Attributes": {"monitoring_services.filename": "/var/log/kafka/kafkaServer-gc.log"}}
{"Resource": {"service.name": "kafka"}, "Body": "[2026-02-01T06:21:48.272+0530][gc,metaspace] GC(686) Metaspace: 51586K(52288K)->51586K(52288K) NonClass: 45777K(46144K)->45777K(46144K) Class: 5808K(6144K)->5808K(6144K)\n", "Severity": "info", "Attributes": {"monitoring_services.filename": "/var/log/kafka/kafkaServer-gc.log"}}
{"Resource": {"service.name": "kafka"}, "Body": "[2026-02-01T06:21:48.272+0530][gc,heap     ] GC(686) Survivor regions: 3->3(116)\n", "Severity": "info", "Attributes": {"monitoring_services.filename": "/var/log/kafka/kafkaServer-gc.log"}}
{"Resource": {"service.name": "kafka"}, "Body": "[2026-02-01T06:21:48.272+0530][gc,heap     ] GC(686) Archive regions: 2->2\n", "Severity": "info", "Attributes": {"monitoring_services.filename": "/var/log/kafka/kafkaServer-gc.log"}}
{"Resource": {"service.name": "kafka"}, "Body": "[2026-02-01T06:21:48.272+0530][gc          ] GC(686) Pause Young (Normal) (G1 Evacuation Pause) 3848M->174M(6144M) 5.112ms\n", "Severity": "info", "Attributes": {"monitoring_services.filename": "/var/log/kafka/kafkaServer-gc.log"}}
{"Resource": {"service.name": "kafka"}, "Body": "[2026-02-01T06:23:53.097+0530][gc,start    ] GC(676) Pause Young (Normal) (G1 Evacuation Pause)\n", "Severity": "info", "Attributes": {"monitoring_services.filename": "/var/log/kafka/kafkaServer-gc.log"}}
{"Resource": {"service.name": "kafka"}, "Body": "[2026-02-01T06:23:53.097+0530][gc,task     ] GC(676) Using 33 workers of 33 for evacuation\n", "Severity": "info", "Attributes": {"monitoring_services.filename": "/var/log/kafka/kafkaServer-gc.log"}}
{"Resource": {"service.name": "kafka"}, "Body": "[2026-02-01T06:23:53.103+0530][gc,phases   ] GC(676)   Pre Evacuate Collection Set: 0.3ms\n", "Severity": "info", "Attributes": {"monitoring_services.filename": "/var/log/kafka/kafkaServer-gc.log"}}
{"Resource": {"service.name": "kafka"}, "Body": "[2026-02-01T06:23:53.103+0530][gc,phases   ] GC(676)   Merge Heap Roots: 0.3ms\n", "Severity": "info", "Attributes": {"monitoring_services.filename": "/var/log/kafka/kafkaServer-gc.log"}}
{"Resource": {"service.name": "kafka"}, "Body": "[2026-02-01T06:23:53.103+0530][gc,phases   ] GC(676)   Evacuate Collection Set: 4.0ms\n", "Severity": "info", "Attributes": {"monitoring_services.filename": "/var/log/kafka/kafkaServer-gc.log"}}
{"Resource": {"service.name": "kafka"}, "Body": "[2026-02-01T06:23:53.103+0530][gc,phases   ] GC(676)   Post Evacuate Collection Set: 1.1ms\n", "Severity": "info", "Attributes": {"monitoring_services.filename": "/var/log/kafka/kafkaServer-gc.log"}}
{"Resource": {"service.name": "kafka"}, "Body": "[2026-02-01T06:23:53.103+0530][gc,heap     ] GC(676) Survivor regions: 3->3(116)\n", "Severity": "info", "Attributes": {"monitoring_services.filename": "/var/log/kafka/kafkaServer-gc.log"}}
{"Resource": {"service.name": "kafka"}, "Body": "[2026-02-01T06:23:53.103+0530][gc,heap     ] GC(676) Archive regions: 2->2\n", "Severity": "info", "Attributes": {"monitoring_services.filename": "/var/log/kafka/kafkaServer-gc.log"}}
{"Resource": {"service.name": "kafka"}, "Body": "[2026-02-01T06:23:53.103+0530][gc,metaspace] GC(676) Metaspace: 50667K(51456K)->50667K(51456K) NonClass: 45006K(45440K)->45006K(45440K) Class: 5661K(6016K)->5661K(6016K)\n", "Severity": "info", "Attributes": {"monitoring_services.filename": "/var/log/kafka/kafkaServer-gc.log"}}
{"Resource": {"service.name": "kafka"}, "Body": "[2026-02-01T06:23:53.103+0530][gc,cpu      ] GC(676) User=0.16s Sys=0.00s Real=0.01s\n", "Severity": "info", "Attributes": {"monitoring_services.filename": "/var/log/kafka/kafkaServer-gc.log"}}
{"Resource": {"service.name": "kafka"}, "Body": "[2026-02-01 06:24:51,723] TRACE [Controller id=1001] Leader imbalance ratio for broker 1001 is 0.0 (kafka.controller.KafkaController)\n", "Severity": "info", "Attributes": {"monitoring_services.filename": "/var/log/kafka/controller.log"}}
{"Resource": {"service.name": "kafka"}, "Body": "[2026-02-01 06:24:51,723] DEBUG [Controller id=1001] Topics not in preferred replica for broker 1002 HashMap() (kafka.controller.KafkaController)\n", "Severity": "debug", "Attributes": {"monitoring_services.filename": "/var/log/kafka/controller.log"}}
{"Resource": {"service.name": "kafka"}, "Body": "[2026-02-01 06:24:51,723] TRACE [Controller id=1001] Leader imbalance ratio for broker 1002 is 0.0 (kafka.controller.KafkaController)\n", "Severity": "info", "Attributes": {"monitoring_services.filename": "/var/log/kafka/controller.log"}}
{"Resource": {"service.name": "kafka"}, "Body": "[2026-02-01 06:24:51,723] DEBUG [Controller id=1001] Topics not in preferred replica for broker 1003 HashMap() (kafka.controller.KafkaController)\n", "Severity": "debug", "Attributes": {"monitoring_services.filename": "/var/log/kafka/controller.log"}}
{"Resource": {"service.name": "kafka"}, "Body": "[2026-02-01 06:24:51,723] TRACE [Controller id=1001] Leader imbalance ratio for broker 1003 is 0.0 (kafka.controller.KafkaController)\n", "Severity": "info", "Attributes": {"monitoring_services.filename": "/var/log/kafka/controller.log"}}
{"Resource": {"service.name": "kafka"}, "Body": "[2026-02-01 06:24:51,723] DEBUG [Controller id=1001] Topics not in preferred replica for broker 1004 HashMap() (kafka.controller.KafkaController)\n", "Severity": "debug", "Attributes": {"monitoring_services.filename": "/var/log/kafka/controller.log"}}
{"Resource": {"service.name": "kafka"}, "Body": "[2026-02-01 06:24:51,723] TRACE [Controller id=1001] Leader imbalance ratio for broker 1004 is 0.0 (kafka.controller.KafkaController)\n", "Severity": "info", "Attributes": {"monitoring_services.filename": "/var/log/kafka/controller.log"}}
{"Resource": {"service.name": "opensearch"}, "Body": "[2026-02-01T06:25:42,368][INFO ][o.o.j.s.JobSweeper       ] [leader1] Running full sweep\n", "Severity": "info", "Attributes": {"monitoring_services.filename": "/var/log/opensearch/hpc_monitoring.log"}}
{"Resource": {"service.name": "opensearch"}, "Body": "[2026-02-01T06:26:00,032][INFO ][o.o.j.s.JobSweeper       ] [admin] Running full sweep\n", "Severity": "info", "Attributes": {"monitoring_services.filename": "/var/log/opensearch/hpc_monitoring.log"}}
{"Resource": {"service.name": "kafka"}, "Body": "[2026-02-01T06:27:44.922+0530][gc,phases   ] GC(666)   Post Evacuate Collection Set: 0.9ms\n", "Severity": "info", "Attributes": {"monitoring_services.filename": "/var/log/kafka/kafkaServer-gc.log"}}
{"Resource": {"service.name": "kafka"}, "Body": "[2026-02-01T06:27:44.922+0530][gc,heap     ] GC(666) Eden regions: 918->0(919)\n", "Severity": "info", "Attributes": {"monitoring_services.filename": "/var/log/kafka/kafkaServer-gc.log"}}
{"Resource": {"service.name": "kafka"}, "Body": "[2026-02-01T06:27:44.922+0530][gc,heap     ] GC(666) Survivor regions: 3->2(116)\n", "Severity": "info", "Attributes": {"monitoring_services.filename": "/var/log/kafka/kafkaServer-gc.log"}}
{"Resource": {"service.name": "kafka"}, "Body": "[2026-02-01T06:27:44.922+0530][gc,heap     ] GC(666) Archive regions: 2->2\n", "Severity": "info", "Attributes": {"monitoring_services.filename": "/var/log/kafka/kafkaServer-gc.log"}}
{"Resource": {"service.name": "kafka"}, "Body": "[2026-02-01T06:27:44.922+0530][gc,metaspace] GC(666) Metaspace: 50345K(51136K)->50345K(51136K) NonClass: 44716K(45120K)->44716K(45120K) Class: 5629K(6016K)->5629K(6016K)\n", "Severity": "info", "Attributes": {"monitoring_services.filename": "/var/log/kafka/kafkaServer-gc.log"}}
{"Resource": {"service.name": "kafka"}, "Body": "[2026-02-01T06:27:44.922+0530][gc,cpu      ] GC(666) User=0.06s Sys=0.01s Real=0.00s\n", "Severity": "info", "Attributes": {"monitoring_services.filename": "/var/log/kafka/kafkaServer-gc.log"}}
{"Resource": {"service.name": "kafka"}, "Body": "[2026-02-01T06:29:35.346+0530][gc,start    ] GC(734) Pause Young (Normal) (G1 Evacuation Pause)\n", "Severity": "info", "Attributes": {"monitoring_services.filename": "/var/log/kafka/kafkaServer-gc.log"}}
{"Resource": {"service.name": "kafka"}, "Body": "[2026-02-01T06:29:35.346+0530][gc,task     ] GC(734) Using 33 workers of 33 for evacuation\n", "Severity": "info", "Attributes": {"monitoring_services.filename": "/var/log/kafka/kafkaServer-gc.log"}}
{"Resource": {"service.name": "kafka"}, "Body": "[2026-02-01T06:29:35.351+0530][gc,phases   ] GC(734)   Pre Evacuate Collection Set: 0.2ms\n", "Severity": "info", "Attributes": {"monitoring_services.filename": "/var/log/kafka/kafkaServer-gc.log"}}
{"Resource": {"service.name": "kafka"}, "Body": "[2026-02-01T06:29:35.351+0530][gc,phases   ] GC(734)   Evacuate Collection Set: 3.1ms\n", "Severity": "info", "Attributes": {"monitoring_services.filename": "/var/log/kafka/kafkaServer-gc.log"}}
{"Resource": {"service.name": "kafka"}, "Body": "[2026-02-01T06:29:35.351+0530][gc,phases   ] GC(734)   Post Evacuate Collection Set: 0.9ms\n", "Severity": "info", "Attributes": {"monitoring_services.filename": "/var/log/kafka/kafkaServer-gc.log"}}
{"Resource": {"service.name": "kafka"}, "Body": "[2026-02-01T06:29:35.351+0530][gc,heap     ] GC(734) Eden regions: 918->0(918)\n", "Severity": "info", "Attributes": {"monitoring_services.filename": "/var/log/kafka/kafkaServer-gc.log"}}
{"Resource": {"service.name": "kafka"}, "Body": "[2026-02-01T06:29:35.351+0530][gc,heap     ] GC(734) Old regions: 10->10\n", "Severity": "info", "Attributes": {"monitoring_services.filename": "/var/log/kafka/kafkaServer-gc.log"}}
{"Resource": {"service.name": "kafka"}, "Body": "[2026-02-01T06:29:35.351+0530][gc,heap     ] GC(734) Humongous regions: 33->33\n", "Severity": "info", "Attributes": {"monitoring_services.filename": "/var/log/kafka/kafkaServer-gc.log"}}
{"Resource": {"service.name": "kafka"}, "Body": "[2026-02-01T06:29:35.351+0530][gc          ] GC(734) Pause Young (Normal) (G1 Evacuation Pause) 3853M->182M(6144M) 4.780ms\n", "Severity": "info", "Attributes": {"monitoring_services.filename": "/var/log/kafka/kafkaServer-gc.log"}}
{"Resource": {"service.name": "kafka"}, "Body": "[2026-02-01 06:29:51,724] DEBUG [Controller id=1001] Topics not in preferred replica for broker 1002 HashMap() (kafka.controller.KafkaController)\n", "Severity": "debug", "Attributes": {"monitoring_services.filename": "/var/log/kafka/controller.log"}}
{"Resource": {"service.name": "kafka"}, "Body": "[2026-02-01 06:29:51,724] DEBUG [Controller id=1001] Topics not in preferred replica for broker 1003 HashMap() (kafka.controller.KafkaController)\n", "Severity": "debug", "Attributes": {"monitoring_services.filename": "/var/log/kafka/controller.log"}}
{"Resource": {"service.name": "kafka"}, "Body": "[2026-02-01 06:29:51,724] TRACE [Controller id=1001] Leader imbalance ratio for broker 1003 is 0.0 (kafka.controller.KafkaController)\n", "Severity": "info", "Attributes": {"monitoring_services.filename": "/var/log/kafka/controller.log"}}
{"Resource": {"service.name": "kafka"}, "Body": "[2026-02-01 06:29:51,724] TRACE [Controller id=1001] Leader imbalance ratio for broker 1004 is 0.0 (kafka.controller.KafkaController)\n", "Severity": "info", "Attributes": {"monitoring_services.filename": "/var/log/kafka/controller.log"}}
{"Resource": {"service.name": "opensearch"}, "Body": "[2026-02-01T06:30:42,369][INFO ][o.o.j.s.JobSweeper       ] [leader1] Running full sweep\n", "Severity": "info", "Attributes": {"monitoring_services.filename": "/var/log/opensearch/hpc_monitoring.log"}}
{"Resource": {"service.name": "opensearch"}, "Body": "[2026-02-01T06:30:46,265][INFO ][o.o.j.s.JobSweeper       ] [leader3] Running full sweep\n", "Severity": "info", "Attributes": {"monitoring_services.filename": "/var/log/opensearch/hpc_monitoring.log"}}
{"Resource": {"service.name": "opensearch"}, "Body": "[2026-02-01T06:31:00,033][INFO ][o.o.j.s.JobSweeper       ] [admin] Running full sweep\n", "Severity": "info", "Attributes": {"monitoring_services.filename": "/var/log/opensearch/hpc_monitoring.log"}}
{"Resource": {"service.name": "kafka"}, "Body": "[2026-02-01T06:31:18.763+0530][gc,phases   ] GC(687)   Evacuate Collection Set: 4.3ms\n", "Severity": "info", "Attributes": {"monitoring_services.filename": "/var/log/kafka/kafkaServer-gc.log"}}
{"Resource": {"service.name": "kafka"}, "Body": "[2026-02-01T06:31:18.763+0530][gc,phases   ] GC(687)   Post Evacuate Collection Set: 1.2ms\n", "Severity": "info", "Attributes": {"monitoring_services.filename": "/var/log/kafka/kafkaServer-gc.log"}}
{"Resource": {"service.name": "kafka"}, "Body": "[2026-02-01T06:31:18.763+0530][gc,heap     ] GC(687) Old regions: 8->8\n", "Severity": "info", "Attributes": {"monitoring_services.filename": "/var/log/kafka/kafkaServer-gc.log"}}
{"Resource": {"service.name": "kafka"}, "Body": "[2026-02-01T06:31:18.763+0530][gc,heap     ] GC(687) Humongous regions: 33->33\n", "Severity": "info", "Attributes": {"monitoring_services.filename": "/var/log/kafka/kafkaServer-gc.log"}}
{"Resource": {"service.name": "kafka"}, "Body": "[2026-02-01T06:31:18.763+0530][gc          ] GC(687) Pause Young (Normal) (G1 Evacuation Pause) 3846M->177M(6144M) 6.530ms\n", "Severity": "info", "Attributes": {"monitoring_services.filename": "/var/log/kafka/kafkaServer-gc.log"}}
{"Resource": {"service.name": "kafka"}, "Body": "[2026-02-01T06:33:53.027+0530][gc,start    ] GC(677) Pause Young (Normal) (G1 Evacuation Pause)\n", "Severity": "info", "Attributes": {"monitoring_services.filename": "/var/log/kafka/kafkaServer-gc.log"}}
{"Resource": {"service.name": "kafka"}, "Body": "[2026-02-01T06:33:53.027+0530][gc,task     ] GC(677) Using 33 workers of 33 for evacuation\n", "Severity": "info", "Attributes": {"monitoring_services.filename": "/var/log/kafka/kafkaServer-gc.log"}}
{"Resource": {"service.name": "kafka"}, "Body": "[2026-02-01T06:33:53.033+0530][gc,phases   ] GC(677)   Pre Evacuate Collection Set: 0.3ms\n", "Severity": "info", "Attributes": {"monitoring_services.filename": "/var/log/kafka/kafkaServer-gc.log"}}
{"Resource": {"service.name": "kafka"}, "Body": "[2026-02-01T06:33:53.033+0530][gc,phases   ] GC(677)   Evacuate Collection Set: 3.6ms\n", "Severity": "info", "Attributes": {"monitoring_services.filename": "/var/log/kafka/kafkaServer-gc.log"}}
{"Resource": {"service.name": "kafka"}, "Body": "[2026-02-01T06:33:53.033+0530][gc,phases   ] GC(677)   Other: 0.2ms\n", "Severity": "info", "Attributes": {"monitoring_services.filename": "/var/log/kafka/kafkaServer-gc.log"}}
{"Resource": {"service.name": "kafka"}, "Body": "[2026-02-01T06:33:53.033+0530][gc,heap     ] GC(677) Eden regions: 918->0(918)\n", "Severity": "info", "Attributes": {"monitoring_services.filename": "/var/log/kafka/kafkaServer-gc.log"}}
{"Resource": {"service.name": "kafka"}, "Body": "[2026-02-01T06:33:53.033+0530][gc,heap     ] GC(677) Old regions: 8->8\n", "Severity": "info", "Attributes": {"monitoring_services.filename": "/var/log/kafka/kafkaServer-gc.log"}}
{"Resource": {"service.name": "kafka"}, "Body": "[2026-02-01T06:33:53.033+0530][gc,heap     ] GC(677) Humongous regions: 33->33\n", "Severity": "info", "Attributes": {"monitoring_services.filename": "/var/log/kafka/kafkaServer-gc.log"}}
{"Resource": {"service.name": "kafka"}, "Body": "[2026-02-01T06:33:53.033+0530][gc          ] GC(677) Pause Young (Normal) (G1 Evacuation Pause) 3847M->175M(6144M) 5.702ms\n", "Severity": "info", "Attributes": {"monitoring_services.filename": "/var/log/kafka/kafkaServer-gc.log"}}
{"Resource": {"service.name": "kafka"}, "Body": "[2026-02-01 06:34:51,724] INFO [Controller id=1001] Processing automatic preferred replica leader election (kafka.controller.KafkaController)\n", "Severity": "info", "Attributes": {"monitoring_services.filename": "/var/log/kafka/controller.log"}}
{"Resource": {"service.name": "kafka"}, "Body": "[2026-02-01 06:34:51,725] TRACE [Controller id=1001] Leader imbalance ratio for broker 1002 is 0.0 (kafka.controller.KafkaController)\n", "Severity": "info", "Attributes": {"monitoring_services.filename": "/var/log/kafka/controller.log"}}
{"Resource": {"service.name": "kafka"}, "Body": "[2026-02-01 06:34:51,725] TRACE [Controller id=1001] Leader imbalance ratio for broker 1003 is 0.0 (kafka.controller.KafkaController)\n", "Severity": "info", "Attributes": {"monitoring_services.filename": "/var/log/kafka/controller.log"}}
{"Resource": {"service.name": "kafka"}, "Body": "[2026-02-01 06:34:51,725] TRACE [Controller id=1001] Leader imbalance ratio for broker 1004 is 0.0 (kafka.controller.KafkaController)\n", "Severity": "info", "Attributes": {"monitoring_services.filename": "/var/log/kafka/controller.log"}}
{"Resource": {"service.name": "opensearch"}, "Body": "[2026-02-01T06:35:42,370][INFO ][o.o.j.s.JobSweeper       ] [leader1] Running full sweep\n", "Severity": "info", "Attributes": {"monitoring_services.filename": "/var/log/opensearch/hpc_monitoring.log"}}
{"Resource": {"service.name": "opensearch"}, "Body": "[2026-02-01T06:36:00,034][INFO ][o.o.j.s.JobSweeper       ] [admin] Running full sweep\n", "Severity": "info", "Attributes": {"monitoring_services.filename": "/var/log/opensearch/hpc_monitoring.log"}}
{"Resource": {"service.name": "opensearch"}, "Body": "[2026-02-01T06:36:24,389][INFO ][o.o.j.s.JobSweeper       ] [leader2] Running full sweep\n", "Severity": "info", "Attributes": {"monitoring_services.filename": "/var/log/opensearch/hpc_monitoring.log"}}
{"Resource": {"service.name": "kafka"}, "Body": "[2026-02-01T06:37:48.115+0530][gc,phases   ] GC(667)   Pre Evacuate Collection Set: 0.2ms\n", "Severity": "info", "Attributes": {"monitoring_services.filename": "/var/log/kafka/kafkaServer-gc.log"}}
{"Resource": {"service.name": "kafka"}, "Body": "[2026-02-01T06:37:48.115+0530][gc,phases   ] GC(667)   Merge Heap Roots: 0.3ms\n", "Severity": "info", "Attributes": {"monitoring_services.filename": "/var/log/kafka/kafkaServer-gc.log"}}
{"Resource": {"service.name": "kafka"}, "Body": "[2026-02-01T06:37:48.115+0530][gc,phases   ] GC(667)   Evacuate Collection Set: 2.6ms\n", "Severity": "info", "Attributes": {"monitoring_services.filename": "/var/log/kafka/kafkaServer-gc.log"}}
{"Resource": {"service.name": "kafka"}, "Body": "[2026-02-01T06:37:48.115+0530][gc,phases   ] GC(667)   Post Evacuate Collection Set: 1.1ms\n", "Severity": "info", "Attributes": {"monitoring_services.filename": "/var/log/kafka/kafkaServer-gc.log"}}
{"Resource": {"service.name": "kafka"}, "Body": "[2026-02-01T06:37:48.115+0530][gc,heap     ] GC(667) Eden regions: 919->0(919)\n", "Severity": "info", "Attributes": {"monitoring_services.filename": "/var/log/kafka/kafkaServer-gc.log"}}
{"Resource": {"service.name": "kafka"}, "Body": "[2026-02-01T06:37:48.115+0530][gc,heap     ] GC(667) Survivor regions: 2->2(116)\n", "Severity": "info", "Attributes": {"monitoring_services.filename": "/var/log/kafka/kafkaServer-gc.log"}}
{"Resource": {"service.name": "kafka"}, "Body": "[2026-02-01T06:37:48.115+0530][gc,heap     ] GC(667) Archive regions: 2->2\n", "Severity": "info", "Attributes": {"monitoring_services.filename": "/var/log/kafka/kafkaServer-gc.log"}}
{"Resource": {"service.name": "kafka"}, "Body": "[2026-02-01T06:37:48.115+0530][gc,metaspace] GC(667) Metaspace: 50345K(51136K)->50345K(51136K) NonClass: 44716K(45120K)->44716K(45120K) Class: 5629K(6016K)->5629K(6016K)\n", "Severity": "info", "Attributes": {"monitoring_services.filename": "/var/log/kafka/kafkaServer-gc.log"}}
{"Resource": {"service.name": "kafka"}, "Body": "[2026-02-01T06:37:48.115+0530][gc,cpu      ] GC(667) User=0.11s Sys=0.00s Real=0.01s\n", "Severity": "info", "Attributes": {"monitoring_services.filename": "/var/log/kafka/kafkaServer-gc.log"}}
{"Resource": {"service.name": "kafka"}, "Body": "[2026-02-01T06:38:52.393+0530][gc,start    ] GC(735) Pause Young (Normal) (G1 Evacuation Pause)\n", "Severity": "info", "Attributes": {"monitoring_services.filename": "/var/log/kafka/kafkaServer-gc.log"}}
{"Resource": {"service.name": "kafka"}, "Body": "[2026-02-01T06:38:52.399+0530][gc,metaspace] GC(735) Metaspace: 55247K(56192K)->55247K(56192K) NonClass: 48808K(49344K)->48808K(49344K) Class: 6438K(6848K)->6438K(6848K)\n", "Severity": "info", "Attributes": {"monitoring_services.filename": "/var/log/kafka/kafkaServer-gc.log"}}
{"Resource": {"service.name": "kafka"}, "Body": "[2026-02-01 06:39:51,725] TRACE [Controller id=1001] Checking need to trigger auto leader balancing (kafka.controller.KafkaController)\n", "Severity": "info", "Attributes": {"monitoring_services.filename": "/var/log/kafka/controller.log"}}
{"Resource": {"service.name": "kafka"}, "Body": "[2026-02-01 06:39:51,726] DEBUG [Controller id=1001] Topics not in preferred replica for broker 1001 HashMap() (kafka.controller.KafkaController)\n", "Severity": "debug", "Attributes": {"monitoring_services.filename": "/var/log/kafka/controller.log"}}
{"Resource": {"service.name": "kafka"}, "Body": "[2026-02-01 06:39:51,726] TRACE [Controller id=1001] Leader imbalance ratio for broker 1002 is 0.0 (kafka.controller.KafkaController)\n", "Severity": "info", "Attributes": {"monitoring_services.filename": "/var/log/kafka/controller.log"}}
{"Resource": {"service.name": "kafka"}, "Body": "[2026-02-01 06:39:51,726] DEBUG [Controller id=1001] Topics not in preferred replica for broker 1003 HashMap() (kafka.controller.KafkaController)\n", "Severity": "debug", "Attributes": {"monitoring_services.filename": "/var/log/kafka/controller.log"}}
{"Resource": {"service.name": "kafka"}, "Body": "[2026-02-01 06:39:51,726] TRACE [Controller id=1001] Leader imbalance ratio for broker 1003 is 0.0 (kafka.controller.KafkaController)\n", "Severity": "info", "Attributes": {"monitoring_services.filename": "/var/log/kafka/controller.log"}}
{"Resource": {"service.name": "kafka"}, "Body": "[2026-02-01 06:39:51,726] TRACE [Controller id=1001] Leader imbalance ratio for broker 1004 is 0.0 (kafka.controller.KafkaController)\n", "Severity": "info", "Attributes": {"monitoring_services.filename": "/var/log/kafka/controller.log"}}
{"Resource": {"service.name": "opensearch"}, "Body": "[2026-02-01T06:40:46,266][INFO ][o.o.j.s.JobSweeper       ] [leader3] Running full sweep\n", "Severity": "info", "Attributes": {"monitoring_services.filename": "/var/log/opensearch/hpc_monitoring.log"}}
{"Resource": {"service.name": "kafka"}, "Body": "[2026-02-01T06:41:18.458+0530][gc,phases   ] GC(688)   Evacuate Collection Set: 3.6ms\n", "Severity": "info", "Attributes": {"monitoring_services.filename": "/var/log/kafka/kafkaServer-gc.log"}}
{"Resource": {"service.name": "kafka"}, "Body": "[2026-02-01T06:41:18.458+0530][gc,phases   ] GC(688)   Post Evacuate Collection Set: 1.2ms\n", "Severity": "info", "Attributes": {"monitoring_services.filename": "/var/log/kafka/kafkaServer-gc.log"}}
{"Resource": {"service.name": "kafka"}, "Body": "[2026-02-01T06:41:18.458+0530][gc,phases   ] GC(688)   Other: 0.4ms\n", "Severity": "info", "Attributes": {"monitoring_services.filename": "/var/log/kafka/kafkaServer-gc.log"}}
{"Resource": {"service.name": "kafka"}, "Body": "[2026-02-01T06:41:18.458+0530][gc,heap     ] GC(688) Eden regions: 918->0(918)\n", "Severity": "info", "Attributes": {"monitoring_services.filename": "/var/log/kafka/kafkaServer-gc.log"}}
{"Resource": {"service.name": "kafka"}, "Body": "[2026-02-01T06:41:18.458+0530][gc,heap     ] GC(688) Survivor regions: 3->3(116)\n", "Severity": "info", "Attributes": {"monitoring_services.filename": "/var/log/kafka/kafkaServer-gc.log"}}
{"Resource": {"service.name": "kafka"}, "Body": "[2026-02-01T06:41:18.458+0530][gc,heap     ] GC(688) Old regions: 8->8\n", "Severity": "info", "Attributes": {"monitoring_services.filename": "/var/log/kafka/kafkaServer-gc.log"}}
{"Resource": {"service.name": "kafka"}, "Body": "[2026-02-01T06:41:18.458+0530][gc,heap     ] GC(688) Archive regions: 2->2\n", "Severity": "info", "Attributes": {"monitoring_services.filename": "/var/log/kafka/kafkaServer-gc.log"}}
{"Resource": {"service.name": "kafka"}, "Body": "[2026-02-01T06:41:18.458+0530][gc,metaspace] GC(688) Metaspace: 51586K(52288K)->51586K(52288K) NonClass: 45777K(46144K)->45777K(46144K) Class: 5808K(6144K)->5808K(6144K)\n", "Severity": "info", "Attributes": {"monitoring_services.filename": "/var/log/kafka/kafkaServer-gc.log"}}
{"Resource": {"service.name": "kafka"}, "Body": "[2026-02-01T06:41:18.459+0530][gc,cpu      ] GC(688) User=0.14s Sys=0.00s Real=0.00s\n", "Severity": "info", "Attributes": {"monitoring_services.filename": "/var/log/kafka/kafkaServer-gc.log"}}
{"Resource": {"service.name": "kafka"}, "Body": "[2026-02-01 06:43:14,200] INFO Purge task started. (org.apache.zookeeper.server.DatadirCleanupManager)\n", "Severity": "info", "Attributes": {"monitoring_services.filename": "/var/log/kafka/server.log"}}
{"Resource": {"service.name": "kafka"}, "Body": "[2026-02-01 06:43:15,386] INFO zookeeper.snapshot.trust.empty : false (org.apache.zookeeper.server.persistence.FileTxnSnapLog)\n", "Severity": "info", "Attributes": {"monitoring_services.filename": "/var/log/kafka/server.log"}}
{"Resource": {"service.name": "kafka"}, "Body": "[2026-02-01 06:43:15,538] INFO zookeeper.snapshot.trust.empty : false (org.apache.zookeeper.server.persistence.FileTxnSnapLog)\n", "Severity": "info", "Attributes": {"monitoring_services.filename": "/var/log/kafka/server.log"}}
{"Resource": {"service.name": "kafka"}, "Body": "[2026-02-01 06:43:15,538] INFO Purge task completed. (org.apache.zookeeper.server.DatadirCleanupManager)\n", "Severity": "info", "Attributes": {"monitoring_services.filename": "/var/log/kafka/server.log"}}
{"Resource": {"service.name": "kafka"}, "Body": "[2026-02-01 06:43:15,387] INFO Purge task completed. (org.apache.zookeeper.server.DatadirCleanupManager)\n", "Severity": "info", "Attributes": {"monitoring_services.filename": "/var/log/kafka/server.log"}}
{"Resource": {"service.name": "kafka"}, "Body": "[2026-02-01T06:43:53.018+0530][gc,phases   ] GC(678)   Merge Heap Roots: 0.3ms\n", "Severity": "info", "Attributes": {"monitoring_services.filename": "/var/log/kafka/kafkaServer-gc.log"}}
{"Resource": {"service.name": "kafka"}, "Body": "[2026-02-01T06:43:53.018+0530][gc,phases   ] GC(678)   Evacuate Collection Set: 3.4ms\n", "Severity": "info", "Attributes": {"monitoring_services.filename": "/var/log/kafka/kafkaServer-gc.log"}}
{"Resource": {"service.name": "kafka"}, "Body": "[2026-02-01T06:43:53.018+0530][gc,phases   ] GC(678)   Post Evacuate Collection Set: 1.0ms\n", "Severity": "info", "Attributes": {"monitoring_services.filename": "/var/log/kafka/kafkaServer-gc.log"}}
{"Resource": {"service.name": "kafka"}, "Body": "[2026-02-01T06:43:53.018+0530][gc,heap     ] GC(678) Eden regions: 918->0(918)\n", "Severity": "info", "Attributes": {"monitoring_services.filename": "/var/log/kafka/kafkaServer-gc.log"}}
{"Resource": {"service.name": "kafka"}, "Body": "[2026-02-01T06:43:53.018+0530][gc,heap     ] GC(678) Old regions: 8->8\n", "Severity": "info", "Attributes": {"monitoring_services.filename": "/var/log/kafka/kafkaServer-gc.log"}}
{"Resource": {"service.name": "kafka"}, "Body": "[2026-02-01T06:43:53.018+0530][gc,heap     ] GC(678) Humongous regions: 33->33\n", "Severity": "info", "Attributes": {"monitoring_services.filename": "/var/log/kafka/kafkaServer-gc.log"}}
{"Resource": {"service.name": "kafka"}, "Body": "[2026-02-01T06:43:53.018+0530][gc          ] GC(678) Pause Young (Normal) (G1 Evacuation Pause) 3847M->175M(6144M) 5.083ms\n", "Severity": "info", "Attributes": {"monitoring_services.filename": "/var/log/kafka/kafkaServer-gc.log"}}
{"Resource": {"service.name": "kafka"}, "Body": "[2026-02-01 06:44:51,726] TRACE [Controller id=1001] Checking need to trigger auto leader balancing (kafka.controller.KafkaController)\n", "Severity": "info", "Attributes": {"monitoring_services.filename": "/var/log/kafka/controller.log"}}
{"Resource": {"service.name": "kafka"}, "Body": "[2026-02-01 06:44:51,726] DEBUG [Controller id=1001] Topics not in preferred replica for broker 1001 HashMap() (kafka.controller.KafkaController)\n", "Severity": "debug", "Attributes": {"monitoring_services.filename": "/var/log/kafka/controller.log"}}
{"Resource": {"service.name": "kafka"}, "Body": "[2026-02-01 06:44:51,726] TRACE [Controller id=1001] Leader imbalance ratio for broker 1001 is 0.0 (kafka.controller.KafkaController)\n", "Severity": "info", "Attributes": {"monitoring_services.filename": "/var/log/kafka/controller.log"}}
{"Resource": {"service.name": "kafka"}, "Body": "[2026-02-01 06:44:51,726] DEBUG [Controller id=1001] Topics not in preferred replica for broker 1002 HashMap() (kafka.controller.KafkaController)\n", "Severity": "debug", "Attributes": {"monitoring_services.filename": "/var/log/kafka/controller.log"}}
{"Resource": {"service.name": "kafka"}, "Body": "[2026-02-01 06:44:51,726] TRACE [Controller id=1001] Leader imbalance ratio for broker 1002 is 0.0 (kafka.controller.KafkaController)\n", "Severity": "info", "Attributes": {"monitoring_services.filename": "/var/log/kafka/controller.log"}}
{"Resource": {"service.name": "kafka"}, "Body": "[2026-02-01 06:44:51,726] DEBUG [Controller id=1001] Topics not in preferred replica for broker 1003 HashMap() (kafka.controller.KafkaController)\n", "Severity": "debug", "Attributes": {"monitoring_services.filename": "/var/log/kafka/controller.log"}}
{"Resource": {"service.name": "kafka"}, "Body": "[2026-02-01 06:44:51,726] TRACE [Controller id=1001] Leader imbalance ratio for broker 1003 is 0.0 (kafka.controller.KafkaController)\n", "Severity": "info", "Attributes": {"monitoring_services.filename": "/var/log/kafka/controller.log"}}
{"Resource": {"service.name": "kafka"}, "Body": "[2026-02-01 06:44:51,726] DEBUG [Controller id=1001] Topics not in preferred replica for broker 1004 HashMap() (kafka.controller.KafkaController)\n", "Severity": "debug", "Attributes": {"monitoring_services.filename": "/var/log/kafka/controller.log"}}
{"Resource": {"service.name": "opensearch"}, "Body": "[2026-02-01T06:45:42,371][INFO ][o.o.j.s.JobSweeper       ] [leader1] Running full sweep\n", "Severity": "info", "Attributes": {"monitoring_services.filename": "/var/log/opensearch/hpc_monitoring.log"}}
{"Resource": {"service.name": "opensearch"}, "Body": "[2026-02-01T06:46:00,035][INFO ][o.o.j.s.JobSweeper       ] [admin] Running full sweep\n", "Severity": "info", "Attributes": {"monitoring_services.filename": "/var/log/opensearch/hpc_monitoring.log"}}
{"Resource": {"service.name": "opensearch"}, "Body": "[2026-02-01T06:46:24,390][INFO ][o.o.j.s.JobSweeper       ] [leader2] Running full sweep\n", "Severity": "info", "Attributes": {"monitoring_services.filename": "/var/log/opensearch/hpc_monitoring.log"}}
{"Resource": {"service.name": "kafka"}, "Body": "[2026-02-01T06:47:48.309+0530][gc,start    ] GC(668) Pause Young (Normal) (G1 Evacuation Pause)\n", "Severity": "info", "Attributes": {"monitoring_services.filename": "/var/log/kafka/kafkaServer-gc.log"}}
{"Resource": {"service.name": "kafka"}, "Body": "[2026-02-01T06:47:48.309+0530][gc,task     ] GC(668) Using 33 workers of 33 for evacuation\n", "Severity": "info", "Attributes": {"monitoring_services.filename": "/var/log/kafka/kafkaServer-gc.log"}}
{"Resource": {"service.name": "kafka"}, "Body": "[2026-02-01T06:47:48.314+0530][gc,phases   ] GC(668)   Pre Evacuate Collection Set: 0.2ms\n", "Severity": "info", "Attributes": {"monitoring_services.filename": "/var/log/kafka/kafkaServer-gc.log"}}
{"Resource": {"service.name": "kafka"}, "Body": "[2026-02-01T06:47:48.314+0530][gc,phases   ] GC(668)   Merge Heap Roots: 0.3ms\n", "Severity": "info", "Attributes": {"monitoring_services.filename": "/var/log/kafka/kafkaServer-gc.log"}}
{"Resource": {"service.name": "kafka"}, "Body": "[2026-02-01T06:47:48.314+0530][gc,phases   ] GC(668)   Evacuate Collection Set: 3.6ms\n", "Severity": "info", "Attributes": {"monitoring_services.filename": "/var/log/kafka/kafkaServer-gc.log"}}
{"Resource": {"service.name": "kafka"}, "Body": "[2026-02-01T06:47:48.314+0530][gc,phases   ] GC(668)   Post Evacuate Collection Set: 1.2ms\n", "Severity": "info", "Attributes": {"monitoring_services.filename": "/var/log/kafka/kafkaServer-gc.log"}}
{"Resource": {"service.name": "kafka"}, "Body": "[2026-02-01T06:47:48.314+0530][gc,heap     ] GC(668) Survivor regions: 2->3(116)\n", "Severity": "info", "Attributes": {"monitoring_services.filename": "/var/log/kafka/kafkaServer-gc.log"}}
{"Resource": {"service.name": "kafka"}, "Body": "[2026-02-01T06:47:48.314+0530][gc,heap     ] GC(668) Old regions: 8->8\n", "Severity": "info", "Attributes": {"monitoring_services.filename": "/var/log/kafka/kafkaServer-gc.log"}}
{"Resource": {"service.name": "kafka"}, "Body": "[2026-02-01T06:47:48.314+0530][gc,heap     ] GC(668) Humongous regions: 33->33\n", "Severity": "info", "Attributes": {"monitoring_services.filename": "/var/log/kafka/kafkaServer-gc.log"}}
{"Resource": {"service.name": "kafka"}, "Body": "[2026-02-01T06:47:48.314+0530][gc,metaspace] GC(668) Metaspace: 50345K(51136K)->50345K(51136K) NonClass: 44716K(45120K)->44716K(45120K) Class: 5629K(6016K)->5629K(6016K)\n", "Severity": "info", "Attributes": {"monitoring_services.filename": "/var/log/kafka/kafkaServer-gc.log"}}
{"Resource": {"service.name": "kafka"}, "Body": "[2026-02-01T06:47:48.314+0530][gc          ] GC(668) Pause Young (Normal) (G1 Evacuation Pause) 3848M->173M(6144M) 5.602ms\n", "Severity": "info", "Attributes": {"monitoring_services.filename": "/var/log/kafka/kafkaServer-gc.log"}}
{"Resource": {"service.name": "kafka"}, "Body": "[2026-02-01T06:47:48.314+0530][gc,cpu      ] GC(668) User=0.13s Sys=0.00s Real=0.01s\n", "Severity": "info", "Attributes": {"monitoring_services.filename": "/var/log/kafka/kafkaServer-gc.log"}}
{"Resource": {"service.name": "kafka"}, "Body": "[2026-02-01T06:48:05.152+0530][gc,start    ] GC(736) Pause Young (Normal) (G1 Evacuation Pause)\n", "Severity": "info", "Attributes": {"monitoring_services.filename": "/var/log/kafka/kafkaServer-gc.log"}}
{"Resource": {"service.name": "kafka"}, "Body": "[2026-02-01T06:48:05.156+0530][gc,heap     ] GC(736) Archive regions: 2->2\n", "Severity": "info", "Attributes": {"monitoring_services.filename": "/var/log/kafka/kafkaServer-gc.log"}}
{"Resource": {"service.name": "kafka"}, "Body": "[2026-02-01T06:48:05.156+0530][gc,cpu      ] GC(736) User=0.08s Sys=0.03s Real=0.00s\n", "Severity": "info", "Attributes": {"monitoring_services.filename": "/var/log/kafka/kafkaServer-gc.log"}}
{"Resource": {"service.name": "kafka"}, "Body": "[2026-02-01 06:49:51,727] TRACE [Controller id=1001] Checking need to trigger auto leader balancing (kafka.controller.KafkaController)\n", "Severity": "info", "Attributes": {"monitoring_services.filename": "/var/log/kafka/controller.log"}}
{"Resource": {"service.name": "kafka"}, "Body": "[2026-02-01 06:49:51,727] DEBUG [Controller id=1001] Topics not in preferred replica for broker 1001 HashMap() (kafka.controller.KafkaController)\n", "Severity": "debug", "Attributes": {"monitoring_services.filename": "/var/log/kafka/controller.log"}}
{"Resource": {"service.name": "kafka"}, "Body": "[2026-02-01 06:49:51,727] TRACE [Controller id=1001] Leader imbalance ratio for broker 1001 is 0.0 (kafka.controller.KafkaController)\n", "Severity": "info", "Attributes": {"monitoring_services.filename": "/var/log/kafka/controller.log"}}
{"Resource": {"service.name": "kafka"}, "Body": "[2026-02-01 06:49:51,727] TRACE [Controller id=1001] Leader imbalance ratio for broker 1002 is 0.0 (kafka.controller.KafkaController)\n", "Severity": "info", "Attributes": {"monitoring_services.filename": "/var/log/kafka/controller.log"}}
{"Resource": {"service.name": "kafka"}, "Body": "[2026-02-01 06:49:51,727] TRACE [Controller id=1001] Leader imbalance ratio for broker 1003 is 0.0 (kafka.controller.KafkaController)\n", "Severity": "info", "Attributes": {"monitoring_services.filename": "/var/log/kafka/controller.log"}}
{"Resource": {"service.name": "kafka"}, "Body": "[2026-02-01 06:49:51,727] TRACE [Controller id=1001] Leader imbalance ratio for broker 1004 is 0.0 (kafka.controller.KafkaController)\n", "Severity": "info", "Attributes": {"monitoring_services.filename": "/var/log/kafka/controller.log"}}
{"Resource": {"service.name": "opensearch"}, "Body": "[2026-02-01T06:50:45,950][INFO ][o.o.t.t.CronTransportAction] [leader3] Start running hourly cron.\n", "Severity": "info", "Attributes": {"monitoring_services.filename": "/var/log/opensearch/hpc_monitoring.log"}}
{"Resource": {"service.name": "opensearch"}, "Body": "[2026-02-01T06:50:45,950][INFO ][o.o.t.t.CronTransportAction] [admin] Start running hourly cron.\n", "Severity": "info", "Attributes": {"monitoring_services.filename": "/var/log/opensearch/hpc_monitoring.log"}}
{"Resource": {"service.name": "opensearch"}, "Body": "[2026-02-01T06:51:00,036][INFO ][o.o.j.s.JobSweeper       ] [admin] Running full sweep\n", "Severity": "info", "Attributes": {"monitoring_services.filename": "/var/log/opensearch/hpc_monitoring.log"}}
{"Resource": {"service.name": "kafka"}, "Body": "[2026-02-01T06:51:05.692+0530][gc,start    ] GC(689) Pause Young (Normal) (G1 Evacuation Pause)\n", "Severity": "info", "Attributes": {"monitoring_services.filename": "/var/log/kafka/kafkaServer-gc.log"}}
{"Resource": {"service.name": "kafka"}, "Body": "[2026-02-01T06:51:05.692+0530][gc,task     ] GC(689) Using 33 workers of 33 for evacuation\n", "Severity": "info", "Attributes": {"monitoring_services.filename": "/var/log/kafka/kafkaServer-gc.log"}}
{"Resource": {"service.name": "kafka"}, "Body": "[2026-02-01T06:51:05.697+0530][gc,phases   ] GC(689)   Pre Evacuate Collection Set: 0.3ms\n", "Severity": "info", "Attributes": {"monitoring_services.filename": "/var/log/kafka/kafkaServer-gc.log"}}
{"Resource": {"service.name": "kafka"}, "Body": "[2026-02-01T06:51:05.697+0530][gc,phases   ] GC(689)   Merge Heap Roots: 0.4ms\n", "Severity": "info", "Attributes": {"monitoring_services.filename": "/var/log/kafka/kafkaServer-gc.log"}}
{"Resource": {"service.name": "kafka"}, "Body": "[2026-02-01T06:51:05.697+0530][gc,phases   ] GC(689)   Post Evacuate Collection Set: 1.2ms\n", "Severity": "info", "Attributes": {"monitoring_services.filename": "/var/log/kafka/kafkaServer-gc.log"}}
{"Resource": {"service.name": "kafka"}, "Body": "[2026-02-01T06:51:05.697+0530][gc,heap     ] GC(689) Eden regions: 918->0(918)\n", "Severity": "info", "Attributes": {"monitoring_services.filename": "/var/log/kafka/kafkaServer-gc.log"}}
{"Resource": {"service.name": "kafka"}, "Body": "[2026-02-01T06:51:05.697+0530][gc,heap     ] GC(689) Old regions: 8->8\n", "Severity": "info", "Attributes": {"monitoring_services.filename": "/var/log/kafka/kafkaServer-gc.log"}}
{"Resource": {"service.name": "kafka"}, "Body": "[2026-02-01T06:51:05.697+0530][gc,heap     ] GC(689) Humongous regions: 33->33\n", "Severity": "info", "Attributes": {"monitoring_services.filename": "/var/log/kafka/kafkaServer-gc.log"}}
{"Resource": {"service.name": "kafka"}, "Body": "[2026-02-01T06:51:05.697+0530][gc          ] GC(689) Pause Young (Normal) (G1 Evacuation Pause) 3847M->174M(6144M) 5.868ms\n", "Severity": "info", "Attributes": {"monitoring_services.filename": "/var/log/kafka/kafkaServer-gc.log"}}
{"Resource": {"service.name": "kafka"}, "Body": "[2026-02-01T06:53:52.953+0530][gc,start    ] GC(679) Pause Young (Normal) (G1 Evacuation Pause)\n", "Severity": "info", "Attributes": {"monitoring_services.filename": "/var/log/kafka/kafkaServer-gc.log"}}
{"Resource": {"service.name": "kafka"}, "Body": "[2026-02-01T06:53:52.953+0530][gc,task     ] GC(679) Using 33 workers of 33 for evacuation\n", "Severity": "info", "Attributes": {"monitoring_services.filename": "/var/log/kafka/kafkaServer-gc.log"}}
{"Resource": {"service.name": "kafka"}, "Body": "[2026-02-01T06:53:52.959+0530][gc,phases   ] GC(679)   Pre Evacuate Collection Set: 0.3ms\n", "Severity": "info", "Attributes": {"monitoring_services.filename": "/var/log/kafka/kafkaServer-gc.log"}}
{"Resource": {"service.name": "kafka"}, "Body": "[2026-02-01T06:53:52.959+0530][gc,phases   ] GC(679)   Evacuate Collection Set: 3.9ms\n", "Severity": "info", "Attributes": {"monitoring_services.filename": "/var/log/kafka/kafkaServer-gc.log"}}
{"Resource": {"service.name": "kafka"}, "Body": "[2026-02-01T06:53:52.959+0530][gc,phases   ] GC(679)   Other: 0.3ms\n", "Severity": "info", "Attributes": {"monitoring_services.filename": "/var/log/kafka/kafkaServer-gc.log"}}
{"Resource": {"service.name": "kafka"}, "Body": "[2026-02-01T06:53:52.959+0530][gc,heap     ] GC(679) Survivor regions: 3->3(116)\n", "Severity": "info", "Attributes": {"monitoring_services.filename": "/var/log/kafka/kafkaServer-gc.log"}}
{"Resource": {"service.name": "kafka"}, "Body": "[2026-02-01T06:53:52.959+0530][gc,heap     ] GC(679) Archive regions: 2->2\n", "Severity": "info", "Attributes": {"monitoring_services.filename": "/var/log/kafka/kafkaServer-gc.log"}}
{"Resource": {"service.name": "kafka"}, "Body": "[2026-02-01T06:53:52.959+0530][gc,metaspace] GC(679) Metaspace: 50667K(51456K)->50667K(51456K) NonClass: 45006K(45440K)->45006K(45440K) Class: 5661K(6016K)->5661K(6016K)\n", "Severity": "info", "Attributes": {"monitoring_services.filename": "/var/log/kafka/kafkaServer-gc.log"}}
{"Resource": {"service.name": "kafka"}, "Body": "[2026-02-01T06:53:52.959+0530][gc,cpu      ] GC(679) User=0.14s Sys=0.01s Real=0.01s\n", "Severity": "info", "Attributes": {"monitoring_services.filename": "/var/log/kafka/kafkaServer-gc.log"}}
{"Resource": {"service.name": "kafka"}, "Body": "[2026-02-01 06:54:51,728] TRACE [Controller id=1001] Checking need to trigger auto leader balancing (kafka.controller.KafkaController)\n", "Severity": "info", "Attributes": {"monitoring_services.filename": "/var/log/kafka/controller.log"}}
{"Resource": {"service.name": "kafka"}, "Body": "[2026-02-01 06:54:51,728] DEBUG [Controller id=1001] Topics not in preferred replica for broker 1001 HashMap() (kafka.controller.KafkaController)\n", "Severity": "debug", "Attributes": {"monitoring_services.filename": "/var/log/kafka/controller.log"}}
{"Resource": {"service.name": "kafka"}, "Body": "[2026-02-01 06:54:51,728] TRACE [Controller id=1001] Leader imbalance ratio for broker 1001 is 0.0 (kafka.controller.KafkaController)\n", "Severity": "info", "Attributes": {"monitoring_services.filename": "/var/log/kafka/controller.log"}}
{"Resource": {"service.name": "kafka"}, "Body": "[2026-02-01 06:54:51,728] DEBUG [Controller id=1001] Topics not in preferred replica for broker 1002 HashMap() (kafka.controller.KafkaController)\n", "Severity": "debug", "Attributes": {"monitoring_services.filename": "/var/log/kafka/controller.log"}}
{"Resource": {"service.name": "kafka"}, "Body": "[2026-02-01 06:54:51,728] TRACE [Controller id=1001] Leader imbalance ratio for broker 1002 is 0.0 (kafka.controller.KafkaController)\n", "Severity": "info", "Attributes": {"monitoring_services.filename": "/var/log/kafka/controller.log"}}
{"Resource": {"service.name": "kafka"}, "Body": "[2026-02-01 06:54:51,728] TRACE [Controller id=1001] Leader imbalance ratio for broker 1003 is 0.0 (kafka.controller.KafkaController)\n", "Severity": "info", "Attributes": {"monitoring_services.filename": "/var/log/kafka/controller.log"}}
{"Resource": {"service.name": "kafka"}, "Body": "[2026-02-01 06:54:51,728] TRACE [Controller id=1001] Leader imbalance ratio for broker 1004 is 0.0 (kafka.controller.KafkaController)\n", "Severity": "info", "Attributes": {"monitoring_services.filename": "/var/log/kafka/controller.log"}}
{"Resource": {"service.name": "opensearch"}, "Body": "[2026-02-01T06:55:46,267][INFO ][o.o.j.s.JobSweeper       ] [leader3] Running full sweep\n", "Severity": "info", "Attributes": {"monitoring_services.filename": "/var/log/opensearch/hpc_monitoring.log"}}
{"Resource": {"service.name": "opensearch"}, "Body": "[2026-02-01T06:56:00,036][INFO ][o.o.j.s.JobSweeper       ] [admin] Running full sweep\n", "Severity": "info", "Attributes": {"monitoring_services.filename": "/var/log/opensearch/hpc_monitoring.log"}}
{"Resource": {"service.name": "kafka"}, "Body": "[2026-02-01T06:57:05.463+0530][gc,start    ] GC(737) Pause Young (Normal) (G1 Evacuation Pause)\n", "Severity": "info", "Attributes": {"monitoring_services.filename": "/var/log/kafka/kafkaServer-gc.log"}}
{"Resource": {"service.name": "kafka"}, "Body": "[2026-02-01T06:57:05.463+0530][gc,task     ] GC(737) Using 33 workers of 33 for evacuation\n", "Severity": "info", "Attributes": {"monitoring_services.filename": "/var/log/kafka/kafkaServer-gc.log"}}
{"Resource": {"service.name": "kafka"}, "Body": "[2026-02-01T06:57:05.469+0530][gc,phases   ] GC(737)   Pre Evacuate Collection Set: 0.3ms\n", "Severity": "info", "Attributes": {"monitoring_services.filename": "/var/log/kafka/kafkaServer-gc.log"}}
{"Resource": {"service.name": "kafka"}, "Body": "[2026-02-01T06:57:05.469+0530][gc,phases   ] GC(737)   Other: 0.3ms\n", "Severity": "info", "Attributes": {"monitoring_services.filename": "/var/log/kafka/kafkaServer-gc.log"}}
{"Resource": {"service.name": "kafka"}, "Body": "[2026-02-01T06:57:05.469+0530][gc,heap     ] GC(737) Survivor regions: 3->3(116)\n", "Severity": "info", "Attributes": {"monitoring_services.filename": "/var/log/kafka/kafkaServer-gc.log"}}
{"Resource": {"service.name": "kafka"}, "Body": "[2026-02-01T06:57:05.469+0530][gc,heap     ] GC(737) Archive regions: 2->2\n", "Severity": "info", "Attributes": {"monitoring_services.filename": "/var/log/kafka/kafkaServer-gc.log"}}
{"Resource": {"service.name": "kafka"}, "Body": "[2026-02-01T06:57:05.469+0530][gc,metaspace] GC(737) Metaspace: 55247K(56192K)->55247K(56192K) NonClass: 48808K(49344K)->48808K(49344K) Class: 6438K(6848K)->6438K(6848K)\n", "Severity": "info", "Attributes": {"monitoring_services.filename": "/var/log/kafka/kafkaServer-gc.log"}}
{"Resource": {"service.name": "kafka"}, "Body": "[2026-02-01T06:57:05.469+0530][gc,cpu      ] GC(737) User=0.13s Sys=0.00s Real=0.01s\n", "Severity": "info", "Attributes": {"monitoring_services.filename": "/var/log/kafka/kafkaServer-gc.log"}}
{"Resource": {"service.name": "kafka"}, "Body": "[2026-02-01T06:57:48.489+0530][gc,heap     ] GC(669) Old regions: 8->8\n", "Severity": "info", "Attributes": {"monitoring_services.filename": "/var/log/kafka/kafkaServer-gc.log"}}
{"Resource": {"service.name": "kafka"}, "Body": "[2026-02-01T06:57:48.489+0530][gc,heap     ] GC(669) Archive regions: 2->2\n", "Severity": "info", "Attributes": {"monitoring_services.filename": "/var/log/kafka/kafkaServer-gc.log"}}
{"Resource": {"service.name": "kafka"}, "Body": "[2026-02-01T06:57:48.489+0530][gc,heap     ] GC(669) Humongous regions: 33->33\n", "Severity": "info", "Attributes": {"monitoring_services.filename": "/var/log/kafka/kafkaServer-gc.log"}}
{"Resource": {"service.name": "kafka"}, "Body": "[2026-02-01T06:57:48.489+0530][gc          ] GC(669) Pause Young (Normal) (G1 Evacuation Pause) 3845M->174M(6144M) 4.758ms\n", "Severity": "info", "Attributes": {"monitoring_services.filename": "/var/log/kafka/kafkaServer-gc.log"}}
{"Resource": {"service.name": "kafka"}, "Body": "[2026-02-01T06:57:48.490+0530][gc,cpu      ] GC(669) User=0.11s Sys=0.00s Real=0.00s\n", "Severity": "info", "Attributes": {"monitoring_services.filename": "/var/log/kafka/kafkaServer-gc.log"}}
{"Resource": {"service.name": "kafka"}, "Body": "[2026-02-01 06:59:51,728] INFO [Controller id=1001] Processing automatic preferred replica leader election (kafka.controller.KafkaController)\n", "Severity": "info", "Attributes": {"monitoring_services.filename": "/var/log/kafka/controller.log"}}
{"Resource": {"service.name": "kafka"}, "Body": "[2026-02-01 06:59:51,729] TRACE [Controller id=1001] Checking need to trigger auto leader balancing (kafka.controller.KafkaController)\n", "Severity": "info", "Attributes": {"monitoring_services.filename": "/var/log/kafka/controller.log"}}
{"Resource": {"service.name": "kafka"}, "Body": "[2026-02-01 06:59:51,729] DEBUG [Controller id=1001] Topics not in preferred replica for broker 1001 HashMap() (kafka.controller.KafkaController)\n", "Severity": "debug", "Attributes": {"monitoring_services.filename": "/var/log/kafka/controller.log"}}
{"Resource": {"service.name": "kafka"}, "Body": "[2026-02-01 06:59:51,729] TRACE [Controller id=1001] Leader imbalance ratio for broker 1001 is 0.0 (kafka.controller.KafkaController)\n", "Severity": "info", "Attributes": {"monitoring_services.filename": "/var/log/kafka/controller.log"}}
{"Resource": {"service.name": "kafka"}, "Body": "[2026-02-01 06:59:51,729] DEBUG [Controller id=1001] Topics not in preferred replica for broker 1002 HashMap() (kafka.controller.KafkaController)\n", "Severity": "debug", "Attributes": {"monitoring_services.filename": "/var/log/kafka/controller.log"}}
{"Resource": {"service.name": "kafka"}, "Body": "[2026-02-01 06:59:51,729] TRACE [Controller id=1001] Leader imbalance ratio for broker 1002 is 0.0 (kafka.controller.KafkaController)\n", "Severity": "info", "Attributes": {"monitoring_services.filename": "/var/log/kafka/controller.log"}}
{"Resource": {"service.name": "kafka"}, "Body": "[2026-02-01 06:59:51,729] DEBUG [Controller id=1001] Topics not in preferred replica for broker 1003 HashMap() (kafka.controller.KafkaController)\n", "Severity": "debug", "Attributes": {"monitoring_services.filename": "/var/log/kafka/controller.log"}}
{"Resource": {"service.name": "kafka"}, "Body": "[2026-02-01 06:59:51,729] DEBUG [Controller id=1001] Topics not in preferred replica for broker 1004 HashMap() (kafka.controller.KafkaController)\n", "Severity": "debug", "Attributes": {"monitoring_services.filename": "/var/log/kafka/controller.log"}}
{"Resource": {"service.name": "opensearch"}, "Body": "[2026-02-01T07:00:42,373][INFO ][o.o.j.s.JobSweeper       ] [leader1] Running full sweep\n", "Severity": "info", "Attributes": {"monitoring_services.filename": "/var/log/opensearch/hpc_monitoring.log"}}
{"Resource": {"service.name": "kafka"}, "Body": "[2026-02-01T07:00:48.646+0530][gc,start    ] GC(690) Pause Young (Normal) (G1 Evacuation Pause)\n", "Severity": "info", "Attributes": {"monitoring_services.filename": "/var/log/kafka/kafkaServer-gc.log"}}
{"Resource": {"service.name": "kafka"}, "Body": "[2026-02-01T07:00:48.646+0530][gc,task     ] GC(690) Using 33 workers of 33 for evacuation\n", "Severity": "info", "Attributes": {"monitoring_services.filename": "/var/log/kafka/kafkaServer-gc.log"}}
{"Resource": {"service.name": "kafka"}, "Body": "[2026-02-01T07:00:48.652+0530][gc,phases   ] GC(690)   Pre Evacuate Collection Set: 0.3ms\n", "Severity": "info", "Attributes": {"monitoring_services.filename": "/var/log/kafka/kafkaServer-gc.log"}}
{"Resource": {"service.name": "kafka"}, "Body": "[2026-02-01T07:00:48.652+0530][gc,phases   ] GC(690)   Merge Heap Roots: 0.4ms\n", "Severity": "info", "Attributes": {"monitoring_services.filename": "/var/log/kafka/kafkaServer-gc.log"}}
{"Resource": {"service.name": "kafka"}, "Body": "[2026-02-01T07:00:48.652+0530][gc,heap     ] GC(690) Humongous regions: 33->33\n", "Severity": "info", "Attributes": {"monitoring_services.filename": "/var/log/kafka/kafkaServer-gc.log"}}
{"Resource": {"service.name": "kafka"}, "Body": "[2026-02-01T07:00:48.652+0530][gc          ] GC(690) Pause Young (Normal) (G1 Evacuation Pause) 3846M->176M(6144M) 6.136ms\n", "Severity": "info", "Attributes": {"monitoring_services.filename": "/var/log/kafka/kafkaServer-gc.log"}}
{"Resource": {"service.name": "opensearch"}, "Body": "[2026-02-01T07:01:24,392][INFO ][o.o.j.s.JobSweeper       ] [leader2] Running full sweep\n", "Severity": "info", "Attributes": {"monitoring_services.filename": "/var/log/opensearch/hpc_monitoring.log"}}
{"Resource": {"service.name": "kafka"}, "Body": "[2026-02-01T07:03:52.916+0530][gc,cpu      ] GC(680) User=0.15s Sys=0.00s Real=0.00s\n", "Severity": "info", "Attributes": {"monitoring_services.filename": "/var/log/kafka/kafkaServer-gc.log"}}
{"Resource": {"service.name": "kafka"}, "Body": "[2026-02-01T07:03:52.916+0530][gc,phases   ] GC(680)   Pre Evacuate Collection Set: 0.3ms\n", "Severity": "info", "Attributes": {"monitoring_services.filename": "/var/log/kafka/kafkaServer-gc.log"}}
{"Resource": {"service.name": "kafka"}, "Body": "[2026-02-01T07:03:52.916+0530][gc,phases   ] GC(680)   Merge Heap Roots: 0.4ms\n", "Severity": "info", "Attributes": {"monitoring_services.filename": "/var/log/kafka/kafkaServer-gc.log"}}
{"Resource": {"service.name": "kafka"}, "Body": "[2026-02-01T07:03:52.916+0530][gc,phases   ] GC(680)   Evacuate Collection Set: 3.6ms\n", "Severity": "info", "Attributes": {"monitoring_services.filename": "/var/log/kafka/kafkaServer-gc.log"}}
{"Resource": {"service.name": "kafka"}, "Body": "[2026-02-01T07:03:52.916+0530][gc,phases   ] GC(680)   Other: 0.3ms\n", "Severity": "info", "Attributes": {"monitoring_services.filename": "/var/log/kafka/kafkaServer-gc.log"}}
{"Resource": {"service.name": "kafka"}, "Body": "[2026-02-01T07:03:52.916+0530][gc,heap     ] GC(680) Survivor regions: 3->3(116)\n", "Severity": "info", "Attributes": {"monitoring_services.filename": "/var/log/kafka/kafkaServer-gc.log"}}
{"Resource": {"service.name": "kafka"}, "Body": "[2026-02-01T07:03:52.916+0530][gc,heap     ] GC(680) Humongous regions: 33->33\n", "Severity": "info", "Attributes": {"monitoring_services.filename": "/var/log/kafka/kafkaServer-gc.log"}}
{"Resource": {"service.name": "kafka"}, "Body": "[2026-02-01T07:03:52.916+0530][gc          ] GC(680) Pause Young (Normal) (G1 Evacuation Pause) 3847M->175M(6144M) 5.851ms\n", "Severity": "info", "Attributes": {"monitoring_services.filename": "/var/log/kafka/kafkaServer-gc.log"}}
{"Resource": {"service.name": "kafka"}, "Body": "[2026-02-01 07:04:51,729] INFO [Controller id=1001] Processing automatic preferred replica leader election (kafka.controller.KafkaController)\n", "Severity": "info", "Attributes": {"monitoring_services.filename": "/var/log/kafka/controller.log"}}
{"Resource": {"service.name": "kafka"}, "Body": "[2026-02-01 07:04:51,730] TRACE [Controller id=1001] Checking need to trigger auto leader balancing (kafka.controller.KafkaController)\n", "Severity": "info", "Attributes": {"monitoring_services.filename": "/var/log/kafka/controller.log"}}
{"Resource": {"service.name": "kafka"}, "Body": "[2026-02-01 07:04:51,731] DEBUG [Controller id=1001] Topics not in preferred replica for broker 1001 HashMap() (kafka.controller.KafkaController)\n", "Severity": "debug", "Attributes": {"monitoring_services.filename": "/var/log/kafka/controller.log"}}
{"Resource": {"service.name": "kafka"}, "Body": "[2026-02-01 07:04:51,731] DEBUG [Controller id=1001] Topics not in preferred replica for broker 1003 HashMap() (kafka.controller.KafkaController)\n", "Severity": "debug", "Attributes": {"monitoring_services.filename": "/var/log/kafka/controller.log"}}
{"Resource": {"service.name": "opensearch"}, "Body": "[2026-02-01T07:05:46,264][INFO ][o.o.s.s.c.FlintStreamingJobHouseKeeperTask] [leader3] Starting housekeeping task for auto refresh streaming jobs.\n", "Severity": "info", "Attributes": {"monitoring_services.filename": "/var/log/opensearch/hpc_monitoring.log"}}
{"Resource": {"service.name": "opensearch"}, "Body": "[2026-02-01T07:05:46,264][INFO ][o.o.s.s.c.FlintStreamingJobHouseKeeperTask] [leader3] Finished housekeeping task for auto refresh streaming jobs.\n", "Severity": "info", "Attributes": {"monitoring_services.filename": "/var/log/opensearch/hpc_monitoring.log"}}
{"Resource": {"service.name": "opensearch"}, "Body": "[2026-02-01T07:05:46,268][INFO ][o.o.j.s.JobSweeper       ] [leader3] Running full sweep\n", "Severity": "info", "Attributes": {"monitoring_services.filename": "/var/log/opensearch/hpc_monitoring.log"}}
{"Resource": {"service.name": "opensearch"}, "Body": "[2026-02-01T07:06:00,038][INFO ][o.o.j.s.JobSweeper       ] [admin] Running full sweep\n", "Severity": "info", "Attributes": {"monitoring_services.filename": "/var/log/opensearch/hpc_monitoring.log"}}
{"Resource": {"service.name": "kafka"}, "Body": "[2026-02-01T07:08:08.512+0530][gc,phases   ] GC(670)   Post Evacuate Collection Set: 1.0ms\n", "Severity": "info", "Attributes": {"monitoring_services.filename": "/var/log/kafka/kafkaServer-gc.log"}}
{"Resource": {"service.name": "kafka"}, "Body": "[2026-02-01T07:08:08.512+0530][gc,phases   ] GC(670)   Other: 0.2ms\n", "Severity": "info", "Attributes": {"monitoring_services.filename": "/var/log/kafka/kafkaServer-gc.log"}}
{"Resource": {"service.name": "kafka"}, "Body": "[2026-02-01T07:08:08.512+0530][gc,heap     ] GC(670) Survivor regions: 3->2(116)\n", "Severity": "info", "Attributes": {"monitoring_services.filename": "/var/log/kafka/kafkaServer-gc.log"}}
{"Resource": {"service.name": "kafka"}, "Body": "[2026-02-01T07:08:08.512+0530][gc,heap     ] GC(670) Archive regions: 2->2\n", "Severity": "info", "Attributes": {"monitoring_services.filename": "/var/log/kafka/kafkaServer-gc.log"}}
{"Resource": {"service.name": "kafka"}, "Body": "[2026-02-01T07:08:08.512+0530][gc          ] GC(670) Pause Young (Normal) (G1 Evacuation Pause) 3846M->172M(6144M) 3.828ms\n", "Severity": "info", "Attributes": {"monitoring_services.filename": "/var/log/kafka/kafkaServer-gc.log"}}
{"Resource": {"service.name": "kafka"}, "Body": "[2026-02-01 07:09:51,732] TRACE [Controller id=1001] Leader imbalance ratio for broker 1001 is 0.0 (kafka.controller.KafkaController)\n", "Severity": "info", "Attributes": {"monitoring_services.filename": "/var/log/kafka/controller.log"}}
{"Resource": {"service.name": "kafka"}, "Body": "[2026-02-01 07:09:51,732] DEBUG [Controller id=1001] Topics not in preferred replica for broker 1002 HashMap() (kafka.controller.KafkaController)\n", "Severity": "debug", "Attributes": {"monitoring_services.filename": "/var/log/kafka/controller.log"}}
{"Resource": {"service.name": "kafka"}, "Body": "[2026-02-01 07:09:51,732] TRACE [Controller id=1001] Leader imbalance ratio for broker 1002 is 0.0 (kafka.controller.KafkaController)\n", "Severity": "info", "Attributes": {"monitoring_services.filename": "/var/log/kafka/controller.log"}}
{"Resource": {"service.name": "kafka"}, "Body": "[2026-02-01 07:09:51,731] INFO [Controller id=1001] Processing automatic preferred replica leader election (kafka.controller.KafkaController)\n", "Severity": "info", "Attributes": {"monitoring_services.filename": "/var/log/kafka/controller.log"}}
{"Resource": {"service.name": "kafka"}, "Body": "[2026-02-01T07:10:48.350+0530][gc,start    ] GC(691) Pause Young (Normal) (G1 Evacuation Pause)\n", "Severity": "info", "Attributes": {"monitoring_services.filename": "/var/log/kafka/kafkaServer-gc.log"}}
{"Resource": {"service.name": "kafka"}, "Body": "[2026-02-01T07:10:48.350+0530][gc,task     ] GC(691) Using 33 workers of 33 for evacuation\n", "Severity": "info", "Attributes": {"monitoring_services.filename": "/var/log/kafka/kafkaServer-gc.log"}}
{"Resource": {"service.name": "kafka"}, "Body": "[2026-02-01T07:10:48.356+0530][gc,phases   ] GC(691)   Pre Evacuate Collection Set: 0.3ms\n", "Severity": "info", "Attributes": {"monitoring_services.filename": "/var/log/kafka/kafkaServer-gc.log"}}
{"Resource": {"service.name": "kafka"}, "Body": "[2026-02-01T07:10:48.356+0530][gc,phases   ] GC(691)   Merge Heap Roots: 0.3ms\n", "Severity": "info", "Attributes": {"monitoring_services.filename": "/var/log/kafka/kafkaServer-gc.log"}}
{"Resource": {"service.name": "kafka"}, "Body": "[2026-02-01T07:10:48.356+0530][gc,phases   ] GC(691)   Evacuate Collection Set: 3.2ms\n", "Severity": "info", "Attributes": {"monitoring_services.filename": "/var/log/kafka/kafkaServer-gc.log"}}
{"Resource": {"service.name": "kafka"}, "Body": "[2026-02-01T07:10:48.356+0530][gc,heap     ] GC(691) Humongous regions: 33->33\n", "Severity": "info", "Attributes": {"monitoring_services.filename": "/var/log/kafka/kafkaServer-gc.log"}}
{"Resource": {"service.name": "kafka"}, "Body": "[2026-02-01T07:10:48.356+0530][gc          ] GC(691) Pause Young (Normal) (G1 Evacuation Pause) 3848M->174M(6144M) 5.517ms\n", "Severity": "info", "Attributes": {"monitoring_services.filename": "/var/log/kafka/kafkaServer-gc.log"}}
{"Resource": {"service.name": "opensearch"}, "Body": "[2026-02-01T07:11:24,394][INFO ][o.o.j.s.JobSweeper       ] [leader2] Running full sweep\n", "Severity": "info", "Attributes": {"monitoring_services.filename": "/var/log/opensearch/hpc_monitoring.log"}}
{"Resource": {"service.name": "kafka"}, "Body": "[2026-02-01T07:13:52.863+0530][gc,phases   ] GC(681)   Merge Heap Roots: 0.3ms\n", "Severity": "info", "Attributes": {"monitoring_services.filename": "/var/log/kafka/kafkaServer-gc.log"}}
{"Resource": {"service.name": "kafka"}, "Body": "[2026-02-01T07:13:52.863+0530][gc,phases   ] GC(681)   Post Evacuate Collection Set: 1.1ms\n", "Severity": "info", "Attributes": {"monitoring_services.filename": "/var/log/kafka/kafkaServer-gc.log"}}
{"Resource": {"service.name": "kafka"}, "Body": "[2026-02-01T07:13:52.863+0530][gc,heap     ] GC(681) Eden regions: 918->0(918)\n", "Severity": "info", "Attributes": {"monitoring_services.filename": "/var/log/kafka/kafkaServer-gc.log"}}
{"Resource": {"service.name": "kafka"}, "Body": "[2026-02-01T07:13:52.863+0530][gc,heap     ] GC(681) Survivor regions: 3->3(116)\n", "Severity": "info", "Attributes": {"monitoring_services.filename": "/var/log/kafka/kafkaServer-gc.log"}}
{"Resource": {"service.name": "kafka"}, "Body": "[2026-02-01T07:13:52.863+0530][gc,heap     ] GC(681) Archive regions: 2->2\n", "Severity": "info", "Attributes": {"monitoring_services.filename": "/var/log/kafka/kafkaServer-gc.log"}}
{"Resource": {"service.name": "kafka"}, "Body": "[2026-02-01T07:13:52.863+0530][gc,metaspace] GC(681) Metaspace: 50667K(51456K)->50667K(51456K) NonClass: 45006K(45440K)->45006K(45440K) Class: 5661K(6016K)->5661K(6016K)\n", "Severity": "info", "Attributes": {"monitoring_services.filename": "/var/log/kafka/kafkaServer-gc.log"}}
{"Resource": {"service.name": "kafka"}, "Body": "[2026-02-01T07:13:52.863+0530][gc,cpu      ] GC(681) User=0.13s Sys=0.00s Real=0.01s\n", "Severity": "info", "Attributes": {"monitoring_services.filename": "/var/log/kafka/kafkaServer-gc.log"}}
{"Resource": {"service.name": "kafka"}, "Body": "[2026-02-01 07:14:51,733] TRACE [Controller id=1001] Leader imbalance ratio for broker 1001 is 0.0 (kafka.controller.KafkaController)\n", "Severity": "info", "Attributes": {"monitoring_services.filename": "/var/log/kafka/controller.log"}}
{"Resource": {"service.name": "kafka"}, "Body": "[2026-02-01 07:14:51,733] DEBUG [Controller id=1001] Topics not in preferred replica for broker 1002 HashMap() (kafka.controller.KafkaController)\n", "Severity": "debug", "Attributes": {"monitoring_services.filename": "/var/log/kafka/controller.log"}}
{"Resource": {"service.name": "kafka"}, "Body": "[2026-02-01 07:14:51,733] TRACE [Controller id=1001] Leader imbalance ratio for broker 1002 is 0.0 (kafka.controller.KafkaController)\n", "Severity": "info", "Attributes": {"monitoring_services.filename": "/var/log/kafka/controller.log"}}
{"Resource": {"service.name": "kafka"}, "Body": "[2026-02-01 07:14:51,733] DEBUG [Controller id=1001] Topics not in preferred replica for broker 1003 HashMap() (kafka.controller.KafkaController)\n", "Severity": "debug", "Attributes": {"monitoring_services.filename": "/var/log/kafka/controller.log"}}
{"Resource": {"service.name": "kafka"}, "Body": "[2026-02-01 07:14:51,733] TRACE [Controller id=1001] Leader imbalance ratio for broker 1003 is 0.0 (kafka.controller.KafkaController)\n", "Severity": "info", "Attributes": {"monitoring_services.filename": "/var/log/kafka/controller.log"}}
{"Resource": {"service.name": "kafka"}, "Body": "[2026-02-01 07:14:51,733] TRACE [Controller id=1001] Leader imbalance ratio for broker 1004 is 0.0 (kafka.controller.KafkaController)\n", "Severity": "info", "Attributes": {"monitoring_services.filename": "/var/log/kafka/controller.log"}}
{"Resource": {"service.name": "kafka"}, "Body": "[2026-02-01T07:15:35.244+0530][gc,start    ] GC(739) Pause Young (Normal) (G1 Evacuation Pause)\n", "Severity": "info", "Attributes": {"monitoring_services.filename": "/var/log/kafka/kafkaServer-gc.log"}}
{"Resource": {"service.name": "kafka"}, "Body": "[2026-02-01T07:15:35.244+0530][gc,task     ] GC(739) Using 33 workers of 33 for evacuation\n", "Severity": "info", "Attributes": {"monitoring_services.filename": "/var/log/kafka/kafkaServer-gc.log"}}
{"Resource": {"service.name": "kafka"}, "Body": "[2026-02-01T07:15:35.249+0530][gc,phases   ] GC(739)   Pre Evacuate Collection Set: 0.3ms\n", "Severity": "info", "Attributes": {"monitoring_services.filename": "/var/log/kafka/kafkaServer-gc.log"}}
{"Resource": {"service.name": "kafka"}, "Body": "[2026-02-01T07:15:35.249+0530][gc,phases   ] GC(739)   Evacuate Collection Set: 2.8ms\n", "Severity": "info", "Attributes": {"monitoring_services.filename": "/var/log/kafka/kafkaServer-gc.log"}}
{"Resource": {"service.name": "kafka"}, "Body": "[2026-02-01T07:15:35.249+0530][gc,phases   ] GC(739)   Post Evacuate Collection Set: 1.3ms\n", "Severity": "info", "Attributes": {"monitoring_services.filename": "/var/log/kafka/kafkaServer-gc.log"}}
{"Resource": {"service.name": "kafka"}, "Body": "[2026-02-01T07:15:35.249+0530][gc,heap     ] GC(739) Eden regions: 918->0(918)\n", "Severity": "info", "Attributes": {"monitoring_services.filename": "/var/log/kafka/kafkaServer-gc.log"}}
{"Resource": {"service.name": "kafka"}, "Body": "[2026-02-01T07:15:35.249+0530][gc,heap     ] GC(739) Old regions: 10->10\n", "Severity": "info", "Attributes": {"monitoring_services.filename": "/var/log/kafka/kafkaServer-gc.log"}}
{"Resource": {"service.name": "kafka"}, "Body": "[2026-02-01T07:15:35.249+0530][gc,heap     ] GC(739) Humongous regions: 33->33\n", "Severity": "info", "Attributes": {"monitoring_services.filename": "/var/log/kafka/kafkaServer-gc.log"}}
{"Resource": {"service.name": "kafka"}, "Body": "[2026-02-01T07:15:35.249+0530][gc          ] GC(739) Pause Young (Normal) (G1 Evacuation Pause) 3853M->182M(6144M) 5.098ms\n", "Severity": "info", "Attributes": {"monitoring_services.filename": "/var/log/kafka/kafkaServer-gc.log"}}
{"Resource": {"service.name": "opensearch"}, "Body": "[2026-02-01T07:15:46,269][INFO ][o.o.j.s.JobSweeper       ] [leader3] Running full sweep\n", "Severity": "info", "Attributes": {"monitoring_services.filename": "/var/log/opensearch/hpc_monitoring.log"}}
{"Resource": {"service.name": "kafka"}, "Body": "[2026-02-01T07:18:18.075+0530][gc,start    ] GC(671) Pause Young (Normal) (G1 Evacuation Pause)\n", "Severity": "info", "Attributes": {"monitoring_services.filename": "/var/log/kafka/kafkaServer-gc.log"}}
{"Resource": {"service.name": "kafka"}, "Body": "[2026-02-01T07:18:18.075+0530][gc,task     ] GC(671) Using 33 workers of 33 for evacuation\n", "Severity": "info", "Attributes": {"monitoring_services.filename": "/var/log/kafka/kafkaServer-gc.log"}}
{"Resource": {"service.name": "kafka"}, "Body": "[2026-02-01T07:18:18.080+0530][gc,phases   ] GC(671)   Pre Evacuate Collection Set: 0.2ms\n", "Severity": "info", "Attributes": {"monitoring_services.filename": "/var/log/kafka/kafkaServer-gc.log"}}
{"Resource": {"service.name": "kafka"}, "Body": "[2026-02-01T07:18:18.080+0530][gc,phases   ] GC(671)   Merge Heap Roots: 0.3ms\n", "Severity": "info", "Attributes": {"monitoring_services.filename": "/var/log/kafka/kafkaServer-gc.log"}}
{"Resource": {"service.name": "kafka"}, "Body": "[2026-02-01T07:18:18.080+0530][gc,phases   ] GC(671)   Post Evacuate Collection Set: 1.2ms\n", "Severity": "info", "Attributes": {"monitoring_services.filename": "/var/log/kafka/kafkaServer-gc.log"}}
{"Resource": {"service.name": "kafka"}, "Body": "[2026-02-01T07:18:18.080+0530][gc,heap     ] GC(671) Survivor regions: 2->2(116)\n", "Severity": "info", "Attributes": {"monitoring_services.filename": "/var/log/kafka/kafkaServer-gc.log"}}
{"Resource": {"service.name": "kafka"}, "Body": "[2026-02-01T07:18:18.080+0530][gc,heap     ] GC(671) Archive regions: 2->2\n", "Severity": "info", "Attributes": {"monitoring_services.filename": "/var/log/kafka/kafkaServer-gc.log"}}
{"Resource": {"service.name": "kafka"}, "Body": "[2026-02-01T07:18:18.080+0530][gc,metaspace] GC(671) Metaspace: 50345K(51136K)->50345K(51136K) NonClass: 44716K(45120K)->44716K(45120K) Class: 5629K(6016K)->5629K(6016K)\n", "Severity": "info", "Attributes": {"monitoring_services.filename": "/var/log/kafka/kafkaServer-gc.log"}}
{"Resource": {"service.name": "kafka"}, "Body": "[2026-02-01T07:18:18.080+0530][gc,cpu      ] GC(671) User=0.11s Sys=0.00s Real=0.00s\n", "Severity": "info", "Attributes": {"monitoring_services.filename": "/var/log/kafka/kafkaServer-gc.log"}}
{"Resource": {"service.name": "kafka"}, "Body": "[2026-02-01 07:19:51,733] INFO [Controller id=1001] Processing automatic preferred replica leader election (kafka.controller.KafkaController)\n", "Severity": "info", "Attributes": {"monitoring_services.filename": "/var/log/kafka/controller.log"}}
{"Resource": {"service.name": "kafka"}, "Body": "[2026-02-01 07:19:51,734] TRACE [Controller id=1001] Leader imbalance ratio for broker 1001 is 0.0 (kafka.controller.KafkaController)\n", "Severity": "info", "Attributes": {"monitoring_services.filename": "/var/log/kafka/controller.log"}}
{"Resource": {"service.name": "kafka"}, "Body": "[2026-02-01 07:19:51,734] DEBUG [Controller id=1001] Topics not in preferred replica for broker 1002 HashMap() (kafka.controller.KafkaController)\n", "Severity": "debug", "Attributes": {"monitoring_services.filename": "/var/log/kafka/controller.log"}}
{"Resource": {"service.name": "kafka"}, "Body": "[2026-02-01 07:19:51,734] DEBUG [Controller id=1001] Topics not in preferred replica for broker 1003 HashMap() (kafka.controller.KafkaController)\n", "Severity": "debug", "Attributes": {"monitoring_services.filename": "/var/log/kafka/controller.log"}}
{"Resource": {"service.name": "kafka"}, "Body": "[2026-02-01 07:19:51,734] DEBUG [Controller id=1001] Topics not in preferred replica for broker 1004 HashMap() (kafka.controller.KafkaController)\n", "Severity": "debug", "Attributes": {"monitoring_services.filename": "/var/log/kafka/controller.log"}}
{"Resource": {"service.name": "kafka"}, "Body": "[2026-02-01T07:20:18.860+0530][gc,phases   ] GC(692)   Merge Heap Roots: 0.3ms\n", "Severity": "info", "Attributes": {"monitoring_services.filename": "/var/log/kafka/kafkaServer-gc.log"}}
{"Resource": {"service.name": "kafka"}, "Body": "[2026-02-01T07:20:18.860+0530][gc,phases   ] GC(692)   Post Evacuate Collection Set: 1.2ms\n", "Severity": "info", "Attributes": {"monitoring_services.filename": "/var/log/kafka/kafkaServer-gc.log"}}
{"Resource": {"service.name": "kafka"}, "Body": "[2026-02-01T07:20:18.860+0530][gc,heap     ] GC(692) Eden regions: 918->0(918)\n", "Severity": "info", "Attributes": {"monitoring_services.filename": "/var/log/kafka/kafkaServer-gc.log"}}
{"Resource": {"service.name": "kafka"}, "Body": "[2026-02-01T07:20:18.860+0530][gc,heap     ] GC(692) Old regions: 8->8\n", "Severity": "info", "Attributes": {"monitoring_services.filename": "/var/log/kafka/kafkaServer-gc.log"}}
{"Resource": {"service.name": "kafka"}, "Body": "[2026-02-01T07:20:18.860+0530][gc,heap     ] GC(692) Humongous regions: 33->33\n", "Severity": "info", "Attributes": {"monitoring_services.filename": "/var/log/kafka/kafkaServer-gc.log"}}
{"Resource": {"service.name": "kafka"}, "Body": "[2026-02-01T07:20:18.860+0530][gc          ] GC(692) Pause Young (Normal) (G1 Evacuation Pause) 3846M->177M(6144M) 5.536ms\n", "Severity": "info", "Attributes": {"monitoring_services.filename": "/var/log/kafka/kafkaServer-gc.log"}}
{"Resource": {"service.name": "opensearch"}, "Body": "[2026-02-01T07:20:42,376][INFO ][o.o.j.s.JobSweeper       ] [leader1] Running full sweep\n", "Severity": "info", "Attributes": {"monitoring_services.filename": "/var/log/opensearch/hpc_monitoring.log"}}
{"Resource": {"service.name": "opensearch"}, "Body": "[2026-02-01T07:20:46,265][INFO ][o.o.s.s.c.FlintStreamingJobHouseKeeperTask] [leader3] Finished housekeeping task for auto refresh streaming jobs.\n", "Severity": "info", "Attributes": {"monitoring_services.filename": "/var/log/opensearch/hpc_monitoring.log"}}
{"Resource": {"service.name": "opensearch"}, "Body": "[2026-02-01T07:20:46,270][INFO ][o.o.j.s.JobSweeper       ] [leader3] Running full sweep\n", "Severity": "info", "Attributes": {"monitoring_services.filename": "/var/log/opensearch/hpc_monitoring.log"}}
{"Resource": {"service.name": "opensearch"}, "Body": "[2026-02-01T07:21:24,395][INFO ][o.o.j.s.JobSweeper       ] [leader2] Running full sweep\n", "Severity": "info", "Attributes": {"monitoring_services.filename": "/var/log/opensearch/hpc_monitoring.log"}}
{"Resource": {"service.name": "kafka"}, "Body": "[2026-02-01T07:23:52.760+0530][gc,start    ] GC(682) Pause Young (Normal) (G1 Evacuation Pause)\n", "Severity": "info", "Attributes": {"monitoring_services.filename": "/var/log/kafka/kafkaServer-gc.log"}}
{"Resource": {"service.name": "kafka"}, "Body": "[2026-02-01T07:23:52.760+0530][gc,task     ] GC(682) Using 33 workers of 33 for evacuation\n", "Severity": "info", "Attributes": {"monitoring_services.filename": "/var/log/kafka/kafkaServer-gc.log"}}
{"Resource": {"service.name": "kafka"}, "Body": "[2026-02-01T07:23:52.765+0530][gc,phases   ] GC(682)   Pre Evacuate Collection Set: 0.3ms\n", "Severity": "info", "Attributes": {"monitoring_services.filename": "/var/log/kafka/kafkaServer-gc.log"}}
{"Resource": {"service.name": "kafka"}, "Body": "[2026-02-01T07:23:52.766+0530][gc          ] GC(682) Pause Young (Normal) (G1 Evacuation Pause) 3846M->174M(6144M) 5.427ms\n", "Severity": "info", "Attributes": {"monitoring_services.filename": "/var/log/kafka/kafkaServer-gc.log"}}
{"Resource": {"service.name": "kafka"}, "Body": "[2026-02-01T07:23:52.765+0530][gc,phases   ] GC(682)   Merge Heap Roots: 0.4ms\n", "Severity": "info", "Attributes": {"monitoring_services.filename": "/var/log/kafka/kafkaServer-gc.log"}}
{"Resource": {"service.name": "kafka"}, "Body": "[2026-02-01T07:23:52.765+0530][gc,phases   ] GC(682)   Evacuate Collection Set: 3.3ms\n", "Severity": "info", "Attributes": {"monitoring_services.filename": "/var/log/kafka/kafkaServer-gc.log"}}
{"Resource": {"service.name": "kafka"}, "Body": "[2026-02-01T07:23:52.765+0530][gc,phases   ] GC(682)   Post Evacuate Collection Set: 1.2ms\n", "Severity": "info", "Attributes": {"monitoring_services.filename": "/var/log/kafka/kafkaServer-gc.log"}}
{"Resource": {"service.name": "kafka"}, "Body": "[2026-02-01T07:23:52.765+0530][gc,phases   ] GC(682)   Other: 0.3ms\n", "Severity": "info", "Attributes": {"monitoring_services.filename": "/var/log/kafka/kafkaServer-gc.log"}}
{"Resource": {"service.name": "kafka"}, "Body": "[2026-02-01T07:23:52.765+0530][gc,heap     ] GC(682) Eden regions: 918->0(918)\n", "Severity": "info", "Attributes": {"monitoring_services.filename": "/var/log/kafka/kafkaServer-gc.log"}}
{"Resource": {"service.name": "kafka"}, "Body": "[2026-02-01T07:23:52.765+0530][gc,heap     ] GC(682) Survivor regions: 3->3(116)\n", "Severity": "info", "Attributes": {"monitoring_services.filename": "/var/log/kafka/kafkaServer-gc.log"}}
{"Resource": {"service.name": "kafka"}, "Body": "[2026-02-01T07:23:52.765+0530][gc,heap     ] GC(682) Old regions: 8->8\n", "Severity": "info", "Attributes": {"monitoring_services.filename": "/var/log/kafka/kafkaServer-gc.log"}}
{"Resource": {"service.name": "kafka"}, "Body": "[2026-02-01T07:23:52.765+0530][gc,heap     ] GC(682) Archive regions: 2->2\n", "Severity": "info", "Attributes": {"monitoring_services.filename": "/var/log/kafka/kafkaServer-gc.log"}}
{"Resource": {"service.name": "kafka"}, "Body": "[2026-02-01T07:23:52.765+0530][gc,heap     ] GC(682) Humongous regions: 33->33\n", "Severity": "info", "Attributes": {"monitoring_services.filename": "/var/log/kafka/kafkaServer-gc.log"}}
{"Resource": {"service.name": "kafka"}, "Body": "[2026-02-01T07:23:52.765+0530][gc,metaspace] GC(682) Metaspace: 50667K(51456K)->50667K(51456K) NonClass: 45006K(45440K)->45006K(45440K) Class: 5661K(6016K)->5661K(6016K)\n", "Severity": "info", "Attributes": {"monitoring_services.filename": "/var/log/kafka/kafkaServer-gc.log"}}
{"Resource": {"service.name": "kafka"}, "Body": "[2026-02-01T07:23:52.766+0530][gc,cpu      ] GC(682) User=0.13s Sys=0.00s Real=0.00s\n", "Severity": "info", "Attributes": {"monitoring_services.filename": "/var/log/kafka/kafkaServer-gc.log"}}
{"Resource": {"service.name": "kafka"}, "Body": "[2026-02-01T07:24:36.499+0530][gc,heap     ] GC(740) Eden regions: 918->0(918)\n", "Severity": "info", "Attributes": {"monitoring_services.filename": "/var/log/kafka/kafkaServer-gc.log"}}
{"Resource": {"service.name": "kafka"}, "Body": "[2026-02-01T07:24:36.499+0530][gc,heap     ] GC(740) Survivor regions: 3->3(116)\n", "Severity": "info", "Attributes": {"monitoring_services.filename": "/var/log/kafka/kafkaServer-gc.log"}}
{"Resource": {"service.name": "kafka"}, "Body": "[2026-02-01T07:24:36.499+0530][gc,heap     ] GC(740) Old regions: 10->10\n", "Severity": "info", "Attributes": {"monitoring_services.filename": "/var/log/kafka/kafkaServer-gc.log"}}
{"Resource": {"service.name": "kafka"}, "Body": "[2026-02-01T07:24:36.499+0530][gc,heap     ] GC(740) Archive regions: 2->2\n", "Severity": "info", "Attributes": {"monitoring_services.filename": "/var/log/kafka/kafkaServer-gc.log"}}
{"Resource": {"service.name": "kafka"}, "Body": "[2026-02-01 07:24:51,734] INFO [Controller id=1001] Processing automatic preferred replica leader election (kafka.controller.KafkaController)\n", "Severity": "info", "Attributes": {"monitoring_services.filename": "/var/log/kafka/controller.log"}}
{"Resource": {"service.name": "kafka"}, "Body": "[2026-02-01 07:24:51,734] TRACE [Controller id=1001] Checking need to trigger auto leader balancing (kafka.controller.KafkaController)\n", "Severity": "info", "Attributes": {"monitoring_services.filename": "/var/log/kafka/controller.log"}}
{"Resource": {"service.name": "kafka"}, "Body": "[2026-02-01 07:24:51,734] DEBUG [Controller id=1001] Topics not in preferred replica for broker 1001 HashMap() (kafka.controller.KafkaController)\n", "Severity": "debug", "Attributes": {"monitoring_services.filename": "/var/log/kafka/controller.log"}}
{"Resource": {"service.name": "kafka"}, "Body": "[2026-02-01 07:24:51,735] DEBUG [Controller id=1001] Topics not in preferred replica for broker 1003 HashMap() (kafka.controller.KafkaController)\n", "Severity": "debug", "Attributes": {"monitoring_services.filename": "/var/log/kafka/controller.log"}}
{"Resource": {"service.name": "kafka"}, "Body": "[2026-02-01 07:24:51,735] DEBUG [Controller id=1001] Topics not in preferred replica for broker 1004 HashMap() (kafka.controller.KafkaController)\n", "Severity": "debug", "Attributes": {"monitoring_services.filename": "/var/log/kafka/controller.log"}}
{"Resource": {"service.name": "opensearch"}, "Body": "[2026-02-01T07:25:42,377][INFO ][o.o.j.s.JobSweeper       ] [leader1] Running full sweep\n", "Severity": "info", "Attributes": {"monitoring_services.filename": "/var/log/opensearch/hpc_monitoring.log"}}
{"Resource": {"service.name": "opensearch"}, "Body": "[2026-02-01T07:26:00,040][INFO ][o.o.j.s.JobSweeper       ] [admin] Running full sweep\n", "Severity": "info", "Attributes": {"monitoring_services.filename": "/var/log/opensearch/hpc_monitoring.log"}}
{"Resource": {"service.name": "opensearch"}, "Body": "[2026-02-01T07:26:24,396][INFO ][o.o.j.s.JobSweeper       ] [leader2] Running full sweep\n", "Severity": "info", "Attributes": {"monitoring_services.filename": "/var/log/opensearch/hpc_monitoring.log"}}
{"Resource": {"service.name": "kafka"}, "Body": "[2026-02-01T07:28:18.253+0530][gc,heap     ] GC(672) Eden regions: 919->0(918)\n", "Severity": "info", "Attributes": {"monitoring_services.filename": "/var/log/kafka/kafkaServer-gc.log"}}
{"Resource": {"service.name": "kafka"}, "Body": "[2026-02-01T07:28:18.253+0530][gc,heap     ] GC(672) Old regions: 8->8\n", "Severity": "info", "Attributes": {"monitoring_services.filename": "/var/log/kafka/kafkaServer-gc.log"}}
{"Resource": {"service.name": "kafka"}, "Body": "[2026-02-01T07:28:18.253+0530][gc,heap     ] GC(672) Humongous regions: 33->33\n", "Severity": "info", "Attributes": {"monitoring_services.filename": "/var/log/kafka/kafkaServer-gc.log"}}
{"Resource": {"service.name": "kafka"}, "Body": "[2026-02-01T07:28:18.253+0530][gc          ] GC(672) Pause Young (Normal) (G1 Evacuation Pause) 3847M->172M(6144M) 4.381ms\n", "Severity": "info", "Attributes": {"monitoring_services.filename": "/var/log/kafka/kafkaServer-gc.log"}}
{"Resource": {"service.name": "kafka"}, "Body": "[2026-02-01 07:29:51,735] INFO [Controller id=1001] Processing automatic preferred replica leader election (kafka.controller.KafkaController)\n", "Severity": "info", "Attributes": {"monitoring_services.filename": "/var/log/kafka/controller.log"}}
{"Resource": {"service.name": "kafka"}, "Body": "[2026-02-01 07:29:51,735] DEBUG [Controller id=1001] Topics not in preferred replica for broker 1001 HashMap() (kafka.controller.KafkaController)\n", "Severity": "debug", "Attributes": {"monitoring_services.filename": "/var/log/kafka/controller.log"}}
{"Resource": {"service.name": "kafka"}, "Body": "[2026-02-01 07:29:51,735] DEBUG [Controller id=1001] Topics not in preferred replica for broker 1002 HashMap() (kafka.controller.KafkaController)\n", "Severity": "debug", "Attributes": {"monitoring_services.filename": "/var/log/kafka/controller.log"}}
{"Resource": {"service.name": "kafka"}, "Body": "[2026-02-01 07:29:51,735] DEBUG [Controller id=1001] Topics not in preferred replica for broker 1003 HashMap() (kafka.controller.KafkaController)\n", "Severity": "debug", "Attributes": {"monitoring_services.filename": "/var/log/kafka/controller.log"}}
{"Resource": {"service.name": "kafka"}, "Body": "[2026-02-01 07:29:51,735] DEBUG [Controller id=1001] Topics not in preferred replica for broker 1004 HashMap() (kafka.controller.KafkaController)\n", "Severity": "debug", "Attributes": {"monitoring_services.filename": "/var/log/kafka/controller.log"}}
{"Resource": {"service.name": "kafka"}, "Body": "[2026-02-01T07:30:18.532+0530][gc,phases   ] GC(693)   Merge Heap Roots: 0.4ms\n", "Severity": "info", "Attributes": {"monitoring_services.filename": "/var/log/kafka/kafkaServer-gc.log"}}
{"Resource": {"service.name": "kafka"}, "Body": "[2026-02-01T07:30:18.532+0530][gc,phases   ] GC(693)   Evacuate Collection Set: 3.3ms\n", "Severity": "info", "Attributes": {"monitoring_services.filename": "/var/log/kafka/kafkaServer-gc.log"}}
{"Resource": {"service.name": "kafka"}, "Body": "[2026-02-01T07:30:18.532+0530][gc,phases   ] GC(693)   Post Evacuate Collection Set: 1.2ms\n", "Severity": "info", "Attributes": {"monitoring_services.filename": "/var/log/kafka/kafkaServer-gc.log"}}
{"Resource": {"service.name": "kafka"}, "Body": "[2026-02-01T07:30:18.532+0530][gc,phases   ] GC(693)   Other: 0.3ms\n", "Severity": "info", "Attributes": {"monitoring_services.filename": "/var/log/kafka/kafkaServer-gc.log"}}
{"Resource": {"service.name": "kafka"}, "Body": "[2026-02-01T07:30:18.532+0530][gc,heap     ] GC(693) Eden regions: 918->0(918)\n", "Severity": "info", "Attributes": {"monitoring_services.filename": "/var/log/kafka/kafkaServer-gc.log"}}
{"Resource": {"service.name": "kafka"}, "Body": "[2026-02-01T07:30:18.532+0530][gc,heap     ] GC(693) Survivor regions: 3->3(116)\n", "Severity": "info", "Attributes": {"monitoring_services.filename": "/var/log/kafka/kafkaServer-gc.log"}}
{"Resource": {"service.name": "kafka"}, "Body": "[2026-02-01T07:30:18.532+0530][gc,heap     ] GC(693) Archive regions: 2->2\n", "Severity": "info", "Attributes": {"monitoring_services.filename": "/var/log/kafka/kafkaServer-gc.log"}}
{"Resource": {"service.name": "kafka"}, "Body": "[2026-02-01T07:30:18.532+0530][gc,heap     ] GC(693) Humongous regions: 33->33\n", "Severity": "info", "Attributes": {"monitoring_services.filename": "/var/log/kafka/kafkaServer-gc.log"}}
{"Resource": {"service.name": "kafka"}, "Body": "[2026-02-01T07:30:18.532+0530][gc,metaspace] GC(693) Metaspace: 51586K(52288K)->51586K(52288K) NonClass: 45777K(46144K)->45777K(46144K) Class: 5808K(6144K)->5808K(6144K)\n", "Severity": "info", "Attributes": {"monitoring_services.filename": "/var/log/kafka/kafkaServer-gc.log"}}
{"Resource": {"service.name": "kafka"}, "Body": "[2026-02-01T07:30:18.532+0530][gc,cpu      ] GC(693) User=0.13s Sys=0.00s Real=0.01s\n", "Severity": "info", "Attributes": {"monitoring_services.filename": "/var/log/kafka/kafkaServer-gc.log"}}
{"Resource": {"service.name": "opensearch"}, "Body": "[2026-02-01T07:30:42,378][INFO ][o.o.j.s.JobSweeper       ] [leader1] Running full sweep\n", "Severity": "info", "Attributes": {"monitoring_services.filename": "/var/log/opensearch/hpc_monitoring.log"}}
{"Resource": {"service.name": "opensearch"}, "Body": "[2026-02-01T07:30:46,271][INFO ][o.o.j.s.JobSweeper       ] [leader3] Running full sweep\n", "Severity": "info", "Attributes": {"monitoring_services.filename": "/var/log/opensearch/hpc_monitoring.log"}}
{"Resource": {"service.name": "opensearch"}, "Body": "[2026-02-01T07:31:00,041][INFO ][o.o.j.s.JobSweeper       ] [admin] Running full sweep\n", "Severity": "info", "Attributes": {"monitoring_services.filename": "/var/log/opensearch/hpc_monitoring.log"}}
{"Resource": {"service.name": "opensearch"}, "Body": "[2026-02-01T07:31:24,396][INFO ][o.o.j.s.JobSweeper       ] [leader2] Running full sweep\n", "Severity": "info", "Attributes": {"monitoring_services.filename": "/var/log/opensearch/hpc_monitoring.log"}}
{"Resource": {"service.name": "kafka"}, "Body": "[2026-02-01T07:33:52.725+0530][gc,start    ] GC(683) Pause Young (Normal) (G1 Evacuation Pause)\n", "Severity": "info", "Attributes": {"monitoring_services.filename": "/var/log/kafka/kafkaServer-gc.log"}}
{"Resource": {"service.name": "kafka"}, "Body": "[2026-02-01T07:33:52.725+0530][gc,task     ] GC(683) Using 33 workers of 33 for evacuation\n", "Severity": "info", "Attributes": {"monitoring_services.filename": "/var/log/kafka/kafkaServer-gc.log"}}
{"Resource": {"service.name": "kafka"}, "Body": "[2026-02-01T07:33:52.731+0530][gc,phases   ] GC(683)   Pre Evacuate Collection Set: 0.3ms\n", "Severity": "info", "Attributes": {"monitoring_services.filename": "/var/log/kafka/kafkaServer-gc.log"}}
{"Resource": {"service.name": "kafka"}, "Body": "[2026-02-01T07:33:52.731+0530][gc,phases   ] GC(683)   Merge Heap Roots: 0.3ms\n", "Severity": "info", "Attributes": {"monitoring_services.filename": "/var/log/kafka/kafkaServer-gc.log"}}
{"Resource": {"service.name": "kafka"}, "Body": "[2026-02-01T07:33:52.731+0530][gc,phases   ] GC(683)   Evacuate Collection Set: 3.6ms\n", "Severity": "info", "Attributes": {"monitoring_services.filename": "/var/log/kafka/kafkaServer-gc.log"}}
{"Resource": {"service.name": "kafka"}, "Body": "[2026-02-01T07:33:52.731+0530][gc,phases   ] GC(683)   Post Evacuate Collection Set: 1.2ms\n", "Severity": "info", "Attributes": {"monitoring_services.filename": "/var/log/kafka/kafkaServer-gc.log"}}
{"Resource": {"service.name": "kafka"}, "Body": "[2026-02-01T07:33:52.731+0530][gc,heap     ] GC(683) Old regions: 8->8\n", "Severity": "info", "Attributes": {"monitoring_services.filename": "/var/log/kafka/kafkaServer-gc.log"}}
{"Resource": {"service.name": "kafka"}, "Body": "[2026-02-01T07:33:52.731+0530][gc,heap     ] GC(683) Humongous regions: 33->33\n", "Severity": "info", "Attributes": {"monitoring_services.filename": "/var/log/kafka/kafkaServer-gc.log"}}
{"Resource": {"service.name": "kafka"}, "Body": "[2026-02-01T07:33:52.731+0530][gc          ] GC(683) Pause Young (Normal) (G1 Evacuation Pause) 3846M->173M(6144M) 5.895ms\n", "Severity": "info", "Attributes": {"monitoring_services.filename": "/var/log/kafka/kafkaServer-gc.log"}}
{"Resource": {"service.name": "kafka"}, "Body": "[2026-02-01T07:34:05.043+0530][gc,start    ] GC(741) Pause Young (Normal) (G1 Evacuation Pause)\n", "Severity": "info", "Attributes": {"monitoring_services.filename": "/var/log/kafka/kafkaServer-gc.log"}}
{"Resource": {"service.name": "kafka"}, "Body": "[2026-02-01T07:34:05.043+0530][gc,task     ] GC(741) Using 33 workers of 33 for evacuation\n", "Severity": "info", "Attributes": {"monitoring_services.filename": "/var/log/kafka/kafkaServer-gc.log"}}
{"Resource": {"service.name": "kafka"}, "Body": "[2026-02-01T07:34:05.047+0530][gc,phases   ] GC(741)   Pre Evacuate Collection Set: 0.2ms\n", "Severity": "info", "Attributes": {"monitoring_services.filename": "/var/log/kafka/kafkaServer-gc.log"}}
{"Resource": {"service.name": "kafka"}, "Body": "[2026-02-01T07:34:05.047+0530][gc,heap     ] GC(741) Old regions: 10->10\n", "Severity": "info", "Attributes": {"monitoring_services.filename": "/var/log/kafka/kafkaServer-gc.log"}}
{"Resource": {"service.name": "kafka"}, "Body": "[2026-02-01T07:34:05.047+0530][gc,heap     ] GC(741) Humongous regions: 33->33\n", "Severity": "info", "Attributes": {"monitoring_services.filename": "/var/log/kafka/kafkaServer-gc.log"}}
{"Resource": {"service.name": "kafka"}, "Body": "[2026-02-01T07:34:05.047+0530][gc          ] GC(741) Pause Young (Normal) (G1 Evacuation Pause) 3852M->182M(6144M) 4.514ms\n", "Severity": "info", "Attributes": {"monitoring_services.filename": "/var/log/kafka/kafkaServer-gc.log"}}
{"Resource": {"service.name": "kafka"}, "Body": "[2026-02-01 07:34:51,736] TRACE [Controller id=1001] Leader imbalance ratio for broker 1002 is 0.0 (kafka.controller.KafkaController)\n", "Severity": "info", "Attributes": {"monitoring_services.filename": "/var/log/kafka/controller.log"}}
{"Resource": {"service.name": "kafka"}, "Body": "[2026-02-01 07:34:51,736] DEBUG [Controller id=1001] Topics not in preferred replica for broker 1003 HashMap() (kafka.controller.KafkaController)\n", "Severity": "debug", "Attributes": {"monitoring_services.filename": "/var/log/kafka/controller.log"}}
{"Resource": {"service.name": "kafka"}, "Body": "[2026-02-01 07:34:51,736] TRACE [Controller id=1001] Leader imbalance ratio for broker 1003 is 0.0 (kafka.controller.KafkaController)\n", "Severity": "info", "Attributes": {"monitoring_services.filename": "/var/log/kafka/controller.log"}}
{"Resource": {"service.name": "kafka"}, "Body": "[2026-02-01 07:34:51,736] DEBUG [Controller id=1001] Topics not in preferred replica for broker 1004 HashMap() (kafka.controller.KafkaController)\n", "Severity": "debug", "Attributes": {"monitoring_services.filename": "/var/log/kafka/controller.log"}}
{"Resource": {"service.name": "kafka"}, "Body": "[2026-02-01 07:34:51,736] TRACE [Controller id=1001] Leader imbalance ratio for broker 1001 is 0.0 (kafka.controller.KafkaController)\n", "Severity": "info", "Attributes": {"monitoring_services.filename": "/var/log/kafka/controller.log"}}
{"Resource": {"service.name": "kafka"}, "Body": "[2026-02-01 07:34:51,736] DEBUG [Controller id=1001] Topics not in preferred replica for broker 1002 HashMap() (kafka.controller.KafkaController)\n", "Severity": "debug", "Attributes": {"monitoring_services.filename": "/var/log/kafka/controller.log"}}
{"Resource": {"service.name": "kafka"}, "Body": "[2026-02-01 07:34:51,736] TRACE [Controller id=1001] Leader imbalance ratio for broker 1004 is 0.0 (kafka.controller.KafkaController)\n", "Severity": "info", "Attributes": {"monitoring_services.filename": "/var/log/kafka/controller.log"}}
{"Resource": {"service.name": "opensearch"}, "Body": "[2026-02-01T07:35:42,379][INFO ][o.o.j.s.JobSweeper       ] [leader1] Running full sweep\n", "Severity": "info", "Attributes": {"monitoring_services.filename": "/var/log/opensearch/hpc_monitoring.log"}}
{"Resource": {"service.name": "opensearch"}, "Body": "[2026-02-01T07:36:00,042][INFO ][o.o.j.s.JobSweeper       ] [admin] Running full sweep\n", "Severity": "info", "Attributes": {"monitoring_services.filename": "/var/log/opensearch/hpc_monitoring.log"}}
{"Resource": {"service.name": "kafka"}, "Body": "[2026-02-01T07:38:18.422+0530][gc,start    ] GC(673) Pause Young (Normal) (G1 Evacuation Pause)\n", "Severity": "info", "Attributes": {"monitoring_services.filename": "/var/log/kafka/kafkaServer-gc.log"}}
{"Resource": {"service.name": "kafka"}, "Body": "[2026-02-01T07:38:18.422+0530][gc,task     ] GC(673) Using 33 workers of 33 for evacuation\n", "Severity": "info", "Attributes": {"monitoring_services.filename": "/var/log/kafka/kafkaServer-gc.log"}}
{"Resource": {"service.name": "kafka"}, "Body": "[2026-02-01T07:38:18.427+0530][gc,phases   ] GC(673)   Pre Evacuate Collection Set: 0.2ms\n", "Severity": "info", "Attributes": {"monitoring_services.filename": "/var/log/kafka/kafkaServer-gc.log"}}
{"Resource": {"service.name": "kafka"}, "Body": "[2026-02-01T07:38:18.427+0530][gc,phases   ] GC(673)   Merge Heap Roots: 0.3ms\n", "Severity": "info", "Attributes": {"monitoring_services.filename": "/var/log/kafka/kafkaServer-gc.log"}}
{"Resource": {"service.name": "kafka"}, "Body": "[2026-02-01T07:38:18.427+0530][gc,phases   ] GC(673)   Evacuate Collection Set: 3.2ms\n", "Severity": "info", "Attributes": {"monitoring_services.filename": "/var/log/kafka/kafkaServer-gc.log"}}
{"Resource": {"service.name": "kafka"}, "Body": "[2026-02-01T07:38:18.427+0530][gc,phases   ] GC(673)   Post Evacuate Collection Set: 1.1ms\n", "Severity": "info", "Attributes": {"monitoring_services.filename": "/var/log/kafka/kafkaServer-gc.log"}}
{"Resource": {"service.name": "kafka"}, "Body": "[2026-02-01T07:38:18.427+0530][gc,phases   ] GC(673)   Other: 0.3ms\n", "Severity": "info", "Attributes": {"monitoring_services.filename": "/var/log/kafka/kafkaServer-gc.log"}}
{"Resource": {"service.name": "kafka"}, "Body": "[2026-02-01T07:38:18.427+0530][gc,heap     ] GC(673) Humongous regions: 33->33\n", "Severity": "info", "Attributes": {"monitoring_services.filename": "/var/log/kafka/kafkaServer-gc.log"}}
{"Resource": {"service.name": "kafka"}, "Body": "[2026-02-01T07:38:18.427+0530][gc          ] GC(673) Pause Young (Normal) (G1 Evacuation Pause) 3844M->173M(6144M) 5.227ms\n", "Severity": "info", "Attributes": {"monitoring_services.filename": "/var/log/kafka/kafkaServer-gc.log"}}
{"Resource": {"service.name": "kafka"}, "Body": "[2026-02-01 07:39:51,736] INFO [Controller id=1001] Processing automatic preferred replica leader election (kafka.controller.KafkaController)\n", "Severity": "info", "Attributes": {"monitoring_services.filename": "/var/log/kafka/controller.log"}}
{"Resource": {"service.name": "kafka"}, "Body": "[2026-02-01 07:39:51,736] TRACE [Controller id=1001] Checking need to trigger auto leader balancing (kafka.controller.KafkaController)\n", "Severity": "info", "Attributes": {"monitoring_services.filename": "/var/log/kafka/controller.log"}}
{"Resource": {"service.name": "kafka"}, "Body": "[2026-02-01 07:39:51,737] DEBUG [Controller id=1001] Topics not in preferred replica for broker 1001 HashMap() (kafka.controller.KafkaController)\n", "Severity": "debug", "Attributes": {"monitoring_services.filename": "/var/log/kafka/controller.log"}}
{"Resource": {"service.name": "kafka"}, "Body": "[2026-02-01 07:39:51,737] TRACE [Controller id=1001] Leader imbalance ratio for broker 1004 is 0.0 (kafka.controller.KafkaController)\n", "Severity": "info", "Attributes": {"monitoring_services.filename": "/var/log/kafka/controller.log"}}
{"Resource": {"service.name": "kafka"}, "Body": "[2026-02-01T07:40:18.162+0530][gc,phases   ] GC(694)   Other: 0.3ms\n", "Severity": "info", "Attributes": {"monitoring_services.filename": "/var/log/kafka/kafkaServer-gc.log"}}
{"Resource": {"service.name": "kafka"}, "Body": "[2026-02-01T07:40:18.162+0530][gc,heap     ] GC(694) Eden regions: 918->0(918)\n", "Severity": "info", "Attributes": {"monitoring_services.filename": "/var/log/kafka/kafkaServer-gc.log"}}
{"Resource": {"service.name": "kafka"}, "Body": "[2026-02-01T07:40:18.162+0530][gc,heap     ] GC(694) Survivor regions: 3->3(116)\n", "Severity": "info", "Attributes": {"monitoring_services.filename": "/var/log/kafka/kafkaServer-gc.log"}}
{"Resource": {"service.name": "kafka"}, "Body": "[2026-02-01T07:40:18.162+0530][gc,heap     ] GC(694) Old regions: 8->8\n", "Severity": "info", "Attributes": {"monitoring_services.filename": "/var/log/kafka/kafkaServer-gc.log"}}
{"Resource": {"service.name": "kafka"}, "Body": "[2026-02-01T07:40:18.162+0530][gc,heap     ] GC(694) Archive regions: 2->2\n", "Severity": "info", "Attributes": {"monitoring_services.filename": "/var/log/kafka/kafkaServer-gc.log"}}
{"Resource": {"service.name": "kafka"}, "Body": "[2026-02-01T07:40:18.162+0530][gc          ] GC(694) Pause Young (Normal) (G1 Evacuation Pause) 3848M->174M(6144M) 5.132ms\n", "Severity": "info", "Attributes": {"monitoring_services.filename": "/var/log/kafka/kafkaServer-gc.log"}}
{"Resource": {"service.name": "opensearch"}, "Body": "[2026-02-01T07:41:00,043][INFO ][o.o.j.s.JobSweeper       ] [admin] Running full sweep\n", "Severity": "info", "Attributes": {"monitoring_services.filename": "/var/log/opensearch/hpc_monitoring.log"}}
{"Resource": {"service.name": "opensearch"}, "Body": "[2026-02-01T07:41:24,398][INFO ][o.o.j.s.JobSweeper       ] [leader2] Running full sweep\n", "Severity": "info", "Attributes": {"monitoring_services.filename": "/var/log/opensearch/hpc_monitoring.log"}}
{"Resource": {"service.name": "kafka"}, "Body": "[2026-02-01T07:43:05.362+0530][gc,start    ] GC(742) Pause Young (Normal) (G1 Evacuation Pause)\n", "Severity": "info", "Attributes": {"monitoring_services.filename": "/var/log/kafka/kafkaServer-gc.log"}}
{"Resource": {"service.name": "kafka"}, "Body": "[2026-02-01T07:43:05.363+0530][gc,task     ] GC(742) Using 33 workers of 33 for evacuation\n", "Severity": "info", "Attributes": {"monitoring_services.filename": "/var/log/kafka/kafkaServer-gc.log"}}
{"Resource": {"service.name": "kafka"}, "Body": "[2026-02-01T07:43:05.368+0530][gc,phases   ] GC(742)   Pre Evacuate Collection Set: 0.2ms\n", "Severity": "info", "Attributes": {"monitoring_services.filename": "/var/log/kafka/kafkaServer-gc.log"}}
{"Resource": {"service.name": "kafka"}, "Body": "[2026-02-01T07:43:05.368+0530][gc,phases   ] GC(742)   Merge Heap Roots: 0.3ms\n", "Severity": "info", "Attributes": {"monitoring_services.filename": "/var/log/kafka/kafkaServer-gc.log"}}
{"Resource": {"service.name": "kafka"}, "Body": "[2026-02-01T07:43:05.368+0530][gc,heap     ] GC(742) Archive regions: 2->2\n", "Severity": "info", "Attributes": {"monitoring_services.filename": "/var/log/kafka/kafkaServer-gc.log"}}
{"Resource": {"service.name": "kafka"}, "Body": "[2026-02-01T07:43:05.368+0530][gc,metaspace] GC(742) Metaspace: 55247K(56192K)->55247K(56192K) NonClass: 48808K(49344K)->48808K(49344K) Class: 6438K(6848K)->6438K(6848K)\n", "Severity": "info", "Attributes": {"monitoring_services.filename": "/var/log/kafka/kafkaServer-gc.log"}}
{"Resource": {"service.name": "kafka"}, "Body": "[2026-02-01T07:43:05.368+0530][gc          ] GC(742) Pause Young (Normal) (G1 Evacuation Pause) 3854M->183M(6144M) 5.253ms\n", "Severity": "info", "Attributes": {"monitoring_services.filename": "/var/log/kafka/kafkaServer-gc.log"}}
{"Resource": {"service.name": "kafka"}, "Body": "[2026-02-01T07:43:05.368+0530][gc,cpu      ] GC(742) User=0.12s Sys=0.00s Real=0.01s\n", "Severity": "info", "Attributes": {"monitoring_services.filename": "/var/log/kafka/kafkaServer-gc.log"}}
{"Resource": {"service.name": "kafka"}, "Body": "[2026-02-01 07:43:14,199] INFO zookeeper.snapshot.trust.empty : false (org.apache.zookeeper.server.persistence.FileTxnSnapLog)\n", "Severity": "info", "Attributes": {"monitoring_services.filename": "/var/log/kafka/server.log"}}
{"Resource": {"service.name": "kafka"}, "Body": "[2026-02-01 07:43:14,200] INFO Purge task completed. (org.apache.zookeeper.server.DatadirCleanupManager)\n", "Severity": "info", "Attributes": {"monitoring_services.filename": "/var/log/kafka/server.log"}}
{"Resource": {"service.name": "kafka"}, "Body": "[2026-02-01 07:43:15,386] INFO Purge task started. (org.apache.zookeeper.server.DatadirCleanupManager)\n", "Severity": "info", "Attributes": {"monitoring_services.filename": "/var/log/kafka/server.log"}}
{"Resource": {"service.name": "kafka"}, "Body": "[2026-02-01 07:43:15,386] INFO zookeeper.snapshot.trust.empty : false (org.apache.zookeeper.server.persistence.FileTxnSnapLog)\n", "Severity": "info", "Attributes": {"monitoring_services.filename": "/var/log/kafka/server.log"}}
{"Resource": {"service.name": "kafka"}, "Body": "[2026-02-01 07:43:15,386] INFO Purge task completed. (org.apache.zookeeper.server.DatadirCleanupManager)\n", "Severity": "info", "Attributes": {"monitoring_services.filename": "/var/log/kafka/server.log"}}
{"Resource": {"service.name": "kafka"}, "Body": "[2026-02-01T07:43:52.722+0530][gc,phases   ] GC(684)   Evacuate Collection Set: 2.8ms\n", "Severity": "info", "Attributes": {"monitoring_services.filename": "/var/log/kafka/kafkaServer-gc.log"}}
{"Resource": {"service.name": "kafka"}, "Body": "[2026-02-01T07:43:52.722+0530][gc,phases   ] GC(684)   Post Evacuate Collection Set: 1.0ms\n", "Severity": "info", "Attributes": {"monitoring_services.filename": "/var/log/kafka/kafkaServer-gc.log"}}
{"Resource": {"service.name": "kafka"}, "Body": "[2026-02-01T07:43:52.722+0530][gc,heap     ] GC(684) Eden regions: 918->0(918)\n", "Severity": "info", "Attributes": {"monitoring_services.filename": "/var/log/kafka/kafkaServer-gc.log"}}
{"Resource": {"service.name": "kafka"}, "Body": "[2026-02-01T07:43:52.722+0530][gc,heap     ] GC(684) Old regions: 8->8\n", "Severity": "info", "Attributes": {"monitoring_services.filename": "/var/log/kafka/kafkaServer-gc.log"}}
{"Resource": {"service.name": "kafka"}, "Body": "[2026-02-01T07:43:52.722+0530][gc,heap     ] GC(684) Humongous regions: 33->33\n", "Severity": "info", "Attributes": {"monitoring_services.filename": "/var/log/kafka/kafkaServer-gc.log"}}
{"Resource": {"service.name": "kafka"}, "Body": "[2026-02-01T07:43:52.722+0530][gc          ] GC(684) Pause Young (Normal) (G1 Evacuation Pause) 3845M->173M(6144M) 4.659ms\n", "Severity": "info", "Attributes": {"monitoring_services.filename": "/var/log/kafka/kafkaServer-gc.log"}}
{"Resource": {"service.name": "kafka"}, "Body": "[2026-02-01 07:44:51,737] INFO [Controller id=1001] Processing automatic preferred replica leader election (kafka.controller.KafkaController)\n", "Severity": "info", "Attributes": {"monitoring_services.filename": "/var/log/kafka/controller.log"}}
{"Resource": {"service.name": "kafka"}, "Body": "[2026-02-01 07:44:51,737] TRACE [Controller id=1001] Checking need to trigger auto leader balancing (kafka.controller.KafkaController)\n", "Severity": "info", "Attributes": {"monitoring_services.filename": "/var/log/kafka/controller.log"}}
{"Resource": {"service.name": "kafka"}, "Body": "[2026-02-01 07:44:51,738] DEBUG [Controller id=1001] Topics not in preferred replica for broker 1001 HashMap() (kafka.controller.KafkaController)\n", "Severity": "debug", "Attributes": {"monitoring_services.filename": "/var/log/kafka/controller.log"}}
{"Resource": {"service.name": "opensearch"}, "Body": "[2026-02-01T07:45:42,380][INFO ][o.o.j.s.JobSweeper       ] [leader1] Running full sweep\n", "Severity": "info", "Attributes": {"monitoring_services.filename": "/var/log/opensearch/hpc_monitoring.log"}}
{"Resource": {"service.name": "opensearch"}, "Body": "[2026-02-01T07:46:24,398][INFO ][o.o.j.s.JobSweeper       ] [leader2] Running full sweep\n", "Severity": "info", "Attributes": {"monitoring_services.filename": "/var/log/opensearch/hpc_monitoring.log"}}
{"Resource": {"service.name": "kafka"}, "Body": "[2026-02-01T07:48:23.483+0530][gc,heap     ] GC(674) Survivor regions: 3->2(116)\n", "Severity": "info", "Attributes": {"monitoring_services.filename": "/var/log/kafka/kafkaServer-gc.log"}}
{"Resource": {"service.name": "kafka"}, "Body": "[2026-02-01T07:48:23.483+0530][gc,heap     ] GC(674) Old regions: 8->8\n", "Severity": "info", "Attributes": {"monitoring_services.filename": "/var/log/kafka/kafkaServer-gc.log"}}
{"Resource": {"service.name": "kafka"}, "Body": "[2026-02-01T07:48:23.483+0530][gc,heap     ] GC(674) Archive regions: 2->2\n", "Severity": "info", "Attributes": {"monitoring_services.filename": "/var/log/kafka/kafkaServer-gc.log"}}
{"Resource": {"service.name": "kafka"}, "Body": "[2026-02-01T07:48:23.483+0530][gc,metaspace] GC(674) Metaspace: 50345K(51136K)->50345K(51136K) NonClass: 44716K(45120K)->44716K(45120K) Class: 5629K(6016K)->5629K(6016K)\n", "Severity": "info", "Attributes": {"monitoring_services.filename": "/var/log/kafka/kafkaServer-gc.log"}}
{"Resource": {"service.name": "kafka"}, "Body": "[2026-02-01T07:48:23.483+0530][gc,cpu      ] GC(674) User=0.07s Sys=0.00s Real=0.01s\n", "Severity": "info", "Attributes": {"monitoring_services.filename": "/var/log/kafka/kafkaServer-gc.log"}}
{"Resource": {"service.name": "kafka"}, "Body": "[2026-02-01T07:49:48.744+0530][gc,phases   ] GC(695)   Evacuate Collection Set: 4.6ms\n", "Severity": "info", "Attributes": {"monitoring_services.filename": "/var/log/kafka/kafkaServer-gc.log"}}
{"Resource": {"service.name": "kafka"}, "Body": "[2026-02-01T07:49:48.744+0530][gc,phases   ] GC(695)   Post Evacuate Collection Set: 1.2ms\n", "Severity": "info", "Attributes": {"monitoring_services.filename": "/var/log/kafka/kafkaServer-gc.log"}}
{"Resource": {"service.name": "kafka"}, "Body": "[2026-02-01T07:49:48.744+0530][gc,phases   ] GC(695)   Other: 0.2ms\n", "Severity": "info", "Attributes": {"monitoring_services.filename": "/var/log/kafka/kafkaServer-gc.log"}}
{"Resource": {"service.name": "kafka"}, "Body": "[2026-02-01T07:49:48.744+0530][gc,heap     ] GC(695) Eden regions: 918->0(918)\n", "Severity": "info", "Attributes": {"monitoring_services.filename": "/var/log/kafka/kafkaServer-gc.log"}}
{"Resource": {"service.name": "kafka"}, "Body": "[2026-02-01T07:49:48.744+0530][gc,heap     ] GC(695) Survivor regions: 3->3(116)\n", "Severity": "info", "Attributes": {"monitoring_services.filename": "/var/log/kafka/kafkaServer-gc.log"}}
{"Resource": {"service.name": "kafka"}, "Body": "[2026-02-01T07:49:48.744+0530][gc,heap     ] GC(695) Old regions: 8->8\n", "Severity": "info", "Attributes": {"monitoring_services.filename": "/var/log/kafka/kafkaServer-gc.log"}}
{"Resource": {"service.name": "kafka"}, "Body": "[2026-02-01T07:49:48.744+0530][gc,heap     ] GC(695) Archive regions: 2->2\n", "Severity": "info", "Attributes": {"monitoring_services.filename": "/var/log/kafka/kafkaServer-gc.log"}}
{"Resource": {"service.name": "kafka"}, "Body": "[2026-02-01T07:49:48.744+0530][gc,metaspace] GC(695) Metaspace: 51586K(52288K)->51586K(52288K) NonClass: 45777K(46144K)->45777K(46144K) Class: 5808K(6144K)->5808K(6144K)\n", "Severity": "info", "Attributes": {"monitoring_services.filename": "/var/log/kafka/kafkaServer-gc.log"}}
{"Resource": {"service.name": "kafka"}, "Body": "[2026-02-01T07:49:48.744+0530][gc,cpu      ] GC(695) User=0.17s Sys=0.00s Real=0.01s\n", "Severity": "info", "Attributes": {"monitoring_services.filename": "/var/log/kafka/kafkaServer-gc.log"}}
{"Resource": {"service.name": "kafka"}, "Body": "[2026-02-01 07:49:51,738] INFO [Controller id=1001] Processing automatic preferred replica leader election (kafka.controller.KafkaController)\n", "Severity": "info", "Attributes": {"monitoring_services.filename": "/var/log/kafka/controller.log"}}
{"Resource": {"service.name": "kafka"}, "Body": "[2026-02-01 07:49:51,738] TRACE [Controller id=1001] Checking need to trigger auto leader balancing (kafka.controller.KafkaController)\n", "Severity": "info", "Attributes": {"monitoring_services.filename": "/var/log/kafka/controller.log"}}
{"Resource": {"service.name": "kafka"}, "Body": "[2026-02-01 07:49:51,739] DEBUG [Controller id=1001] Topics not in preferred replica for broker 1001 HashMap() (kafka.controller.KafkaController)\n", "Severity": "debug", "Attributes": {"monitoring_services.filename": "/var/log/kafka/controller.log"}}
{"Resource": {"service.name": "opensearch"}, "Body": "[2026-02-01T07:50:45,951][INFO ][o.o.t.t.CronTransportAction] [leader1] Start running hourly cron.\n", "Severity": "info", "Attributes": {"monitoring_services.filename": "/var/log/opensearch/hpc_monitoring.log"}}
{"Resource": {"service.name": "opensearch"}, "Body": "[2026-02-01T07:50:46,266][INFO ][o.o.s.s.c.FlintStreamingJobHouseKeeperTask] [leader3] Finished housekeeping task for auto refresh streaming jobs.\n", "Severity": "info", "Attributes": {"monitoring_services.filename": "/var/log/opensearch/hpc_monitoring.log"}}
{"Resource": {"service.name": "opensearch"}, "Body": "[2026-02-01T07:50:45,950][INFO ][o.o.t.t.CronTransportAction] [leader3] Start running hourly cron.\n", "Severity": "info", "Attributes": {"monitoring_services.filename": "/var/log/opensearch/hpc_monitoring.log"}}
{"Resource": {"service.name": "opensearch"}, "Body": "[2026-02-01T07:50:45,952][INFO ][o.o.t.c.HourlyCron       ] [leader3] Hourly maintenance succeeds\n", "Severity": "info", "Attributes": {"monitoring_services.filename": "/var/log/opensearch/hpc_monitoring.log"}}
{"Resource": {"service.name": "opensearch"}, "Body": "[2026-02-01T07:50:46,266][INFO ][o.o.s.s.c.FlintStreamingJobHouseKeeperTask] [leader3] Starting housekeeping task for auto refresh streaming jobs.\n", "Severity": "info", "Attributes": {"monitoring_services.filename": "/var/log/opensearch/hpc_monitoring.log"}}
{"Resource": {"service.name": "opensearch"}, "Body": "[2026-02-01T07:50:46,273][INFO ][o.o.j.s.JobSweeper       ] [leader3] Running full sweep\n", "Severity": "info", "Attributes": {"monitoring_services.filename": "/var/log/opensearch/hpc_monitoring.log"}}
{"Resource": {"service.name": "opensearch"}, "Body": "[2026-02-01T07:50:45,951][INFO ][o.o.t.t.CronTransportAction] [leader2] Start running hourly cron.\n", "Severity": "info", "Attributes": {"monitoring_services.filename": "/var/log/opensearch/hpc_monitoring.log"}}
{"Resource": {"service.name": "opensearch"}, "Body": "[2026-02-01T07:50:45,951][INFO ][o.o.a.t.ADTaskManager    ] [admin] Start to maintain running historical tasks\n", "Severity": "info", "Attributes": {"monitoring_services.filename": "/var/log/opensearch/hpc_monitoring.log"}}
{"Resource": {"service.name": "opensearch"}, "Body": "[2026-02-01T07:51:24,399][INFO ][o.o.j.s.JobSweeper       ] [leader2] Running full sweep\n", "Severity": "info", "Attributes": {"monitoring_services.filename": "/var/log/opensearch/hpc_monitoring.log"}}
{"Resource": {"service.name": "kafka"}, "Body": "[2026-02-01T07:52:23.695+0530][gc,phases   ] GC(743)   Evacuate Collection Set: 2.9ms\n", "Severity": "info", "Attributes": {"monitoring_services.filename": "/var/log/kafka/kafkaServer-gc.log"}}
{"Resource": {"service.name": "kafka"}, "Body": "[2026-02-01T07:52:23.695+0530][gc,phases   ] GC(743)   Other: 0.4ms\n", "Severity": "info", "Attributes": {"monitoring_services.filename": "/var/log/kafka/kafkaServer-gc.log"}}
{"Resource": {"service.name": "kafka"}, "Body": "[2026-02-01T07:52:23.695+0530][gc,heap     ] GC(743) Survivor regions: 3->2(116)\n", "Severity": "info", "Attributes": {"monitoring_services.filename": "/var/log/kafka/kafkaServer-gc.log"}}
{"Resource": {"service.name": "kafka"}, "Body": "[2026-02-01T07:52:23.695+0530][gc,phases   ] GC(743)   Pre Evacuate Collection Set: 0.3ms\n", "Severity": "info", "Attributes": {"monitoring_services.filename": "/var/log/kafka/kafkaServer-gc.log"}}
{"Resource": {"service.name": "kafka"}, "Body": "[2026-02-01T07:52:23.695+0530][gc,heap     ] GC(743) Humongous regions: 33->33\n", "Severity": "info", "Attributes": {"monitoring_services.filename": "/var/log/kafka/kafkaServer-gc.log"}}
{"Resource": {"service.name": "kafka"}, "Body": "[2026-02-01T07:52:23.695+0530][gc          ] GC(743) Pause Young (Normal) (G1 Evacuation Pause) 3855M->180M(6144M) 5.585ms\n", "Severity": "info", "Attributes": {"monitoring_services.filename": "/var/log/kafka/kafkaServer-gc.log"}}
{"Resource": {"service.name": "kafka"}, "Body": "[2026-02-01T07:52:23.695+0530][gc,heap     ] GC(743) Eden regions: 918->0(919)\n", "Severity": "info", "Attributes": {"monitoring_services.filename": "/var/log/kafka/kafkaServer-gc.log"}}
{"Resource": {"service.name": "kafka"}, "Body": "[2026-02-01T07:52:23.695+0530][gc,heap     ] GC(743) Archive regions: 2->2\n", "Severity": "info", "Attributes": {"monitoring_services.filename": "/var/log/kafka/kafkaServer-gc.log"}}
{"Resource": {"service.name": "kafka"}, "Body": "[2026-02-01T07:52:23.695+0530][gc,metaspace] GC(743) Metaspace: 55247K(56192K)->55247K(56192K) NonClass: 48808K(49344K)->48808K(49344K) Class: 6438K(6848K)->6438K(6848K)\n", "Severity": "info", "Attributes": {"monitoring_services.filename": "/var/log/kafka/kafkaServer-gc.log"}}
{"Resource": {"service.name": "kafka"}, "Body": "[2026-02-01T07:53:52.656+0530][gc,cpu      ] GC(685) User=0.11s Sys=0.00s Real=0.00s\n", "Severity": "info", "Attributes": {"monitoring_services.filename": "/var/log/kafka/kafkaServer-gc.log"}}
{"Resource": {"service.name": "kafka"}, "Body": "[2026-02-01 07:54:51,739] TRACE [Controller id=1001] Leader imbalance ratio for broker 1001 is 0.0 (kafka.controller.KafkaController)\n", "Severity": "info", "Attributes": {"monitoring_services.filename": "/var/log/kafka/controller.log"}}
{"Resource": {"service.name": "kafka"}, "Body": "[2026-02-01 07:54:51,739] DEBUG [Controller id=1001] Topics not in preferred replica for broker 1002 HashMap() (kafka.controller.KafkaController)\n", "Severity": "debug", "Attributes": {"monitoring_services.filename": "/var/log/kafka/controller.log"}}
{"Resource": {"service.name": "kafka"}, "Body": "[2026-02-01 07:54:51,739] TRACE [Controller id=1001] Leader imbalance ratio for broker 1002 is 0.0 (kafka.controller.KafkaController)\n", "Severity": "info", "Attributes": {"monitoring_services.filename": "/var/log/kafka/controller.log"}}
{"Resource": {"service.name": "kafka"}, "Body": "[2026-02-01 07:54:51,739] DEBUG [Controller id=1001] Topics not in preferred replica for broker 1003 HashMap() (kafka.controller.KafkaController)\n", "Severity": "debug", "Attributes": {"monitoring_services.filename": "/var/log/kafka/controller.log"}}
{"Resource": {"service.name": "kafka"}, "Body": "[2026-02-01 07:54:51,739] DEBUG [Controller id=1001] Topics not in preferred replica for broker 1004 HashMap() (kafka.controller.KafkaController)\n", "Severity": "debug", "Attributes": {"monitoring_services.filename": "/var/log/kafka/controller.log"}}
{"Resource": {"service.name": "opensearch"}, "Body": "[2026-02-01T07:55:42,381][INFO ][o.o.j.s.JobSweeper       ] [leader1] Running full sweep\n", "Severity": "info", "Attributes": {"monitoring_services.filename": "/var/log/opensearch/hpc_monitoring.log"}}
{"Resource": {"service.name": "opensearch"}, "Body": "[2026-02-01T07:55:46,274][INFO ][o.o.j.s.JobSweeper       ] [leader3] Running full sweep\n", "Severity": "info", "Attributes": {"monitoring_services.filename": "/var/log/opensearch/hpc_monitoring.log"}}
{"Resource": {"service.name": "opensearch"}, "Body": "[2026-02-01T07:56:24,399][INFO ][o.o.j.s.JobSweeper       ] [leader2] Running full sweep\n", "Severity": "info", "Attributes": {"monitoring_services.filename": "/var/log/opensearch/hpc_monitoring.log"}}
{"Resource": {"service.name": "kafka"}, "Body": "[2026-02-01T07:58:48.040+0530][gc,start    ] GC(675) Pause Young (Normal) (G1 Evacuation Pause)\n", "Severity": "info", "Attributes": {"monitoring_services.filename": "/var/log/kafka/kafkaServer-gc.log"}}
{"Resource": {"service.name": "kafka"}, "Body": "[2026-02-01T07:58:48.045+0530][gc,heap     ] GC(675) Eden regions: 919->0(918)\n", "Severity": "info", "Attributes": {"monitoring_services.filename": "/var/log/kafka/kafkaServer-gc.log"}}
{"Resource": {"service.name": "kafka"}, "Body": "[2026-02-01T07:58:48.045+0530][gc,heap     ] GC(675) Old regions: 8->8\n", "Severity": "info", "Attributes": {"monitoring_services.filename": "/var/log/kafka/kafkaServer-gc.log"}}
{"Resource": {"service.name": "kafka"}, "Body": "[2026-02-01T07:58:48.045+0530][gc,heap     ] GC(675) Humongous regions: 33->33\n", "Severity": "info", "Attributes": {"monitoring_services.filename": "/var/log/kafka/kafkaServer-gc.log"}}
{"Resource": {"service.name": "kafka"}, "Body": "[2026-02-01T07:58:48.045+0530][gc          ] GC(675) Pause Young (Normal) (G1 Evacuation Pause) 3847M->172M(6144M) 4.970ms\n", "Severity": "info", "Attributes": {"monitoring_services.filename": "/var/log/kafka/kafkaServer-gc.log"}}
{"Resource": {"service.name": "kafka"}, "Body": "[2026-02-01T07:59:48.441+0530][gc,start    ] GC(696) Pause Young (Normal) (G1 Evacuation Pause)\n", "Severity": "info", "Attributes": {"monitoring_services.filename": "/var/log/kafka/kafkaServer-gc.log"}}
{"Resource": {"service.name": "kafka"}, "Body": "[2026-02-01T07:59:48.441+0530][gc,task     ] GC(696) Using 33 workers of 33 for evacuation\n", "Severity": "info", "Attributes": {"monitoring_services.filename": "/var/log/kafka/kafkaServer-gc.log"}}
{"Resource": {"service.name": "kafka"}, "Body": "[2026-02-01T07:59:48.446+0530][gc,phases   ] GC(696)   Pre Evacuate Collection Set: 0.3ms\n", "Severity": "info", "Attributes": {"monitoring_services.filename": "/var/log/kafka/kafkaServer-gc.log"}}
{"Resource": {"service.name": "kafka"}, "Body": "[2026-02-01T07:59:48.446+0530][gc,heap     ] GC(696) Survivor regions: 3->3(116)\n", "Severity": "info", "Attributes": {"monitoring_services.filename": "/var/log/kafka/kafkaServer-gc.log"}}
{"Resource": {"service.name": "kafka"}, "Body": "[2026-02-01T07:59:48.446+0530][gc,heap     ] GC(696) Archive regions: 2->2\n", "Severity": "info", "Attributes": {"monitoring_services.filename": "/var/log/kafka/kafkaServer-gc.log"}}
{"Resource": {"service.name": "kafka"}, "Body": "[2026-02-01T07:59:48.446+0530][gc,metaspace] GC(696) Metaspace: 51586K(52288K)->51586K(52288K) NonClass: 45777K(46144K)->45777K(46144K) Class: 5808K(6144K)->5808K(6144K)\n", "Severity": "info", "Attributes": {"monitoring_services.filename": "/var/log/kafka/kafkaServer-gc.log"}}
{"Resource": {"service.name": "kafka"}, "Body": "[2026-02-01T07:59:48.446+0530][gc,cpu      ] GC(696) User=0.13s Sys=0.00s Real=0.01s\n", "Severity": "info", "Attributes": {"monitoring_services.filename": "/var/log/kafka/kafkaServer-gc.log"}}
{"Resource": {"service.name": "opensearch"}, "Body": "[2026-02-01T08:00:42,382][INFO ][o.o.j.s.JobSweeper       ] [leader1] Running full sweep\n", "Severity": "info", "Attributes": {"monitoring_services.filename": "/var/log/opensearch/hpc_monitoring.log"}}
{"Resource": {"service.name": "opensearch"}, "Body": "[2026-02-01T08:01:24,400][INFO ][o.o.j.s.JobSweeper       ] [leader2] Running full sweep\n", "Severity": "info", "Attributes": {"monitoring_services.filename": "/var/log/opensearch/hpc_monitoring.log"}}
{"Resource": {"service.name": "kafka"}, "Body": "[2026-02-01T08:01:35.164+0530][gc,phases   ] GC(744)   Merge Heap Roots: 0.4ms\n", "Severity": "info", "Attributes": {"monitoring_services.filename": "/var/log/kafka/kafkaServer-gc.log"}}
{"Resource": {"service.name": "kafka"}, "Body": "[2026-02-01T08:01:35.164+0530][gc,phases   ] GC(744)   Evacuate Collection Set: 4.1ms\n", "Severity": "info", "Attributes": {"monitoring_services.filename": "/var/log/kafka/kafkaServer-gc.log"}}
{"Resource": {"service.name": "kafka"}, "Body": "[2026-02-01T08:01:35.164+0530][gc,phases   ] GC(744)   Post Evacuate Collection Set: 1.2ms\n", "Severity": "info", "Attributes": {"monitoring_services.filename": "/var/log/kafka/kafkaServer-gc.log"}}
{"Resource": {"service.name": "kafka"}, "Body": "[2026-02-01T08:01:35.164+0530][gc,phases   ] GC(744)   Other: 0.3ms\n", "Severity": "info", "Attributes": {"monitoring_services.filename": "/var/log/kafka/kafkaServer-gc.log"}}
{"Resource": {"service.name": "kafka"}, "Body": "[2026-02-01T08:01:35.164+0530][gc,heap     ] GC(744) Eden regions: 919->0(918)\n", "Severity": "info", "Attributes": {"monitoring_services.filename": "/var/log/kafka/kafkaServer-gc.log"}}
{"Resource": {"service.name": "kafka"}, "Body": "[2026-02-01T08:01:35.164+0530][gc,heap     ] GC(744) Survivor regions: 2->3(116)\n", "Severity": "info", "Attributes": {"monitoring_services.filename": "/var/log/kafka/kafkaServer-gc.log"}}
{"Resource": {"service.name": "kafka"}, "Body": "[2026-02-01T08:01:35.164+0530][gc,heap     ] GC(744) Old regions: 10->10\n", "Severity": "info", "Attributes": {"monitoring_services.filename": "/var/log/kafka/kafkaServer-gc.log"}}
{"Resource": {"service.name": "kafka"}, "Body": "[2026-02-01T08:01:35.164+0530][gc,heap     ] GC(744) Humongous regions: 33->33\n", "Severity": "info", "Attributes": {"monitoring_services.filename": "/var/log/kafka/kafkaServer-gc.log"}}
{"Resource": {"service.name": "kafka"}, "Body": "[2026-02-01T08:01:35.164+0530][gc,metaspace] GC(744) Metaspace: 55247K(56192K)->55247K(56192K) NonClass: 48808K(49344K)->48808K(49344K) Class: 6438K(6848K)->6438K(6848K)\n", "Severity": "info", "Attributes": {"monitoring_services.filename": "/var/log/kafka/kafkaServer-gc.log"}}
{"Resource": {"service.name": "kafka"}, "Body": "[2026-02-01T08:01:35.164+0530][gc          ] GC(744) Pause Young (Normal) (G1 Evacuation Pause) 3856M->182M(6144M) 6.359ms\n", "Severity": "info", "Attributes": {"monitoring_services.filename": "/var/log/kafka/kafkaServer-gc.log"}}
{"Resource": {"service.name": "kafka"}, "Body": "[2026-02-01T08:01:35.157+0530][gc,start    ] GC(744) Pause Young (Normal) (G1 Evacuation Pause)\n", "Severity": "info", "Attributes": {"monitoring_services.filename": "/var/log/kafka/kafkaServer-gc.log"}}
{"Resource": {"service.name": "kafka"}, "Body": "[2026-02-01T08:01:35.158+0530][gc,task     ] GC(744) Using 33 workers of 33 for evacuation\n", "Severity": "info", "Attributes": {"monitoring_services.filename": "/var/log/kafka/kafkaServer-gc.log"}}
{"Resource": {"service.name": "kafka"}, "Body": "[2026-02-01T08:01:35.164+0530][gc,phases   ] GC(744)   Pre Evacuate Collection Set: 0.3ms\n", "Severity": "info", "Attributes": {"monitoring_services.filename": "/var/log/kafka/kafkaServer-gc.log"}}
{"Resource": {"service.name": "kafka"}, "Body": "[2026-02-01T08:01:35.164+0530][gc,heap     ] GC(744) Archive regions: 2->2\n", "Severity": "info", "Attributes": {"monitoring_services.filename": "/var/log/kafka/kafkaServer-gc.log"}}
{"Resource": {"service.name": "kafka"}, "Body": "[2026-02-01T08:01:35.164+0530][gc,cpu      ] GC(744) User=0.15s Sys=0.00s Real=0.01s\n", "Severity": "info", "Attributes": {"monitoring_services.filename": "/var/log/kafka/kafkaServer-gc.log"}}
{"Resource": {"service.name": "kafka"}, "Body": "[2026-02-01T08:03:52.611+0530][gc,task     ] GC(686) Using 33 workers of 33 for evacuation\n", "Severity": "info", "Attributes": {"monitoring_services.filename": "/var/log/kafka/kafkaServer-gc.log"}}
{"Resource": {"service.name": "kafka"}, "Body": "[2026-02-01T08:03:52.615+0530][gc,phases   ] GC(686)   Pre Evacuate Collection Set: 0.2ms\n", "Severity": "info", "Attributes": {"monitoring_services.filename": "/var/log/kafka/kafkaServer-gc.log"}}
{"Resource": {"service.name": "kafka"}, "Body": "[2026-02-01T08:03:52.615+0530][gc,phases   ] GC(686)   Merge Heap Roots: 0.3ms\n", "Severity": "info", "Attributes": {"monitoring_services.filename": "/var/log/kafka/kafkaServer-gc.log"}}
{"Resource": {"service.name": "kafka"}, "Body": "[2026-02-01T08:03:52.615+0530][gc,phases   ] GC(686)   Evacuate Collection Set: 2.6ms\n", "Severity": "info", "Attributes": {"monitoring_services.filename": "/var/log/kafka/kafkaServer-gc.log"}}
{"Resource": {"service.name": "kafka"}, "Body": "[2026-02-01T08:03:52.615+0530][gc,phases   ] GC(686)   Post Evacuate Collection Set: 1.1ms\n", "Severity": "info", "Attributes": {"monitoring_services.filename": "/var/log/kafka/kafkaServer-gc.log"}}
{"Resource": {"service.name": "kafka"}, "Body": "[2026-02-01T08:03:52.615+0530][gc,phases   ] GC(686)   Other: 0.2ms\n", "Severity": "info", "Attributes": {"monitoring_services.filename": "/var/log/kafka/kafkaServer-gc.log"}}
{"Resource": {"service.name": "kafka"}, "Body": "[2026-02-01T08:03:52.615+0530][gc,heap     ] GC(686) Eden regions: 918->0(919)\n", "Severity": "info", "Attributes": {"monitoring_services.filename": "/var/log/kafka/kafkaServer-gc.log"}}
{"Resource": {"service.name": "kafka"}, "Body": "[2026-02-01T08:03:52.615+0530][gc,heap     ] GC(686) Survivor regions: 3->2(116)\n", "Severity": "info", "Attributes": {"monitoring_services.filename": "/var/log/kafka/kafkaServer-gc.log"}}
{"Resource": {"service.name": "kafka"}, "Body": "[2026-02-01T08:03:52.615+0530][gc,heap     ] GC(686) Old regions: 8->8\n", "Severity": "info", "Attributes": {"monitoring_services.filename": "/var/log/kafka/kafkaServer-gc.log"}}
{"Resource": {"service.name": "kafka"}, "Body": "[2026-02-01T08:03:52.615+0530][gc,heap     ] GC(686) Humongous regions: 33->33\n", "Severity": "info", "Attributes": {"monitoring_services.filename": "/var/log/kafka/kafkaServer-gc.log"}}
{"Resource": {"service.name": "kafka"}, "Body": "[2026-02-01T08:03:52.615+0530][gc,metaspace] GC(686) Metaspace: 50667K(51456K)->50667K(51456K) NonClass: 45006K(45440K)->45006K(45440K) Class: 5661K(6016K)->5661K(6016K)\n", "Severity": "info", "Attributes": {"monitoring_services.filename": "/var/log/kafka/kafkaServer-gc.log"}}
{"Resource": {"service.name": "kafka"}, "Body": "[2026-02-01T08:03:52.615+0530][gc          ] GC(686) Pause Young (Normal) (G1 Evacuation Pause) 3845M->173M(6144M) 4.569ms\n", "Severity": "info", "Attributes": {"monitoring_services.filename": "/var/log/kafka/kafkaServer-gc.log"}}
{"Resource": {"service.name": "kafka"}, "Body": "[2026-02-01 08:04:51,741] DEBUG [Controller id=1001] Topics not in preferred replica for broker 1001 HashMap() (kafka.controller.KafkaController)\n", "Severity": "debug", "Attributes": {"monitoring_services.filename": "/var/log/kafka/controller.log"}}
{"Resource": {"service.name": "opensearch"}, "Body": "[2026-02-01T08:05:46,267][INFO ][o.o.s.s.c.FlintStreamingJobHouseKeeperTask] [leader3] Finished housekeeping task for auto refresh streaming jobs.\n", "Severity": "info", "Attributes": {"monitoring_services.filename": "/var/log/opensearch/hpc_monitoring.log"}}
{"Resource": {"service.name": "opensearch"}, "Body": "[2026-02-01T08:06:24,401][INFO ][o.o.j.s.JobSweeper       ] [leader2] Running full sweep\n", "Severity": "info", "Attributes": {"monitoring_services.filename": "/var/log/opensearch/hpc_monitoring.log"}}
